data/category_day_data.csv
category,date,sales,oos_loss_share,avg_discount_pct,base_price,final_price,temperature,precipitation,holiday_flag,days_to_holiday,days_from_holiday,holiday_name,promo_intensity,promo_flag
Bakery,2022-01-01,23405.48,0.0,0.15632476834981507,5.7651494436345665,4.748868444483941,23.4,0.0,1,0,0,New_Year,0.4504073405031642,1
Bakery,2022-01-02,9753.27,0.004479482265947728,0.17616687834536937,5.8389593951567,4.602574972291345,28.2,0.0,1,-148,1,Memorial_Day,0.5291445843291532,1
Bakery,2022-01-03,5839.01,0.027072868517094503,0.0861797049398764,5.389317127389746,5.138531788779262,39.2,0.0,1,-147,2,Memorial_Day,0.2875590211354322,1
Bakery,2022-01-04,6428.15,0.005983373132238669,0.14643922263479703,5.713868655834104,4.907384986349106,31.3,0.0,1,-146,3,Memorial_Day,0.4531692633183731,1
Bakery,2022-01-05,5152.1,0.0,0.0,5.634588032064595,5.634588032064595,44.0,0.0,1,-145,4,Memorial_Day,0.0,0
Bakery,2022-01-06,5541.0599999999995,0.017992382323959676,0.0,5.679008583195274,5.679008583195274,35.4,0.0,1,-144,5,Memorial_Day,0.0,0
Bakery,2022-01-07,6334.94,0.016498883967330395,0.0,5.431547023334081,5.431547023334081,37.0,0.0,1,-143,6,Memorial_Day,0.0,0
Bakery,2022-01-08,10628.81,0.022833421615401913,0.22655409706453025,5.695226906869161,4.409617492456823,43.8,0.0,1,-142,7,Memorial_Day,0.5372501719383449,1
Bakery,2022-01-09,10260.12,0.03178642647454416,0.0,5.565390921353748,5.565390921353748,21.5,0.0,0,-141,8,Memorial_Day,0.0,0
Bakery,2022-01-10,8866.4,0.03277266985473247,0.12141819011523237,5.524020075791753,4.881678336190562,36.8,0.0,0,-140,9,Memorial_Day,0.3468420102860236,1
Bakery,2022-01-11,7277.58,0.0,0.0,5.826664742950268,5.826664742950268,30.4,0.0,0,-139,10,Memorial_Day,0.0,0
Bakery,2022-01-12,8160.55,0.0,0.035792500074932024,5.554124991575322,5.395206291242624,26.8,0.0,0,-138,11,Memorial_Day,0.16728284245547173,0
Bakery,2022-01-13,7680.65,0.0,0.0,5.629226406619232,5.629226406619232,30.2,0.0,0,-137,12,Memorial_Day,0.0,0
Bakery,2022-01-14,11132.09,0.016472625535726,0.1413813578582279,5.241599681641095,4.851387133952386,40.0,0.0,0,-136,13,Memorial_Day,0.2827627157164557,1
Bakery,2022-01-15,13667.07,0.0,0.12393036693307345,5.862660767816365,4.997626806623511,23.3,0.38,0,-135,14,Memorial_Day,0.2478607338661469,1
Bakery,2022-01-16,11120.6,0.029346968688739813,0.04259734039740092,5.962680466881283,5.546504451198676,37.8,0.0,0,-134,15,Memorial_Day,0.19003471035735484,0
Bakery,2022-01-17,7393.01,0.018248275059820022,0.0,5.743862540426701,5.743862540426701,47.8,0.22000000000000003,0,-133,16,Memorial_Day,0.0,0
Bakery,2022-01-18,7299.36,0.008903140823305056,0.02443159400276189,5.60608702680783,5.536701299839986,32.1,0.0,0,-132,17,Memorial_Day,0.12849208697748843,0
Bakery,2022-01-19,9154.62,0.0,0.14041980677103816,6.11645876071317,4.920554288435784,43.8,0.16,0,-131,18,Memorial_Day,0.34193227026353906,1
Bakery,2022-01-20,7717.8099999999995,0.0,0.0,5.625205971642214,5.625205971642214,26.7,0.0,0,-130,19,Memorial_Day,0.0,0
Bakery,2022-01-21,9746.71,0.0,0.02235551499110853,5.5146150239414125,5.44397159656951,51.2,0.0,0,-129,20,Memorial_Day,0.10091918195986134,0
Bakery,2022-01-22,12589.24,0.0,0.0775334477399658,5.998720836206158,5.336142475637926,33.4,0.0,0,-128,21,Memorial_Day,0.33593370211386864,1
Bakery,2022-01-23,11509.59,0.047695316688083585,0.13159069958182698,5.168506610574312,4.805316279728469,33.7,0.0,0,-127,22,Memorial_Day,0.26318139916365396,1
Bakery,2022-01-24,8304.52,0.023542694821615216,0.10334432333235394,5.456179092831374,4.997330297235722,41.8,0.0,0,-126,23,Memorial_Day,0.20668864666470788,1
Bakery,2022-01-25,8471.81,0.0,0.10756518801094901,5.336014818557073,4.970138164099525,40.3,0.0,0,-125,24,Memorial_Day,0.28642639530395514,1
Bakery,2022-01-26,7881.62,0.0,0.037657626149853025,5.449714056247319,5.3209249748148215,34.4,0.0,0,-124,25,Memorial_Day,0.14975474585174114,0
Bakery,2022-01-27,8345.43,0.0,0.021667342622158536,5.606924124940236,5.538455322254215,25.3,0.0,0,-123,26,Memorial_Day,0.1037406101303348,0
Bakery,2022-01-28,11306.01,0.013099330356155712,0.1175013889731625,5.693050952546478,5.066063182325154,27.7,0.0,0,-122,27,Memorial_Day,0.4025947261677638,1
Bakery,2022-01-29,12916.53,0.0,0.05569351012699621,5.4292109722967385,5.203301289123316,41.6,0.0,0,-121,28,Memorial_Day,0.3804791224887799,1
Bakery,2022-01-30,13653.98,0.0,0.17579080696694063,5.918610807984192,4.796233881988988,33.6,0.0,0,-120,29,Memorial_Day,0.45208942740504965,1
Bakery,2022-01-31,8166.25,0.0,0.04025182175342898,5.675087488137149,5.409425464564518,40.5,0.0,0,-119,30,Memorial_Day,0.13485381907240165,0
Bakery,2022-02-01,8220.44,0.0,0.0392409714779174,5.713812715621062,5.439910734705198,43.2,0.0,0,-118,31,Memorial_Day,0.1755781928947842,0
Bakery,2022-02-02,8864.27,0.058536075728740214,0.16399489185234656,5.355708704721314,4.709982435101819,32.9,0.0,0,-117,32,Memorial_Day,0.3279897837046931,1
Bakery,2022-02-03,7786.74,0.031238401436287845,0.016235519890467478,5.313738689104811,5.262434446250935,42.8,0.17,0,-116,33,Memorial_Day,0.09161471938192363,0
Bakery,2022-02-04,11381.11,0.0,0.07191701474701559,5.841634181551712,5.316850078770875,39.3,0.35,0,-115,34,Memorial_Day,0.36250594186331553,1
Bakery,2022-02-05,15845.43,0.0,0.20469992884171118,5.614827600134549,4.432163759519305,50.4,0.0,0,-114,35,Memorial_Day,0.6446944008461746,1
Bakery,2022-02-06,14318.76,0.0,0.1970069980553665,5.139974103902853,4.389695301827813,39.6,0.0,0,-113,36,Memorial_Day,0.5137120812137363,1
Bakery,2022-02-07,7681.530000000001,0.0,0.0,5.6041210019358125,5.6041210019358125,43.4,0.0,0,-112,37,Memorial_Day,0.0,0
Bakery,2022-02-08,7750.4,0.01867523224607762,0.05845010527281595,5.523944235136251,5.324044875103221,29.1,0.0,0,-111,38,Memorial_Day,0.15991948802642444,0
Bakery,2022-02-09,7833.51,0.05766285866744283,0.02851303370653605,5.749141291707039,5.550120316435417,45.4,0.0,0,-110,39,Memorial_Day,0.12757754825103945,0
Bakery,2022-02-10,8539.47,0.0,0.03460648381024,5.716591380963924,5.488188587816339,34.2,0.0,0,-109,40,Memorial_Day,0.11477527293848448,0
Bakery,2022-02-11,10479.78,0.04149774804432917,0.07986611698366168,5.612599882821967,5.371851136187973,36.2,0.07,0,-108,41,Memorial_Day,0.1965938216260265,0
Bakery,2022-02-12,11061.95,0.046971158792075536,0.02766259178600584,5.376084614376308,5.253262706846442,38.7,0.0,0,-107,42,Memorial_Day,0.14978281406081206,0
Bakery,2022-02-13,14293.59,0.015171336941943905,0.22864102972948103,5.898004658032026,4.429202789502147,34.0,0.0,0,-106,43,Memorial_Day,0.5025896223412033,1
Bakery,2022-02-14,8549.65,0.0,0.028810414925051216,5.545101963238262,5.417183720971034,59.8,0.0,0,-105,44,Memorial_Day,0.1405694969969531,0
Bakery,2022-02-15,8897.82,0.014819227631037712,0.11657855519666616,5.29340809321834,4.8947094344457405,36.8,0.0,0,-104,45,Memorial_Day,0.2331571103933323,1
Bakery,2022-02-16,7320.64,0.0,0.0,5.519552129322026,5.519552129322026,39.7,0.0,0,-103,46,Memorial_Day,0.0,0
Bakery,2022-02-17,9489.31,0.0,0.09348542465439962,5.62317548905031,5.026631156532982,42.8,0.0,0,-102,47,Memorial_Day,0.3014328755199272,1
Bakery,2022-02-18,9538.08,0.0,0.0,5.584774053058896,5.584774053058896,47.0,0.0,0,-101,48,Memorial_Day,0.0,0
Bakery,2022-02-19,13660.09,0.0,0.0850296772186904,5.291815200339091,5.057133291215505,49.3,0.0,0,-100,49,Memorial_Day,0.23947133584039343,1
Bakery,2022-02-20,12116.01,0.0,0.038458235042754224,5.8437968357569865,5.627584138672715,46.4,0.0,0,-99,50,Memorial_Day,0.21221837882273123,1
Bakery,2022-02-21,8158.4,0.0,0.0,5.607001127672093,5.607001127672093,37.4,0.0,0,-98,51,Memorial_Day,0.0,0
Bakery,2022-02-22,7250.08,0.019068562002074456,0.0,5.708167206430827,5.708167206430827,41.9,0.0,0,-97,52,Memorial_Day,0.0,0
Bakery,2022-02-23,8653.11,0.010550712980650889,0.07415346757285853,5.633106617158456,5.238042969521942,44.1,0.0,0,-96,53,Memorial_Day,0.34337018713503004,1
Bakery,2022-02-24,8410.1,0.0015891808658636637,0.0,5.703142102947647,5.703142102947647,47.4,0.0,0,-95,54,Memorial_Day,0.0,0
Bakery,2022-02-25,11882.81,0.0,0.09106427046423073,6.069333162778838,5.355904234772752,41.0,0.0,0,-94,55,Memorial_Day,0.324892849418614,1
Bakery,2022-02-26,15678.17,0.02225266979500796,0.22199599966031017,5.285243449968971,4.329582597969023,37.9,0.0,0,-93,56,Memorial_Day,0.6061166577476835,1
Bakery,2022-02-27,12317.47,0.026660286568589167,0.11479767995882123,5.3834912689050585,4.819063005633462,45.1,0.0,0,-92,57,Memorial_Day,0.3298907973796567,1
Bakery,2022-02-28,10985.86,0.0,0.19732616939153694,5.854304205587911,4.510343104681836,49.2,0.4600000000000001,0,-91,58,Memorial_Day,0.47938076764131343,1
Bakery,2022-03-01,7601.06,0.0,0.0,5.561225342254895,5.561225342254895,44.9,0.0,0,-90,59,Memorial_Day,0.0,0
Bakery,2022-03-02,8508.09,0.008194553654227919,0.028887493115887092,5.639193320710054,5.559463839710205,41.3,0.0,0,-89,60,Memorial_Day,0.1661030854163508,0
Bakery,2022-03-03,8447.69,0.016027527051773915,0.0394987537744315,5.549002709616475,5.288310934705226,61.6,0.0,0,-88,61,Memorial_Day,0.1323308502087553,0
Bakery,2022-03-04,10295.460000000001,0.0,0.0,5.658135314012195,5.658135314012195,31.9,0.0,0,-87,62,Memorial_Day,0.0,0
Bakery,2022-03-05,12154.64,0.03642872680721107,0.0,5.654192242633266,5.654192242633266,51.9,0.33,0,-86,63,Memorial_Day,0.0,0
Bakery,2022-03-06,13801.31,0.02466482167272527,0.2043837142995846,5.22971467201302,4.451991934099009,39.7,0.0,0,-85,64,Memorial_Day,0.4775742302723437,1
Bakery,2022-03-07,8880.0,0.0,0.027198445155681986,5.55021528153153,5.457196599099098,48.9,0.27,0,-84,65,Memorial_Day,0.15765878378378378,0
Bakery,2022-03-08,7626.26,0.01698787085675023,0.0,5.6827948299690805,5.6827948299690805,45.3,0.0,0,-83,66,Memorial_Day,0.0,0
Bakery,2022-03-09,8659.49,0.02370957181081103,0.0844859223811102,5.378424653183965,5.111449138459656,38.6,0.0,0,-82,67,Memorial_Day,0.1689718447622204,0
Bakery,2022-03-10,9362.59,0.0278590165755416,0.10176177764606746,5.888219947685416,5.189362110270769,36.2,0.62,0,-81,68,Memorial_Day,0.3250959403327498,1
Bakery,2022-03-11,11102.09,0.0,0.032931675255308795,5.613802500249953,5.5202765425248765,21.6,0.0,0,-80,69,Memorial_Day,0.12989716350705138,0
Bakery,2022-03-12,13947.970000000001,0.05876324655129025,0.10220914566859648,5.94152841596304,5.08675891187033,47.7,0.0,0,-79,70,Memorial_Day,0.37862929157432945,1
Bakery,2022-03-13,13516.26,0.0,0.10857653199654613,5.557030398941721,4.8843598081126,37.4,0.07,0,-78,71,Memorial_Day,0.3045228487762147,1
Bakery,2022-03-14,9290.39,0.0,0.08335387427223184,5.78331546899538,5.23317989879865,36.8,0.33,0,-77,72,Memorial_Day,0.16670774854446369,0
Bakery,2022-03-15,10448.4,0.0,0.1324644260725066,5.915239385934688,5.049069819302478,57.7,0.0,0,-76,73,Memorial_Day,0.4456730217066728,1
Bakery,2022-03-16,9419.380000000001,0.0,0.10955280130254479,5.434331760689132,4.992278621310532,52.8,0.0,0,-75,74,Memorial_Day,0.38924748762657413,1
Bakery,2022-03-17,9233.25,0.0,0.0,5.769344542820784,5.769344542820784,42.1,0.0,0,-74,75,Memorial_Day,0.0,0
Bakery,2022-03-18,10100.33,0.03979923923277754,0.0,5.6465335687051805,5.6465335687051805,44.5,0.0,0,-73,76,Memorial_Day,0.0,0
Bakery,2022-03-19,11737.49,0.028232202966733087,0.0,5.524844323616037,5.524844323616037,54.7,0.2,0,-72,77,Memorial_Day,0.0,0
Bakery,2022-03-20,13960.16,0.007501346689436225,0.09328581053951937,5.890551598262483,5.2077723894282,55.7,0.0,0,-71,78,Memorial_Day,0.40391370872540144,1
Bakery,2022-03-21,8955.53,0.005344973440991208,0.027019791576160673,5.641735184852265,5.521767310254111,50.9,0.0,0,-70,79,Memorial_Day,0.14810848715821398,0
Bakery,2022-03-22,8487.8,0.0,0.025219712857027583,5.655260503310634,5.488810398454253,55.3,0.0,0,-69,80,Memorial_Day,0.12238978298263391,0
Bakery,2022-03-23,9005.529999999999,0.0,0.023519124704330725,5.563955991485231,5.497161677324931,56.7,0.45,0,-68,81,Memorial_Day,0.12602700784962131,0
Bakery,2022-03-24,9313.51,0.0,0.0,5.589854705690978,5.589854705690978,55.2,0.0,0,-67,82,Memorial_Day,0.0,0
Bakery,2022-03-25,11121.66,0.0072754633750717074,0.02091220835776211,5.759352722525235,5.559641132708607,48.4,0.0,0,-66,83,Memorial_Day,0.151296658951991,0
Bakery,2022-03-26,17395.49,0.016114037029138013,0.24040110396430345,5.076538539586986,4.063880419580018,49.9,0.0,0,-65,84,Memorial_Day,0.4808022079286068,1
Bakery,2022-03-27,12433.86,0.0,0.029254441551588226,5.664428238696591,5.5345385182075395,54.8,0.0,0,-64,85,Memorial_Day,0.15649363914343573,0
Bakery,2022-03-28,7983.33,0.035286785088428016,0.0,5.37853464656979,5.37853464656979,63.4,0.0,0,-63,86,Memorial_Day,0.0,0
Bakery,2022-03-29,7787.19,0.021906310235142584,0.03181445860677967,5.507021711297657,5.39821626286247,49.7,0.68,0,-62,87,Memorial_Day,0.16239619169430822,0
Bakery,2022-03-30,9651.64,0.0338419957644504,0.06949469580363933,5.4726684273346295,5.226377050946782,65.6,0.4600000000000001,0,-61,88,Memorial_Day,0.34545009967218004,1
Bakery,2022-03-31,9819.23,0.0,0.062005344292994986,5.302063155664955,5.090004878182912,65.7,0.0,0,-60,89,Memorial_Day,0.19104349322706568,0
Bakery,2022-04-01,12057.37,0.0,0.08541245512918837,6.110672343968876,5.383026016453007,58.8,0.53,0,-59,90,Memorial_Day,0.36921899220145016,1
Bakery,2022-04-02,13027.24,0.07602125929974422,0.07849578780974963,5.476332592321936,5.077841883622317,68.7,0.0,0,-58,91,Memorial_Day,0.38879916237054046,1
Bakery,2022-04-03,12446.75,0.020666737100046198,0.032704286457492016,5.555938208769358,5.463058035230081,40.2,0.28,0,-57,92,Memorial_Day,0.11466688091268805,0
Bakery,2022-04-04,9424.67,0.0,0.028200579651573295,5.438723573345271,5.302232767831657,53.5,0.0,0,-56,93,Memorial_Day,0.14835957121045087,0
Bakery,2022-04-05,9488.75,0.040535202213147145,0.0659836600850779,5.61725114477671,5.250655565801607,46.8,0.4600000000000001,0,-55,94,Memorial_Day,0.2947142668950073,1
Bakery,2022-04-06,9071.5,0.010795019566775064,0.01193267626382326,5.79588251116133,5.717126847820096,59.2,0.09,0,-54,95,Memorial_Day,0.09844457917654191,0
Bakery,2022-04-07,8947.13,0.009159871377749065,0.0,5.574135080187724,5.574135080187724,62.9,0.0,0,-53,96,Memorial_Day,0.0,0
Bakery,2022-04-08,10600.92,0.022310339102643923,0.0,5.471041569976945,5.471041569976945,63.4,0.0,0,-52,97,Memorial_Day,0.0,0
Bakery,2022-04-09,16011.48,0.0,0.11691178443900231,5.936161485384237,5.016823953813138,53.9,0.37,0,-51,98,Memorial_Day,0.43647807697976704,1
Bakery,2022-04-10,14341.57,0.0,0.10465098269850469,5.45584936656168,4.912005366218621,59.7,0.0,0,-50,99,Memorial_Day,0.263429317710683,1
Bakery,2022-04-11,10012.66,0.0,0.034289463464755074,5.749812627213948,5.5104721722299566,68.4,0.0,0,-49,100,Memorial_Day,0.16854961618590866,0
Bakery,2022-04-12,9806.75,0.01469708517092819,0.12223874975449867,5.296021403625055,4.888275259387667,50.4,0.23000000000000004,0,-48,101,Memorial_Day,0.3236638029928366,1
Bakery,2022-04-13,9248.9,0.0,0.07055595800581692,5.727687260106608,5.262017937268216,56.0,0.0,0,-47,102,Memorial_Day,0.14111191601163384,0
Bakery,2022-04-14,8901.720000000001,0.0,0.0,5.6562282682447895,5.6562282682447895,37.6,0.18,0,-46,103,Memorial_Day,0.0,0
Bakery,2022-04-15,14091.59,0.020189914693799632,0.2121062988633646,5.910105105243624,4.694007525055725,67.6,0.0,0,-45,104,Memorial_Day,0.4242125977267292,1
Bakery,2022-04-16,18195.19,0.0,0.23024956635956223,6.162241927674292,4.353581682851346,73.0,0.0,0,-44,105,Memorial_Day,0.5047004180775249,1
Bakery,2022-04-17,16458.98,0.04992748578587495,0.21439988172076638,6.017841324310499,4.647284764912528,54.9,0.0,0,-43,106,Memorial_Day,0.6238509312241707,1
Bakery,2022-04-18,10538.86,0.0,0.07276819689620578,5.656142599863741,5.148220585528224,58.7,0.0,0,-42,107,Memorial_Day,0.2098851298907092,1
Bakery,2022-04-19,8462.78,0.023422799600131397,0.0,5.626121487265414,5.626121487265414,61.3,0.37,0,-41,108,Memorial_Day,0.0,0
Bakery,2022-04-20,10736.15,0.0,0.1296023555476492,5.668394359244235,4.975731803300066,60.7,0.04,0,-40,109,Memorial_Day,0.356074570493147,1
Bakery,2022-04-21,9950.47,0.0,0.0,5.704015549014268,5.704015549014268,60.9,0.0,0,-39,110,Memorial_Day,0.0,0
Bakery,2022-04-22,11288.55,0.015664700072197047,0.0,5.6362652865071246,5.6362652865071246,49.4,0.0,0,-38,111,Memorial_Day,0.0,0
Bakery,2022-04-23,13451.9,0.0,0.02821522828146001,5.791001650324489,5.521546220236546,63.5,0.0,0,-37,112,Memorial_Day,0.15397453147882456,0
Bakery,2022-04-24,16228.2,0.0,0.14979727412571586,5.4009043824946685,4.717055267990288,60.3,0.0,0,-36,113,Memorial_Day,0.34675872863287366,1
Bakery,2022-04-25,9875.09,0.0,0.022689370675587642,5.550403621637879,5.485965808919211,78.2,0.35,0,-35,114,Memorial_Day,0.12391887061282479,0
Bakery,2022-04-26,9484.03,0.05315954082810789,0.12041167932383089,5.601769964877799,4.685753651137755,62.9,0.0,0,-34,115,Memorial_Day,0.26796836365975224,1
Bakery,2022-04-27,10259.25,0.0,0.10142363652683917,5.556240699856228,5.074424836123499,62.8,0.0,0,-33,116,Memorial_Day,0.2662563052854741,1
Bakery,2022-04-28,11656.77,0.03736605509073268,0.16607288368707315,6.17062199906149,4.783232928161059,77.8,0.0,0,-32,117,Memorial_Day,0.33235278726439654,1
Bakery,2022-04-29,12699.48,0.0,0.05485584707316069,5.7670813765602995,5.420623096378749,86.9,0.0,0,-31,118,Memorial_Day,0.3015147076888188,1
Bakery,2022-04-30,15355.060000000001,0.01921715447546281,0.04562558758539076,5.71030873861776,5.433033169521969,67.4,0.0,0,-30,119,Memorial_Day,0.3050414651587164,1
Bakery,2022-05-01,16556.74,0.0,0.14406642577016165,6.073303192536696,4.922827428587995,73.0,0.31,0,-29,120,Memorial_Day,0.47411446939433727,1
Bakery,2022-05-02,10002.73,0.0,0.0,5.800347205212977,5.800347205212977,64.5,0.0,0,-28,121,Memorial_Day,0.0,0
Bakery,2022-05-03,8547.29,0.02016093756032614,0.0,5.753702249484926,5.753702249484926,72.0,0.45,0,-27,122,Memorial_Day,0.0,0
Bakery,2022-05-04,8893.39,0.0,0.0,5.755755038292484,5.755755038292484,68.7,0.0,0,-26,123,Memorial_Day,0.0,0
Bakery,2022-05-05,9802.02,0.0,0.06488381328849421,5.778031834254572,5.325142817500883,76.7,0.71,0,-25,124,Memorial_Day,0.19521078308348686,0
Bakery,2022-05-06,11230.81,0.03179290006686962,0.0,5.5734394135418555,5.5734394135418555,88.5,0.0,0,-24,125,Memorial_Day,0.0,0
