data/category_day_data.csv
category,date,sales,oos_loss_share,avg_discount_pct,base_price,final_price,temperature,precipitation,holiday_flag,days_to_holiday,days_from_holiday,holiday_name,promo_intensity,promo_flag
Bakery,2022-05-07,16936.2,0.014132719264061594,0.11234567667796969,5.2811414071633545,4.888275970997036,73.3,0.13,0,-23,126,Memorial_Day,0.381346464968529,1
Bakery,2022-05-08,16510.15,0.018449663994573033,0.11522290696628383,5.80620839907572,5.108358440111083,71.9,0.0,0,-22,127,Memorial_Day,0.5666823136070841,1
Bakery,2022-05-09,8764.06,0.026889712074084388,0.02380124916506456,5.745839063173918,5.588750818684491,84.4,0.58,0,-21,128,Memorial_Day,0.12369153109403633,0
Bakery,2022-05-10,10920.45,0.03219449381664675,0.13034826176722442,5.3768580965070125,4.834330517515305,72.4,0.0,0,-20,129,Memorial_Day,0.38015741109569656,1
Bakery,2022-05-11,9325.83,0.06572723500213923,0.019596793383148056,5.739975187195134,5.645126707220697,89.2,0.0,0,-19,130,Memorial_Day,0.09120046151388134,0
Bakery,2022-05-12,9829.95,0.0,0.09711036170072077,5.39758523695441,5.065467799937945,88.8,0.74,0,-18,131,Memorial_Day,0.1942207234014415,0
Bakery,2022-05-13,12437.9,0.01706735059776972,0.03994031502610892,5.6423289944444,5.515028453356274,81.3,0.42000000000000004,0,-17,132,Memorial_Day,0.22612177296810557,1
Bakery,2022-05-14,17866.77,0.01313962848349198,0.142605116690702,6.143176690582573,4.891473657521757,81.9,0.0,0,-16,133,Memorial_Day,0.34231201274768747,1
Bakery,2022-05-15,13852.55,0.0,0.0,5.369584026045747,5.369584026045747,78.2,0.0,0,-15,134,Memorial_Day,0.0,0
Bakery,2022-05-16,10032.68,0.020601893013631453,0.0,5.440349348329658,5.440349348329658,61.2,0.0,0,-14,135,Memorial_Day,0.0,0
Bakery,2022-05-17,9546.91,0.007164773733071746,0.0,5.588617322254006,5.588617322254006,62.3,0.0,0,-13,136,Memorial_Day,0.0,0
Bakery,2022-05-18,9207.76,0.0,0.0,5.682180790984996,5.682180790984996,85.4,0.59,0,-12,137,Memorial_Day,0.0,0
Bakery,2022-05-19,12366.289999999999,0.0,0.08809566050465498,5.564415641231122,5.094599374590116,71.7,0.0,0,-11,138,Memorial_Day,0.40402254839567897,1
Bakery,2022-05-20,12218.83,0.0,0.0,5.712362525708271,5.712362525708271,71.2,0.0,0,-10,139,Memorial_Day,0.0,0
Bakery,2022-05-21,14817.130000000001,0.009563694183691443,0.0,5.682028793700264,5.682028793700264,88.5,0.0,0,-9,140,Memorial_Day,0.0,0
Bakery,2022-05-22,14048.630000000001,0.016001669913721126,0.03453201162999199,5.863128611117241,5.635217334359294,74.6,0.0,0,-8,141,Memorial_Day,0.13729594985418506,0
Bakery,2022-05-23,19865.34,0.0,0.1660885720610007,4.916027931059825,4.4258660712577775,72.6,0.26,1,-7,142,Memorial_Day,0.48429324642820104,1
Bakery,2022-05-24,20058.85,0.06714702836902414,0.3282927485872819,5.518368181625567,3.878130137071667,81.7,0.0,1,-6,143,Memorial_Day,0.6565854971745638,1
Bakery,2022-05-25,15873.03,0.0,0.0984745823576217,5.458150876045721,5.09229671965592,84.1,0.28,1,-5,144,Memorial_Day,0.2561640720139759,1
Bakery,2022-05-26,16767.65,0.0,0.11837559737648076,5.910137663894462,4.989721111783703,75.3,0.0,1,-4,145,Memorial_Day,0.35454759611513836,1
Bakery,2022-05-27,23938.36,0.0,0.21560466691027005,5.712561829632439,4.353773044602888,78.8,0.0,1,-3,146,Memorial_Day,0.6512580644622271,1
Bakery,2022-05-28,25233.86,0.0,0.1674984714728775,5.945147452668754,4.668466615888335,69.5,0.0,1,-2,147,Memorial_Day,0.493417178346872,1
Bakery,2022-05-29,18200.07,0.05602173178454808,0.03501003462708062,5.107721085688133,4.975476627287697,82.7,0.0,1,-1,148,Memorial_Day,0.24567982430836802,1
Bakery,2022-05-30,15090.5,0.0,0.0,5.587781246479574,5.587781246479574,79.7,0.0,1,0,0,Memorial_Day,0.0,0
Bakery,2022-05-31,7330.7300000000005,0.0,0.03503276744776046,5.830252512369164,5.585723795583796,86.6,0.0,1,-34,1,July_4th,0.17466336913240563,0
Bakery,2022-06-01,8193.710000000001,0.0,0.0743510089386517,5.9414206019007265,5.364657267586966,89.4,0.0,1,-33,2,July_4th,0.46991045570321627,1
Bakery,2022-06-02,9254.12,0.0,0.12883411195309127,5.748307640272657,4.997876048722082,96.8,0.0,1,-32,3,July_4th,0.5062772040993633,1
Bakery,2022-06-03,9209.26,0.0,0.0,5.689217363827279,5.689217363827279,74.1,0.0,1,-31,4,July_4th,0.0,0
Bakery,2022-06-04,10753.31,0.0,0.01898378759736267,5.756350751536038,5.6238439141064465,73.9,0.0,1,-30,5,July_4th,0.1456119092632873,0
Bakery,2022-06-05,11298.960000000001,0.0,0.08588234653091267,5.857507673272584,5.366766799776263,70.3,0.0,1,-29,6,July_4th,0.30368193178841235,1
Bakery,2022-06-06,7466.110000000001,0.0,0.015177593505135607,5.541699385623839,5.468239833058983,79.3,0.0,1,-28,7,July_4th,0.1204254960079613,0
Bakery,2022-06-07,12245.23,0.0,0.13621411183415674,5.202302129073934,4.810075539618285,82.3,0.0,0,-27,8,July_4th,0.3435901163146793,1
Bakery,2022-06-08,10194.16,0.018686236041027413,0.014232764747765499,5.720508251783373,5.657314776303295,89.2,0.0,0,-26,9,July_4th,0.11923297260392225,0
Bakery,2022-06-09,9958.27,0.015156747105671968,0.0,5.459825692615283,5.459825692615283,74.4,0.0,0,-25,10,July_4th,0.0,0
Bakery,2022-06-10,14572.23,0.0,0.06798782367947453,5.612084053024143,5.261875141965231,84.8,0.0,0,-24,11,July_4th,0.2411950676046151,1
Bakery,2022-06-11,15409.44,0.02128103227631893,0.05830593260957204,5.250020688616848,5.022237044305309,91.5,0.0,0,-23,12,July_4th,0.2928561972401333,1
Bakery,2022-06-12,15673.56,0.0071169408864355,0.12876879150281337,5.4134356585230154,4.8236531330469905,75.0,0.56,0,-22,13,July_4th,0.31921209986754767,1
Bakery,2022-06-13,9986.64,0.012843551985452567,0.013207304049118714,5.881334292614935,5.8174109410172,91.1,0.45,0,-21,14,July_4th,0.11622427563224469,0
Bakery,2022-06-14,10078.62,0.01425911880793204,0.0,5.596843962764744,5.596843962764744,82.4,0.05,0,-20,15,July_4th,0.0,0
Bakery,2022-06-15,12517.61,0.0,0.1382046246546295,6.324268810100331,5.004414644648619,90.3,0.49000000000000005,0,-19,16,July_4th,0.27669898646786406,1
Bakery,2022-06-16,11422.04,0.01912539616390767,0.036012038616459005,5.7389977884861185,5.487633758943235,74.4,0.23000000000000004,0,-18,17,July_4th,0.18214784749484328,0
Bakery,2022-06-17,13470.83,0.018749478688395594,0.0415203883923449,5.543576424021385,5.401576695719567,77.4,0.0,0,-17,18,July_4th,0.13786381388526173,0
Bakery,2022-06-18,16326.99,0.021166460566215815,0.09523839954833938,5.741325088090334,5.122419074183299,69.4,0.0,0,-16,19,July_4th,0.3416116504021868,1
Bakery,2022-06-19,15679.77,0.026700525581689016,0.05232015907159738,5.718473855164967,5.388676849213987,90.4,0.34,0,-15,20,July_4th,0.18841220247490875,0
Bakery,2022-06-20,9415.07,0.005331965667807038,0.0,5.6502995410549275,5.6502995410549275,76.4,0.0,0,-14,21,July_4th,0.0,0
Bakery,2022-06-21,11231.43,0.017145371515470423,0.05357972763746271,5.69073197268736,5.341120872408945,83.4,0.0,0,-13,22,July_4th,0.30394526787773235,1
Bakery,2022-06-22,10958.130000000001,0.0,0.050661112465176836,5.40290774064553,5.259030181244428,71.9,0.39,0,-12,23,July_4th,0.1547070531194647,0
Bakery,2022-06-23,13107.5,0.0,0.12555691360351784,6.083273629601372,5.042247934388708,76.4,0.43,0,-11,24,July_4th,0.43089452603471295,1
Bakery,2022-06-24,13845.24,0.0,0.025547691878323,5.7078296439787275,5.529506754668032,77.5,0.0,0,-10,25,July_4th,0.1651137863987912,0
Bakery,2022-06-25,12440.91,0.06086290954600587,0.0,5.811021798244663,5.811021798244663,83.4,0.53,0,-9,26,July_4th,0.0,0
Bakery,2022-06-26,16921.67,0.009160392561727062,0.09209128995784258,6.116822003974784,5.315639638404483,82.0,0.0,0,-8,27,July_4th,0.411791507575789,1
Bakery,2022-06-27,20614.32,0.0,0.20110143406269165,5.298879555571079,4.353391205724952,86.4,0.0,1,-7,28,July_4th,0.4650466277810764,1
Bakery,2022-06-28,18121.2,0.012750760435291263,0.16114837142771524,5.57639684457983,4.797974168377372,78.0,0.0,1,-6,29,July_4th,0.4677742092135179,1
Bakery,2022-06-29,15698.47,0.042258544941003805,0.05823546733517119,5.3028894726683555,5.06142468023954,86.0,0.14,1,-5,30,July_4th,0.31727614219729694,1
Bakery,2022-06-30,15658.08,0.0,0.0,5.660722642878309,5.660722642878309,68.5,0.0,1,-4,31,July_4th,0.0,0
Bakery,2022-07-01,17104.71,0.08098504330093875,0.08203835993023555,5.245673466548103,4.833957360282636,80.0,0.0,1,-3,32,July_4th,0.4184537475350357,1
Bakery,2022-07-02,24727.0,0.02209198649249808,0.1960379342419218,5.0872107979132135,4.284443992396976,93.7,0.0,1,-2,33,July_4th,0.39207586848384357,1
Bakery,2022-07-03,23405.43,0.06441259357337165,0.18901850133067138,5.497320673023311,4.578719288643704,87.8,0.0,1,-1,34,July_4th,0.5140003836716522,1
Bakery,2022-07-04,16511.829999999998,0.0,0.033269720919039236,5.591122062182084,5.46775776519017,100.0,0.0,1,0,0,July_4th,0.30841402800295303,1
Bakery,2022-07-05,7182.42,0.0,0.0,5.632558691917209,5.632558691917209,90.9,0.33,1,-62,1,Labor_Day,0.0,0
Bakery,2022-07-06,8866.130000000001,0.0,0.08017559191049323,6.116615558310109,5.481294849049134,81.3,0.0,1,-61,2,Labor_Day,0.38504285409756,1
Bakery,2022-07-07,9588.33,0.006722134094258332,0.10516291225659027,5.917664045772308,5.138246962714048,85.0,0.32,1,-60,3,Labor_Day,0.5372040803768748,1
Bakery,2022-07-08,9409.92,0.015157678279942867,0.02658684947186357,5.59903943923009,5.515024994899001,64.8,0.0,1,-59,4,Labor_Day,0.09439825205740325,0
Bakery,2022-07-09,12297.27,0.0,0.07673133369283011,5.540829541841401,5.155997314851182,81.6,0.0,1,-58,5,Labor_Day,0.3200124905771769,1
Bakery,2022-07-10,13096.48,0.046260546345277515,0.17394301348019459,5.648993874689993,4.734155887688906,97.6,0.0,1,-57,6,Labor_Day,0.3978488876400377,1
Bakery,2022-07-11,7435.27,0.0,0.0,5.615431867302735,5.615431867302735,87.1,0.0,1,-56,7,Labor_Day,0.0,0
Bakery,2022-07-12,9462.37,0.0,0.0,5.674972940183062,5.674972940183062,80.8,0.09,0,-55,8,Labor_Day,0.0,0
Bakery,2022-07-13,10362.51,0.0,0.0,5.707320166639164,5.707320166639164,78.1,0.14,0,-54,9,Labor_Day,0.0,0
Bakery,2022-07-14,12443.32,0.0,0.09183344496552186,6.128457067727905,5.251447668307173,72.4,0.0,0,-53,10,Labor_Day,0.2344944918237255,1
Bakery,2022-07-15,12472.17,0.022217626924584895,0.017770406137487656,5.492376747590836,5.431601958600628,88.8,0.0,0,-52,11,Labor_Day,0.11049961634583237,0
Bakery,2022-07-16,17082.89,0.0,0.054457312411342156,5.640366524633712,5.353164675297914,89.9,0.0,0,-51,12,Labor_Day,0.26406890169052194,1
Bakery,2022-07-17,14291.89,0.057844197653354454,0.023587650388579965,5.678692629176407,5.453430567965468,76.2,0.0,0,-50,13,Labor_Day,0.13570003687405935,0
Bakery,2022-07-18,11707.49,0.0,0.07703786208657877,5.7354618539072,5.227011964135781,98.4,0.0,0,-49,14,Labor_Day,0.1540757241731575,0
Bakery,2022-07-19,9682.58,0.0,0.0,5.749263285198781,5.749263285198781,75.7,0.0,0,-48,15,Labor_Day,0.0,0
Bakery,2022-07-20,12174.58,0.0,0.09843912479937705,5.2788860231728725,4.999318908742642,83.9,0.0,0,-47,16,Labor_Day,0.1968782495987541,0
Bakery,2022-07-21,12770.21,0.0,0.12256449627852183,6.224556800553788,5.054065861093904,99.9,0.0,0,-46,17,Labor_Day,0.24538594118655843,1
Bakery,2022-07-22,13028.52,0.031313265052362045,0.009624843677902822,5.672393387737058,5.641978881714884,93.2,0.0,0,-45,18,Labor_Day,0.09504533131929029,0
Bakery,2022-07-23,16790.47,0.0,0.06628392480558058,5.582390689480402,5.233696043052994,83.3,0.0,0,-44,19,Labor_Day,0.2594316895238787,1
Bakery,2022-07-24,18768.74,0.0,0.16013490762290863,5.360452283957261,4.687467022293451,93.5,0.0,0,-43,20,Labor_Day,0.6231547775716431,1
Bakery,2022-07-25,10406.94,0.0,0.027255824216602293,5.778751150674454,5.5988627108448785,82.9,0.0,0,-42,21,Labor_Day,0.11104224680837978,0
Bakery,2022-07-26,12504.54,0.0,0.12078414585866247,5.182470750623373,4.756518320545977,75.5,0.0,0,-41,22,Labor_Day,0.366522878890387,1
Bakery,2022-07-27,11133.43,0.043197407268020724,0.12367652413053597,4.9504664061300065,4.594916930361982,89.3,0.13,0,-40,23,Labor_Day,0.2977779534249553,1
Bakery,2022-07-28,11144.77,0.0,0.08023102092475962,5.791212236771149,5.231199710716328,84.5,0.51,0,-39,24,Labor_Day,0.20895989778165003,1
Bakery,2022-07-29,12465.45,0.0,0.0,5.6387208323807,5.6387208323807,96.9,0.21000000000000002,0,-38,25,Labor_Day,0.0,0
Bakery,2022-07-30,14961.2,0.0,0.04509484352678751,5.505594250461193,5.305373145202258,87.8,0.54,0,-37,26,Labor_Day,0.16967890276181052,0
Bakery,2022-07-31,19142.73,0.004582167747233545,0.1823346345627345,5.640094155849244,4.574771613035341,91.5,0.0,0,-36,27,Labor_Day,0.41466238096656016,1
Bakery,2022-08-01,11090.06,0.0,0.0,5.488971718818473,5.488971718818473,81.6,0.0,0,-35,28,Labor_Day,0.0,0
Bakery,2022-08-02,9732.61,0.0,0.0,5.776236425789177,5.776236425789177,66.5,0.0,0,-34,29,Labor_Day,0.0,0
Bakery,2022-08-03,9986.05,0.02892483814921816,0.04147010873413037,5.798447153779522,5.393284191447068,70.2,0.55,0,-33,30,Labor_Day,0.19111460487379897,0
Bakery,2022-08-04,11711.54,0.0,0.038743951122852616,5.5872435990484615,5.331533521637634,63.4,0.0,0,-32,31,Labor_Day,0.11949069037889125,0
Bakery,2022-08-05,16465.0,0.0,0.16215532299609556,5.12057797752809,4.6164000425144245,77.9,0.0,0,-31,32,Labor_Day,0.41577831764348616,1
Bakery,2022-08-06,19424.82,0.0,0.13266870262478225,5.999770716022079,5.108153192667936,86.6,0.0,0,-30,33,Labor_Day,0.4103003271072782,1
Bakery,2022-08-07,13818.77,0.0,0.0,5.6044322468642305,5.6044322468642305,98.8,0.0,0,-29,34,Labor_Day,0.0,0
Bakery,2022-08-08,11165.28,0.013455399237636672,0.07018574880455293,5.51145751830675,5.1584427797601125,76.3,0.0,0,-28,35,Labor_Day,0.3026963945373515,1
Bakery,2022-08-09,13461.6,0.0,0.2068605425225908,5.66245220478992,4.5123876210851614,91.6,0.0,0,-27,36,Labor_Day,0.46609912640399354,1
Bakery,2022-08-10,10378.88,0.012874085643152247,0.0,5.857346987343529,5.857346987343529,82.7,0.0,0,-26,37,Labor_Day,0.0,0
Bakery,2022-08-11,10521.82,0.006424879916212213,0.0,5.638705490114829,5.638705490114829,67.9,0.0,0,-25,38,Labor_Day,0.0,0
Bakery,2022-08-12,13286.4,0.0,0.01856690957576074,5.4623421694364165,5.3799050909200385,72.8,0.12,0,-24,39,Labor_Day,0.14988559730250484,0
Bakery,2022-08-13,16011.98,0.0,0.04303410882420148,5.389925012396968,5.217244869154221,86.5,0.15,0,-23,40,Labor_Day,0.24067604381219565,1
Bakery,2022-08-14,13758.89,0.029302766429559354,0.03662252773141673,5.415761278707802,5.238508244487745,61.6,0.0,0,-22,41,Labor_Day,0.15413307323483216,0
Bakery,2022-08-15,12893.06,0.027561706840734473,0.1522807984906281,5.344451976489679,4.663643913857533,86.8,0.0,0,-21,42,Labor_Day,0.4358088770237632,1
Bakery,2022-08-16,8867.18,0.030755753238346353,0.0,5.759839926560643,5.759839926560643,86.5,0.0,0,-20,43,Labor_Day,0.0,0
Bakery,2022-08-17,9867.43,0.0,0.0,5.4944983749568035,5.4944983749568035,83.1,0.0,0,-19,44,Labor_Day,0.0,0
Bakery,2022-08-18,11835.99,0.0,0.09171333541496988,5.248552558763566,4.950327188515704,82.1,0.0,0,-18,45,Labor_Day,0.3279615815829517,1
Bakery,2022-08-19,17954.170000000002,0.0,0.23788795178101757,6.061217666982098,4.436777756922208,79.5,0.13,0,-17,46,Labor_Day,0.5325648581917181,1
Bakery,2022-08-20,16583.61,0.0,0.10249926203863724,6.079004420629767,5.312247918275936,71.8,0.9200000000000002,0,-16,47,Labor_Day,0.4441952023714981,1
Bakery,2022-08-21,15105.099999999999,0.0,0.07008495291386581,5.446934988844827,5.2128754990036485,67.9,0.0,0,-15,48,Labor_Day,0.26294430357958576,1
Bakery,2022-08-22,9525.35,0.030070696614822555,0.020469064128877147,5.314791645451348,5.244787446130588,65.5,0.0,0,-14,49,Labor_Day,0.12281438477326291,0
Bakery,2022-08-23,8971.77,0.0,0.0,5.607729623028679,5.607729623028679,70.6,0.4699999999999999,0,-13,50,Labor_Day,0.0,0
Bakery,2022-08-24,9277.96,0.0,0.0,5.756119912135857,5.756119912135857,77.0,0.18,0,-12,51,Labor_Day,0.0,0
Bakery,2022-08-25,12538.61,0.0,0.15997515963600717,5.3692700307290835,4.733020725582819,83.1,0.38,0,-11,52,Labor_Day,0.3551549972445111,1
Bakery,2022-08-26,13490.3,0.0,0.0467944869029352,5.882047337716729,5.573203724157356,80.0,0.0,0,-10,53,Labor_Day,0.127621327917096,0
Bakery,2022-08-27,15476.85,0.0,0.08198201385547849,5.670596490888004,5.190686024610951,84.5,0.0,0,-9,54,Labor_Day,0.2930021289861955,1
Bakery,2022-08-28,14059.65,0.036830654390400897,0.03689592329171136,5.862557112019147,5.605023567443002,66.3,0.0,0,-8,55,Labor_Day,0.18009338781548617,0
Bakery,2022-08-29,17752.829999999998,0.020821372141793734,0.09172254383540418,5.786921978073356,5.230985268264272,74.8,0.0,1,-7,56,Labor_Day,0.320074602190186,1
Bakery,2022-08-30,16182.24,0.0,0.10610202963995077,5.333867221101651,4.93972602062508,75.4,0.0,1,-6,57,Labor_Day,0.29952713592185015,1
Bakery,2022-08-31,17099.18,0.012810008433152935,0.17368189884042448,5.299415182482435,4.604747058046058,85.3,0.0,1,-5,58,Labor_Day,0.5578296737036513,1
Bakery,2022-09-01,15460.79,0.0,0.022955743238310136,5.570227737392463,5.409996649589058,74.3,0.0,1,-4,59,Labor_Day,0.16690738312854647,0
Bakery,2022-09-02,20952.38,0.04369278144058098,0.19215380437270668,5.014332080651459,4.422375381698881,84.8,0.0,1,-3,60,Labor_Day,0.5592906390586654,1
Bakery,2022-09-03,19168.39,0.0200585203034788,0.0,5.698815565626535,5.698815565626535,79.3,0.0,1,-2,61,Labor_Day,0.0,0
Bakery,2022-09-04,22097.85,0.005617428844887626,0.10077352441768768,5.113881526935879,4.8037006631866905,72.9,0.0,1,-1,62,Labor_Day,0.47612188516077353,1
Bakery,2022-09-05,16913.04,0.02452127470874544,0.12464941244658513,5.470092591278681,4.722150997100461,68.0,0.0,1,0,0,Labor_Day,0.52343576317445,1
Bakery,2022-09-06,7685.78,0.0,0.08088669014390341,5.401158503105736,5.079224958299613,75.0,0.0,1,-79,1,Thanksgiving,0.37137544920619636,1
Bakery,2022-09-07,9102.52,0.0,0.21064715368426273,5.694298963363992,4.264482659746971,67.5,0.0,1,-78,2,Thanksgiving,0.6517436929553574,1
Bakery,2022-09-08,8743.11,0.0,0.15793154693512307,4.958472397121847,4.519744370138315,78.3,0.0,1,-77,3,Thanksgiving,0.37082914432049924,1
Bakery,2022-09-09,8991.82,0.0,0.02502601951661814,5.695621386993958,5.574495452533526,70.7,0.0,1,-76,4,Thanksgiving,0.11759799462177847,0
Bakery,2022-09-10,10286.59,0.0,0.04745505255036746,5.678009874992588,5.430269457614234,74.0,0.0,1,-75,5,Thanksgiving,0.2147582434995465,1
Bakery,2022-09-11,12320.42,0.02193458664558514,0.18819677218967212,5.093110405327091,4.36559437097112,67.9,0.0,1,-74,6,Thanksgiving,0.4460903118562516,1
