data/category_day_data.csv
category,date,sales,oos_loss_share,avg_discount_pct,base_price,final_price,temperature,precipitation,holiday_flag,days_to_holiday,days_from_holiday,holiday_name,promo_intensity,promo_flag
Bakery,2022-09-12,7131.49,0.023089376834294094,0.026256138993416125,5.8659320983412995,5.615185970954176,84.4,0.0,1,-73,7,Thanksgiving,0.15770196691014082,0
Bakery,2022-09-13,8936.49,0.011228762075490487,0.015238869639114314,5.753086312411249,5.604202556037102,76.0,0.0,0,-72,8,Thanksgiving,0.14596446703347737,0
Bakery,2022-09-14,10186.61,0.0,0.05509800531206083,5.61552913088849,5.3708939873029395,70.3,0.0,0,-71,9,Thanksgiving,0.15989225070950983,0
Bakery,2022-09-15,9562.55,0.0,0.0,5.743889684236945,5.743889684236945,71.9,0.0,0,-70,10,Thanksgiving,0.0,0
Bakery,2022-09-16,14820.07,0.0,0.1639964547959679,5.232648820147273,4.641593879111232,71.4,0.0,0,-69,11,Thanksgiving,0.41502772928872805,1
Bakery,2022-09-17,16452.21,0.015049070003361252,0.11766859185791748,5.85758799577686,4.996661184120553,62.9,0.0,0,-68,12,Thanksgiving,0.3845921003925917,1
Bakery,2022-09-18,15955.78,0.0,0.11645736178586008,5.6899657302870805,5.058250903434367,68.1,0.0,0,-67,13,Thanksgiving,0.35199156669244624,1
Bakery,2022-09-19,10448.1,0.0,0.05154627173545408,5.833813229199567,5.474020252486098,69.2,0.0,0,-66,14,Thanksgiving,0.19343708425455344,0
Bakery,2022-09-20,9425.35,0.00313514935784878,0.06479190004387467,5.922857782469617,5.304095137050614,57.0,0.0,0,-65,15,Thanksgiving,0.18693735511148127,0
Bakery,2022-09-21,9956.21,0.0,0.05623763301602984,5.504400218557062,5.31206751364224,70.3,0.0,0,-64,16,Thanksgiving,0.16580405596105346,0
Bakery,2022-09-22,9805.83,0.0,0.0,5.535178796695435,5.535178796695435,67.8,0.0,0,-63,17,Thanksgiving,0.0,0
Bakery,2022-09-23,11199.51,0.015114011237991665,0.0,5.663096215816586,5.663096215816586,71.2,0.0,0,-62,18,Thanksgiving,0.0,0
Bakery,2022-09-24,14796.2,0.016323177572619998,0.04499402922026061,5.608901677457727,5.448709749800624,78.6,0.0,0,-61,19,Thanksgiving,0.22064719319825357,1
Bakery,2022-09-25,14347.48,0.0,0.025387859178183356,5.500467169147473,5.38774507439634,64.9,0.4,0,-60,20,Thanksgiving,0.16576778639872647,0
Bakery,2022-09-26,9582.630000000001,0.010663660185147498,0.0,5.792796059119469,5.792796059119469,68.2,0.0,0,-59,21,Thanksgiving,0.0,0
Bakery,2022-09-27,9849.2,0.006665045892052146,0.05954681778590238,5.631939893595419,5.232314786987776,58.3,0.0,0,-58,22,Thanksgiving,0.37461824310603903,1
Bakery,2022-09-28,9778.83,0.0,0.017221466113398455,5.534179794515295,5.475282380407473,53.4,0.0,0,-57,23,Thanksgiving,0.10906928538485687,0
Bakery,2022-09-29,10377.880000000001,0.0,0.020846962262742737,5.700877751525359,5.563287800591256,62.2,0.0,0,-56,24,Thanksgiving,0.11465829244508512,0
Bakery,2022-09-30,12877.31,0.0,0.10070620339185746,5.588326164393028,5.100908139976438,65.2,0.0,0,-55,25,Thanksgiving,0.20141240678371494,1
Bakery,2022-10-01,14084.32,0.0,0.0,5.6011027014438755,5.6011027014438755,60.9,0.0,0,-54,26,Thanksgiving,0.0,0
Bakery,2022-10-02,12499.5,0.054271463658546355,0.040984538575473815,5.570603096123847,5.412612424496981,61.9,0.0,0,-53,27,Thanksgiving,0.19077723108924355,0
Bakery,2022-10-03,9124.07,0.0,0.0,5.571739749914239,5.571739749914239,73.0,0.0,0,-52,28,Thanksgiving,0.0,0
Bakery,2022-10-04,8770.64,0.05217488575520145,0.027937174337810837,5.63050402251147,5.542222551603988,54.5,0.0,0,-51,29,Thanksgiving,0.117708627876643,0
Bakery,2022-10-05,9350.93,0.01451306340652748,0.04828719780936979,5.4591123449753125,5.225402307577963,69.9,0.0,0,-50,30,Thanksgiving,0.1433803910413189,0
Bakery,2022-10-06,10610.8,0.0,0.11086864326912202,5.5782352791495455,5.041631045726994,76.9,0.0,0,-49,31,Thanksgiving,0.22173728653824407,1
Bakery,2022-10-07,15758.34,0.0,0.22566182736858956,5.060390631246692,4.217033894433043,55.9,0.16,0,-48,32,Thanksgiving,0.5825410544511669,1
Bakery,2022-10-08,14836.63,0.0216777866671879,0.0874520743884609,5.43114184959792,5.028978662944347,64.6,0.0,0,-47,33,Thanksgiving,0.31217196897139043,1
Bakery,2022-10-09,12357.48,0.0,0.03380687985820071,5.887284794310815,5.561429984106791,70.1,0.0,0,-46,34,Thanksgiving,0.27921793116395904,1
Bakery,2022-10-10,9137.93,0.0,0.0,5.53604537351457,5.53604537351457,61.3,0.0,0,-45,35,Thanksgiving,0.0,0
Bakery,2022-10-11,8666.77,0.0,0.0,5.6247547817699095,5.6247547817699095,56.3,0.0,0,-44,36,Thanksgiving,0.0,0
Bakery,2022-10-12,8986.19,0.0,0.054030520561017474,6.08296365868071,5.5669721873229925,51.8,0.64,0,-43,37,Thanksgiving,0.1969433096785178,0
Bakery,2022-10-13,9774.529999999999,0.0,0.053714580494511006,5.497862730995761,5.328124656633106,56.1,0.0,0,-42,38,Thanksgiving,0.14263703727954186,0
Bakery,2022-10-14,11094.81,0.0,0.0,5.631009634234386,5.631009634234386,60.3,0.0,0,-41,39,Thanksgiving,0.0,0
Bakery,2022-10-15,18904.67,0.0,0.19287920295293526,6.243154014325561,4.88228976755479,66.4,0.0,0,-40,40,Thanksgiving,0.6288139385665025,1
Bakery,2022-10-16,16226.99,0.01213644674705537,0.19290078733759497,5.669821353189963,4.567988240579429,58.2,0.0,0,-39,41,Thanksgiving,0.518542872091497,1
Bakery,2022-10-17,8898.25,0.0,0.0,5.843445385328576,5.843445385328576,63.9,0.0,0,-38,42,Thanksgiving,0.0,0
Bakery,2022-10-18,8440.11,0.0,0.0,5.641946431977782,5.641946431977782,54.7,0.0,0,-37,43,Thanksgiving,0.0,0
Bakery,2022-10-19,8750.52,0.0,0.0,5.84960334928667,5.84960334928667,50.0,0.0,0,-36,44,Thanksgiving,0.0,0
Bakery,2022-10-20,9021.53,0.0,0.0,5.575340745971027,5.575340745971027,48.1,0.0,0,-35,45,Thanksgiving,0.0,0
Bakery,2022-10-21,11039.74,0.009275626056410746,0.0,5.70101692612326,5.70101692612326,50.3,0.0,0,-34,46,Thanksgiving,0.0,0
Bakery,2022-10-22,13811.81,0.009359086173354542,0.0614910531969016,5.990956239623916,5.403716681593506,41.9,0.0,0,-33,47,Thanksgiving,0.20677449226422895,1
Bakery,2022-10-23,12255.210000000001,0.0,0.057183106109319204,6.072755905447561,5.526657242103562,45.9,0.0,0,-32,48,Thanksgiving,0.19296772556325023,0
Bakery,2022-10-24,8850.0,0.0,0.0,5.714325231638417,5.714325231638417,34.6,0.0,0,-31,49,Thanksgiving,0.0,0
Bakery,2022-10-25,10070.85,0.02223986058773589,0.1321930473943462,5.857450254943723,4.982215930134993,53.0,0.0,0,-30,50,Thanksgiving,0.3376517374402359,1
Bakery,2022-10-26,8410.07,0.02701497847223626,0.02482169279364422,5.482042515698442,5.413534643587984,57.4,0.0,0,-29,51,Thanksgiving,0.16311398121537632,0
Bakery,2022-10-27,8958.96,0.010755123362533148,0.0,5.706973030351736,5.706973030351736,44.2,0.0,0,-28,52,Thanksgiving,0.0,0
Bakery,2022-10-28,10447.39,0.02888568149556971,0.0,5.694979884928198,5.694979884928198,52.5,0.0,0,-27,53,Thanksgiving,0.0,0
Bakery,2022-10-29,15207.59,0.02623366753048971,0.10628472378703419,5.551623005354563,4.888225017902244,52.9,0.0,0,-26,54,Thanksgiving,0.3728421137076946,1
Bakery,2022-10-30,13473.32,0.0,0.11574881490121293,5.385665723073453,4.861583833828633,51.1,0.0,0,-25,55,Thanksgiving,0.2963790661841328,1
Bakery,2022-10-31,8391.93,0.0,0.0,5.694655472579013,5.694655472579013,46.5,0.0,0,-24,56,Thanksgiving,0.0,0
Bakery,2022-11-01,9222.38,0.0,0.1002908143017312,5.323054927253051,4.9800603423411305,29.4,0.0,0,-23,57,Thanksgiving,0.20058162860346246,1
Bakery,2022-11-02,8780.72,0.023520645231826093,0.035985098218965866,5.662422512049126,5.411246526480744,50.2,0.18,0,-22,58,Thanksgiving,0.16634171229694147,0
Bakery,2022-11-03,11230.369999999999,0.0,0.1826787541283146,5.390249217078334,4.570004612492732,54.4,0.0,0,-21,59,Thanksgiving,0.41140407662436773,1
Bakery,2022-11-04,9967.52,0.0,0.0,5.582565051286578,5.582565051286578,54.9,0.0,0,-20,60,Thanksgiving,0.0,0
Bakery,2022-11-05,14541.79,0.006430399558788843,0.10426748896490179,5.8002950943453335,5.053367838484809,48.3,0.0,0,-19,61,Thanksgiving,0.33257803887967025,1
Bakery,2022-11-06,15673.82,0.0,0.15897907454393925,5.394820783956942,4.715563761737726,54.5,0.0,0,-18,62,Thanksgiving,0.5026528312817169,1
Bakery,2022-11-07,8356.27,0.0,0.0,5.618992122083178,5.618992122083178,54.5,0.0,0,-17,63,Thanksgiving,0.0,0
Bakery,2022-11-08,8728.19,0.0,0.04571679665398984,5.568157922776659,5.365175345632944,56.8,0.0,0,-16,64,Thanksgiving,0.17963059924222546,0
Bakery,2022-11-09,9234.130000000001,0.0,0.04387339626235489,5.648728976091954,5.436381738182156,61.2,0.0,0,-15,65,Thanksgiving,0.15387481007956352,0
Bakery,2022-11-10,9744.9,0.013230502108795367,0.09434049406646268,5.845955905140124,5.167820018676435,45.1,0.0,0,-14,66,Thanksgiving,0.2913996038953709,1
Bakery,2022-11-11,10333.81,0.0,0.027003275159503907,5.648282869532149,5.5175870177601505,47.0,0.0,0,-13,67,Thanksgiving,0.12214565586168123,0
Bakery,2022-11-12,15348.14,0.0,0.13935014134011636,5.53609000830068,4.842794670885202,59.3,0.0,0,-12,68,Thanksgiving,0.5153771075843718,1
Bakery,2022-11-13,12236.56,0.03988799956850619,0.09251175230758507,5.523086619115176,4.927478098419817,57.5,0.0,0,-11,69,Thanksgiving,0.34209941356067397,1
Bakery,2022-11-14,8545.6,0.0,0.0,5.492775077232729,5.492775077232729,47.7,0.0,0,-10,70,Thanksgiving,0.0,0
Bakery,2022-11-15,9537.48,0.0,0.14171381930984958,5.4786814336701095,4.916960402538196,28.1,0.0,0,-9,71,Thanksgiving,0.32095270448797797,1
Bakery,2022-11-16,9488.61,0.04378944123533373,0.1837431231174048,5.803414704577382,4.719881626497453,39.5,0.44000000000000006,0,-8,72,Thanksgiving,0.3939460047362047,1
Bakery,2022-11-17,16391.49,0.0,0.14926178962531092,5.693287846315375,4.838514381547985,42.4,0.0,1,-7,73,Thanksgiving,0.536561959895043,1
Bakery,2022-11-18,20614.739999999998,0.0,0.22954917528838234,4.984689532829421,4.224012687038497,58.8,0.0,1,-6,74,Thanksgiving,0.5336109017140164,1
Bakery,2022-11-19,20878.67,0.0,0.10858062236761361,5.63739691752396,5.15760596819625,53.3,0.0,1,-5,75,Thanksgiving,0.3379683667589938,1
Bakery,2022-11-20,15479.06,0.033296609096418,0.01863561012572645,5.863829547789078,5.740834520959284,46.9,0.0,1,-4,76,Thanksgiving,0.10512395455537998,0
Bakery,2022-11-21,12935.85,0.05022818601019647,0.1466046549304314,5.307880123841881,4.543993521879119,44.4,0.0,1,-3,77,Thanksgiving,0.6366346239327141,1
Bakery,2022-11-22,10684.94,0.010850735708389564,0.02566422289860138,5.646787384861309,5.5225725460320785,36.9,0.0,1,-2,78,Thanksgiving,0.14965643232437428,0
Bakery,2022-11-23,12231.93,0.0,0.09896969377257633,5.0874477126667665,4.7811328138731986,37.9,0.0,1,-1,79,Thanksgiving,0.42393309968255216,1
Bakery,2022-11-24,16685.31,0.01932572004955257,0.18150670923156745,5.7673189709990424,4.687639822095005,55.7,0.0,1,0,0,Thanksgiving,0.5165124291967005,1
Bakery,2022-11-25,7085.04,0.0,0.0,5.792936341926086,5.792936341926086,47.3,0.31,1,-30,1,Christmas,0.0,0
Bakery,2022-11-26,12104.13,0.06956779215028257,0.27908779793917704,5.468902515091956,3.9593804759202014,34.8,0.0,1,-29,2,Christmas,0.7155871590936317,1
Bakery,2022-11-27,9342.619999999999,0.01311304537699275,0.08764000080081263,6.090190000235481,5.29585927716208,50.0,0.0,1,-28,3,Christmas,0.34221984839370545,1
Bakery,2022-11-28,6063.92,0.0,0.06422495679362525,5.775595736751145,5.351711021913218,40.9,0.0,1,-27,4,Christmas,0.1284499135872505,0
Bakery,2022-11-29,5310.63,0.026174323950265786,0.048762747977534375,5.488388854053097,5.2636424680311,35.6,0.0,1,-26,5,Christmas,0.2642906773772603,1
Bakery,2022-11-30,5402.78,0.015127501027248932,0.0,5.590746449050303,5.590746449050303,38.5,0.0,1,-25,6,Christmas,0.0,0
Bakery,2022-12-01,5392.75,0.025238670437161003,0.0,5.861179249918873,5.861179249918873,47.7,0.0,1,-24,7,Christmas,0.0,0
Bakery,2022-12-02,11948.12,0.0,0.13504751440691487,5.705981526800868,4.942204715051405,41.3,0.0,0,-23,8,Christmas,0.36189877570697315,1
Bakery,2022-12-03,11940.84,0.020312375846255372,0.053986976742551644,5.9230915161747415,5.4891710298437975,40.2,0.0,0,-22,9,Christmas,0.3232000428780555,1
Bakery,2022-12-04,11945.33,0.015857864119283433,0.05949833628266531,5.999904113155517,5.498996093033847,37.5,0.0,0,-21,10,Christmas,0.30873655227607777,1
Bakery,2022-12-05,7347.05,0.07660554780490128,0.009595341175271836,5.7402327736982866,5.646486290415881,43.9,0.0,0,-20,11,Christmas,0.08600594796550996,0
Bakery,2022-12-06,7679.96,0.013818264678461869,0.025669838558186935,5.461420710524535,5.390571956103939,28.5,0.0,0,-19,12,Christmas,0.1540190313491216,0
Bakery,2022-12-07,9616.49,0.0,0.18935874631931848,5.489491872814302,4.397746527059249,40.2,0.0,0,-18,13,Christmas,0.5434072099071491,1
Bakery,2022-12-08,8844.12,0.0,0.07023529942751733,5.419597755344794,5.138396279109736,33.7,0.0,0,-17,14,Christmas,0.31611850585473733,1
Bakery,2022-12-09,11056.34,0.0,0.07481147610352785,5.615502535196999,5.253414990855925,50.8,0.0,0,-16,15,Christmas,0.1989492001874038,0
Bakery,2022-12-10,12372.67,0.0,0.0288865139128068,5.472650785966167,5.373858908384367,46.7,0.0,0,-15,16,Christmas,0.13533133915314965,0
Bakery,2022-12-11,11405.71,0.0,0.03171557596781182,5.37265275901281,5.282580523264225,34.3,0.0,0,-14,17,Christmas,0.13443617275908296,0
Bakery,2022-12-12,8326.57,0.0,0.04763551801121128,5.5363757825851465,5.305819875410884,46.6,0.0,0,-13,18,Christmas,0.16828898333887785,0
Bakery,2022-12-13,8154.13,0.022720063329870872,0.0346968263238914,5.614437285154883,5.4603833762768055,32.5,0.0,0,-12,19,Christmas,0.17707345848054915,0
Bakery,2022-12-14,7370.25,0.027355300023744106,0.0673388362634937,5.3061871306943456,5.120331942607104,41.2,0.0,0,-11,20,Christmas,0.2111990773718666,1
Bakery,2022-12-15,8668.96,0.0,0.041305466409239905,5.561143032151493,5.350635635647184,49.6,0.0,0,-10,21,Christmas,0.31358202137280605,1
Bakery,2022-12-16,10677.59,0.01715668985229813,0.09677917727875288,6.29280204615461,5.375400272908025,35.2,0.0,0,-9,22,Christmas,0.32794478903947427,1
Bakery,2022-12-17,13035.44,0.018650705307991136,0.07018049078695555,5.843112744947621,5.358930515579067,44.8,0.0,0,-8,23,Christmas,0.2764663103048305,1
Bakery,2022-12-18,22220.74,0.0,0.19724339866913443,6.360377075650947,4.730918650774007,43.1,0.0,1,-7,24,Christmas,0.6284489175428001,1
Bakery,2022-12-19,12861.91,0.0,0.05526417857011764,5.4382697748623645,5.190122509020822,45.5,0.0,1,-6,25,Christmas,0.24028624053503717,1
Bakery,2022-12-20,11684.24,0.0,0.05335150071157596,5.807977027175066,5.373639731809684,35.1,0.0,1,-5,26,Christmas,0.287856120723299,1
Bakery,2022-12-21,13014.960000000001,0.0,0.08754370990198135,5.513124796388157,5.113929885301223,32.3,0.0,1,-4,27,Christmas,0.4637340414415411,1
Bakery,2022-12-22,11512.08,0.029115589016059654,0.10032960716725407,5.439132268017596,5.047717362978715,36.6,0.0,1,-3,28,Christmas,0.30690109867200366,1
Bakery,2022-12-23,12673.3,0.06611217441392535,0.054768165545285234,5.8277939684218,5.530570830012703,42.1,0.0,1,-2,29,Christmas,0.21852161631145794,1
Bakery,2022-12-24,18939.17,0.04539850056787072,0.16142980555726377,5.822251059576527,4.891984754347735,28.2,0.0,1,-1,30,Christmas,0.49918396635121814,1
Bakery,2022-12-25,20961.09,0.0,0.16451315709422715,5.507581585690438,4.736388918706041,37.7,0.0,1,0,0,Christmas,0.6310101239964143,1
Bakery,2022-12-26,11469.12,0.0716086412907006,0.11975635445439581,5.6781036993247955,4.946662472796518,44.5,0.0,1,-6,1,New_Year,0.2395127089087916,1
Bakery,2022-12-27,10422.23,0.012455476419154059,0.023292374186009927,5.344307907232905,5.270704004805115,42.8,0.0,1,-5,2,New_Year,0.115006097543424,0
Bakery,2022-12-28,11373.38,0.0,0.0,5.756820892294112,5.756820892294112,44.8,0.0,1,-4,3,New_Year,0.0,0
Bakery,2022-12-29,10960.01,0.043202865690815974,0.06482932273456546,6.137245476965807,5.625246573680133,20.8,0.0,1,-3,4,New_Year,0.29262108337492393,1
Bakery,2022-12-30,15936.45,0.007963630545071206,0.1573139063104012,5.7039452010956015,4.7834147316372215,40.7,0.1,1,-2,5,New_Year,0.5160252126414603,1
Bakery,2022-12-31,16414.27,0.0207150302754859,0.06569929568576835,5.935337246188835,5.388963012062066,40.8,0.0,1,-1,6,New_Year,0.2864891341497368,1
Bakery,2023-01-01,18470.94,0.017197554645296886,0.12164605382436211,5.72006170232809,4.925326745688092,33.1,0.0,1,0,0,New_Year,0.4607394101220621,1
Bakery,2023-01-02,7378.01,0.012606963124202864,0.2098713491496982,6.323138380132311,4.758187112785154,23.8,0.0,1,-147,1,Memorial_Day,0.46386762826290556,1
Bakery,2023-01-03,5889.3099999999995,0.0,0.10259690863615599,5.236505244247628,4.91588951846651,32.4,0.0,1,-146,2,Memorial_Day,0.28233358407012027,1
Bakery,2023-01-04,5664.01,0.0,0.035509345207048744,5.580291683807055,5.449191032501708,40.4,0.0,1,-145,3,Memorial_Day,0.2313431650014742,1
Bakery,2023-01-05,6459.86,0.0,0.09477471720318777,5.6814102472809,5.131863229234071,34.8,0.0,1,-144,4,Memorial_Day,0.39360605338196186,1
Bakery,2023-01-06,6541.68,0.0,0.0,5.621985101686418,5.621985101686418,38.8,0.0,1,-143,5,Memorial_Day,0.0,0
Bakery,2023-01-07,9346.31,0.00843849604817302,0.150554068932017,5.8716566966000485,4.82078929545457,28.3,0.0,1,-142,6,Memorial_Day,0.30110813786403406,1
Bakery,2023-01-08,7752.69,0.0,0.0,5.626519298462857,5.626519298462857,35.6,0.37,1,-141,7,Memorial_Day,0.0,0
Bakery,2023-01-09,7972.7699999999995,0.0,0.0,5.5451100683953,5.5451100683953,41.5,0.0,0,-140,8,Memorial_Day,0.0,0
Bakery,2023-01-10,7005.76,0.0303012421207692,0.017771904290545436,5.13510883901247,5.0789496214543455,35.7,0.0,0,-139,9,Memorial_Day,0.12208525556113825,0
Bakery,2023-01-11,8007.78,0.060434648554280955,0.1148189635579399,5.142570924775655,4.749890069407502,38.5,0.0,0,-138,10,Memorial_Day,0.22963792711587983,1
Bakery,2023-01-12,8484.48,0.0,0.03132570039425077,5.462255824752962,5.363266611507129,20.0,0.0,0,-137,11,Memorial_Day,0.12373651655729048,0
Bakery,2023-01-13,9476.23,0.02681094696941716,0.04330904091062985,5.643326238388051,5.495209318473696,34.6,0.0,0,-136,12,Memorial_Day,0.14811691991435413,0
Bakery,2023-01-14,11094.58,0.041478519240926645,0.04541666212045729,5.600067528468856,5.4621824710804745,34.4,0.0,0,-135,13,Memorial_Day,0.16702479949669116,0
Bakery,2023-01-15,14202.869999999999,0.0,0.18428258420516233,5.50156646508769,4.493140456823163,41.6,0.0,0,-134,14,Memorial_Day,0.5384975008572211,1
Bakery,2023-01-16,8557.67,0.03944041544018407,0.0801344178545378,5.860278942749603,5.324396886068288,32.5,0.0,0,-133,15,Memorial_Day,0.3843943503313402,1
