data/category_day_data.csv
category,date,sales,oos_loss_share,avg_discount_pct,base_price,final_price,temperature,precipitation,holiday_flag,days_to_holiday,days_from_holiday,holiday_name,promo_intensity,promo_flag
Bakery,2023-01-17,7530.25,0.0,0.0,5.592620935559909,5.592620935559909,36.0,0.0,0,-132,16,Memorial_Day,0.0,0
Bakery,2023-01-18,8030.1,0.0,0.0,5.775944197457068,5.775944197457068,22.0,0.0,0,-131,17,Memorial_Day,0.0,0
Bakery,2023-01-19,8155.12,0.0,0.0282164251823803,5.5780651909475285,5.500187857444159,39.2,0.0,0,-130,18,Memorial_Day,0.14693836510069747,0
Bakery,2023-01-20,9962.45,0.0,0.0,5.67516689167825,5.67516689167825,35.1,0.0,0,-129,19,Memorial_Day,0.0,0
Bakery,2023-01-21,13273.509999999998,0.01884528206932454,0.15685441912751577,5.727535746008404,4.588951874824368,20.0,0.0,0,-128,20,Memorial_Day,0.3530641103973252,1
Bakery,2023-01-22,12233.09,0.03569162738114409,0.10528134389944782,5.814685594563598,5.139704146703735,34.6,0.0,0,-127,21,Memorial_Day,0.40387669836484485,1
Bakery,2023-01-23,8025.79,0.007857798422335993,0.0,5.663192408473185,5.663192408473185,33.5,0.0,0,-126,22,Memorial_Day,0.0,0
Bakery,2023-01-24,8037.75,0.0065350564523654,0.08787354319546462,5.446380181020808,5.11460602780629,33.1,0.0,0,-125,23,Memorial_Day,0.27052346738826166,1
Bakery,2023-01-25,8076.76,0.02106135381019121,0.030107809780036573,5.515839098846566,5.37011729951119,39.3,0.16,0,-124,24,Memorial_Day,0.11384515573076333,0
Bakery,2023-01-26,8269.44,0.0,0.031898079768008084,5.635959000851327,5.494331526681371,36.3,0.0,0,-123,25,Memorial_Day,0.14305805471712715,0
Bakery,2023-01-27,9154.48,0.01639220141395251,0.0,5.736912768393179,5.736912768393179,22.8,0.2,0,-122,26,Memorial_Day,0.0,0
Bakery,2023-01-28,12581.16,0.018443052945833295,0.11217863270751671,5.2725718216762205,4.884515251375867,32.4,0.0,0,-121,27,Memorial_Day,0.37393690247958056,1
Bakery,2023-01-29,13039.57,0.0,0.12179073370274897,5.682686913755592,4.904809299693165,44.6,0.0,0,-120,28,Memorial_Day,0.31640537226304244,1
Bakery,2023-01-30,8604.86,0.030087792247636802,0.06268073593516074,5.7454729187924025,5.335045276738958,38.4,0.0,0,-119,29,Memorial_Day,0.31441999056347225,1
Bakery,2023-01-31,7728.65,0.003916264806919708,0.1106928555476272,5.568054899626714,5.101313877585349,28.5,1.0,0,-118,30,Memorial_Day,0.28803348579635507,1
Bakery,2023-02-01,7498.13,0.03232506238222063,0.0,5.419322577762723,5.419322577762723,25.4,0.0,0,-117,31,Memorial_Day,0.0,0
Bakery,2023-02-02,8077.06,0.01687620371768936,0.0,5.633227597665487,5.633227597665487,24.6,0.0,0,-116,32,Memorial_Day,0.0,0
Bakery,2023-02-03,8898.75,0.02712755724118556,0.0,5.566743126843657,5.566743126843657,28.6,0.0,0,-115,33,Memorial_Day,0.0,0
Bakery,2023-02-04,11889.15,0.0,0.020545222735885632,5.5026899147542085,5.4422496730212,44.6,0.0,0,-114,34,Memorial_Day,0.19973673475395634,0
Bakery,2023-02-05,11374.9,0.008359428214753535,0.03933082164390651,5.696141038602537,5.461131412144282,24.2,0.0,0,-113,35,Memorial_Day,0.31382429735646034,1
Bakery,2023-02-06,8007.31,0.0,0.0,5.608090394901659,5.608090394901659,34.0,0.0,0,-112,36,Memorial_Day,0.0,0
Bakery,2023-02-07,8187.71,0.0,0.056401463273308715,5.3236830322519975,5.134788469547651,40.1,0.0,0,-111,37,Memorial_Day,0.24416717250610978,1
Bakery,2023-02-08,8172.07,0.022147163448183876,0.041524121571280485,5.551016217433283,5.433087712170845,34.8,0.0,0,-110,38,Memorial_Day,0.14741063157804574,0
Bakery,2023-02-09,8311.29,0.0284567136990768,0.0,5.734613808446102,5.734613808446102,50.8,0.0,0,-109,39,Memorial_Day,0.0,0
Bakery,2023-02-10,10345.97,0.0,0.02754456532146074,5.4150893246355825,5.336862759122633,52.0,0.0,0,-108,40,Memorial_Day,0.1282402713327025,0
Bakery,2023-02-11,14227.44,0.0,0.15527205811997252,5.499321873787554,4.709510720129552,55.7,0.0,0,-107,41,Memorial_Day,0.4961405565583127,1
Bakery,2023-02-12,13076.89,0.02388204228987167,0.1231306804321489,5.424980595539153,4.953441215763076,40.4,0.0,0,-106,42,Memorial_Day,0.3138559703415721,1
Bakery,2023-02-13,9200.33,0.0,0.11572773954188534,5.692888461609528,4.890366421639223,49.2,0.09,0,-105,43,Memorial_Day,0.2811703493244264,1
Bakery,2023-02-14,9965.37,0.0,0.19871963795886155,5.975694560262188,4.5764665536753775,48.6,0.0,0,-104,44,Memorial_Day,0.3972075296752654,1
Bakery,2023-02-15,8663.01,0.0,0.046622324696816736,5.616099023318687,5.428282594617807,48.5,0.28,0,-103,45,Memorial_Day,0.24388405415669612,1
Bakery,2023-02-16,8131.32,0.019145443790184128,0.017781647564681344,5.762169340279315,5.638053440277839,49.7,0.0,0,-102,46,Memorial_Day,0.1426619540246848,0
Bakery,2023-02-17,10048.55,0.0,0.0,5.6555874230610375,5.6555874230610375,38.9,0.0,0,-101,47,Memorial_Day,0.0,0
Bakery,2023-02-18,15290.07,0.0,0.21143238925594943,5.686492972236228,4.387460469441932,34.2,0.0,0,-100,48,Memorial_Day,0.5737187599533554,1
Bakery,2023-02-19,12342.49,0.0,0.07506195370978448,5.395688754862268,5.188517762623262,36.4,0.0,0,-99,49,Memorial_Day,0.20113688566893717,1
Bakery,2023-02-20,7918.87,0.0,0.0,5.62125939685839,5.62125939685839,28.6,0.0,0,-98,50,Memorial_Day,0.0,0
Bakery,2023-02-21,8508.17,0.0,0.05464370135629231,5.959812732937872,5.523764675600042,40.4,0.3,0,-97,51,Memorial_Day,0.32266398062097956,1
Bakery,2023-02-22,8403.09,0.01992744097706915,0.04709405525768756,5.44979609881603,5.288734429834739,40.9,0.0,0,-96,52,Memorial_Day,0.17699084503438617,0
Bakery,2023-02-23,9416.36,0.023602023499526354,0.088804287921072,5.721975073170524,5.223953884515885,49.5,0.0,0,-95,53,Memorial_Day,0.32736853731165755,1
Bakery,2023-02-24,10407.76,0.0,0.009224561799700963,5.570181652920512,5.541032037633457,53.5,0.0,0,-94,54,Memorial_Day,0.08833216753653043,0
Bakery,2023-02-25,14655.9,0.014020490723872297,0.18048565991130525,5.700072762505203,4.5888354860499865,47.8,0.0,0,-93,55,Memorial_Day,0.5174339344564305,1
Bakery,2023-02-26,12670.19,0.04134059552382403,0.11638388473062326,5.723083055581644,4.9357265597437765,42.9,0.0,0,-92,56,Memorial_Day,0.4217632095493437,1
Bakery,2023-02-27,8181.81,0.0,0.03663122306765951,5.570222077999856,5.407579447579447,38.1,0.0,0,-91,57,Memorial_Day,0.12415467971023525,0
Bakery,2023-02-28,8172.84,0.016952310335207835,0.040122279767250184,5.481234405665594,5.303091483499004,43.5,0.0,0,-90,58,Memorial_Day,0.14366364690854097,0
Bakery,2023-03-01,8145.71,0.017086370617171494,0.0,5.616790727880074,5.616790727880074,51.4,0.0,0,-89,59,Memorial_Day,0.0,0
Bakery,2023-03-02,8156.02,0.019323442071010125,0.0,5.745319469545196,5.745319469545196,51.0,0.0,0,-88,60,Memorial_Day,0.0,0
Bakery,2023-03-03,11450.99,0.0,0.07605003301367541,6.127479117526084,5.401201302245482,43.8,0.0,0,-87,61,Memorial_Day,0.2187583780965663,1
Bakery,2023-03-04,12547.72,0.021905267251739757,0.040722605925033746,5.7405589700758375,5.415875298460596,46.7,0.0,0,-86,62,Memorial_Day,0.30143962409106995,1
Bakery,2023-03-05,13352.08,0.0,0.057840133765278495,5.471275524113097,5.239270735346103,42.0,0.0,0,-85,63,Memorial_Day,0.3053149771421381,1
Bakery,2023-03-06,8925.73,0.0,0.030185480611303897,5.797432848629748,5.586738193962847,48.4,0.0,0,-84,64,Memorial_Day,0.18163332298870793,0
Bakery,2023-03-07,8541.39,0.02167598013906402,0.060840785956501914,5.818948719119489,5.426257693419924,37.3,0.0,0,-83,65,Memorial_Day,0.2868502667598599,1
Bakery,2023-03-08,8146.83,0.0,0.0,5.6753909066471255,5.6753909066471255,56.9,0.0,0,-82,66,Memorial_Day,0.0,0
Bakery,2023-03-09,8982.73,0.0,0.0465448215873561,5.511445362378697,5.382981654797594,49.8,0.0,0,-81,67,Memorial_Day,0.1759776816179491,0
Bakery,2023-03-10,11788.91,0.009538713926902488,0.09884968160754472,5.60344558572421,5.125013126743694,40.8,0.25,0,-80,68,Memorial_Day,0.19769936321508944,0
Bakery,2023-03-11,13291.720000000001,0.0,0.07833448191806629,5.497484652099202,5.275014723451894,45.0,0.0,0,-79,69,Memorial_Day,0.15666896383613257,0
Bakery,2023-03-12,12122.73,0.0,0.014845139312884085,5.5071085555811266,5.435258081306768,39.3,0.37,0,-78,70,Memorial_Day,0.1408832828909,0
Bakery,2023-03-13,8502.03,0.0,0.017874616787874664,5.39252857258796,5.341764660910395,45.9,0.4699999999999999,0,-77,71,Memorial_Day,0.1080083227182214,0
Bakery,2023-03-14,7509.87,0.06455341437335133,0.0,5.680859535517924,5.680859535517924,41.9,0.0,0,-76,72,Memorial_Day,0.0,0
Bakery,2023-03-15,8352.61,0.0,0.04783286179602327,5.417103552063368,5.253515164720969,49.4,0.0,0,-75,73,Memorial_Day,0.16358838734239955,0
Bakery,2023-03-16,10219.53,0.0,0.11731980194804402,6.164098779493773,5.043694670889953,51.5,0.0,0,-74,74,Memorial_Day,0.23488555735929145,1
Bakery,2023-03-17,10823.16,0.0,0.06887226471201946,5.553945298785197,5.248152443463831,47.2,0.0,0,-73,75,Memorial_Day,0.17987815018903905,0
Bakery,2023-03-18,11800.36,0.05906992922249829,0.05468947611167065,5.6821268588415945,5.509308114328716,55.3,0.0,0,-72,76,Memorial_Day,0.1630365514272446,0
Bakery,2023-03-19,11525.89,0.03378673143679143,0.0,5.708053876967419,5.708053876967419,32.7,0.0,0,-71,77,Memorial_Day,0.0,0
Bakery,2023-03-20,9051.89,0.0036885346596125233,0.0,5.483045408196521,5.483045408196521,48.3,0.0,0,-70,78,Memorial_Day,0.0,0
Bakery,2023-03-21,8324.31,0.028277286645980265,0.0389000156738137,5.350846989119819,5.217808935515376,57.3,0.0,0,-69,79,Memorial_Day,0.14460658000482923,0
Bakery,2023-03-22,8900.98,0.0,0.03860282035654196,5.872160694665083,5.503503760260108,52.2,0.0,0,-68,80,Memorial_Day,0.15890385103662744,0
Bakery,2023-03-23,9823.01,0.0,0.07819293678821462,5.723290020065133,5.207216637262918,38.9,0.0,0,-67,81,Memorial_Day,0.15638587357642922,0
Bakery,2023-03-24,10988.73,0.007432884418854589,0.0,5.562130582879003,5.562130582879003,52.3,0.0,0,-66,82,Memorial_Day,0.0,0
Bakery,2023-03-25,11082.720000000001,0.06117274549929982,0.0,5.432789955895302,5.432789955895302,55.7,0.73,0,-65,83,Memorial_Day,0.0,0
Bakery,2023-03-26,12407.99,0.018839646066768266,0.03164130067870599,5.950853546787192,5.6486791253055495,55.4,0.0,0,-64,84,Memorial_Day,0.1651226346894219,0
Bakery,2023-03-27,9745.47,0.0,0.05483070723081534,5.775167508596301,5.474549960135323,55.7,0.0,0,-63,85,Memorial_Day,0.2456690133980198,1
Bakery,2023-03-28,8645.17,0.0,0.021178269764995063,5.742250054076439,5.60247347362747,48.7,0.0,0,-62,86,Memorial_Day,0.11006029956611611,0
Bakery,2023-03-29,8370.42,0.0,0.0,5.653569438570585,5.653569438570585,50.4,0.0,0,-61,87,Memorial_Day,0.0,0
Bakery,2023-03-30,11083.52,0.020883452188474417,0.11860046746694977,5.82792596575817,5.109820300770873,48.7,0.1,0,-60,88,Memorial_Day,0.44514558551795813,1
Bakery,2023-03-31,11027.35,0.0,0.0,5.558489809428377,5.558489809428377,55.4,0.06,0,-59,89,Memorial_Day,0.0,0
Bakery,2023-04-01,14208.24,0.0,0.1097409637233903,5.238287092560374,4.857026852023895,52.1,0.23000000000000004,0,-58,90,Memorial_Day,0.2861705601819789,1
Bakery,2023-04-02,11763.460000000001,0.029290934809996377,0.0,5.736916867996322,5.736916867996322,55.1,0.0,0,-57,91,Memorial_Day,0.0,0
Bakery,2023-04-03,8775.76,0.0,0.014393238427282198,5.831505670164181,5.736510296544118,73.6,0.34,0,-56,92,Memorial_Day,0.09693405471434952,0
Bakery,2023-04-04,8552.69,0.0,0.0,5.574609263284417,5.574609263284417,56.3,0.0,0,-55,93,Memorial_Day,0.0,0
Bakery,2023-04-05,11034.93,0.0048513447751820805,0.12777063379649894,5.24308438748592,4.806108819901894,69.6,0.0,0,-54,94,Memorial_Day,0.2555412675929979,1
Bakery,2023-04-06,13380.6,0.0,0.17240330744217663,5.544193997279644,4.710267245116063,60.0,0.0,0,-53,95,Memorial_Day,0.6413255010986054,1
Bakery,2023-04-07,13116.52,0.0,0.07052319844795216,5.513400345518476,5.132643460308069,55.1,0.0,0,-52,96,Memorial_Day,0.31049317959336775,1
Bakery,2023-04-08,11713.25,0.0,0.0,5.697876729344972,5.697876729344972,68.6,0.8,0,-51,97,Memorial_Day,0.0,0
Bakery,2023-04-09,15292.73,0.0,0.1169519926182767,6.099048037858513,4.98215650835397,47.0,0.3,0,-50,98,Memorial_Day,0.2341491676110152,1
Bakery,2023-04-10,10010.97,0.0,0.030224375391726815,5.720698933270203,5.586502706530935,55.2,0.0,0,-49,99,Memorial_Day,0.15249571220371255,0
Bakery,2023-04-11,8553.51,0.0,0.0,5.5639021407585885,5.5639021407585885,51.4,0.4,0,-48,100,Memorial_Day,0.0,0
Bakery,2023-04-12,10502.61,0.0,0.051669970209502425,5.7319871536694205,5.3806379081009394,59.5,0.24,0,-47,101,Memorial_Day,0.3089993820583645,1
Bakery,2023-04-13,9467.390000000001,0.011538991210882832,0.0,5.598791187433919,5.598791187433919,59.4,0.13,0,-46,102,Memorial_Day,0.0,0
Bakery,2023-04-14,12589.43,0.03465482313337459,0.09587736259935832,5.407070478965291,5.125922825735557,70.4,0.0,0,-45,103,Memorial_Day,0.2826577533692947,1
Bakery,2023-04-15,14344.21,0.0,0.1027334373939032,5.409913163569134,4.953776701540204,61.6,0.0,0,-44,104,Memorial_Day,0.2054668747878064,1
Bakery,2023-04-16,14846.9,0.0,0.10976286406608812,6.082157049619786,5.184263981033078,77.8,0.6,0,-43,105,Memorial_Day,0.3247721746627242,1
Bakery,2023-04-17,9782.36,0.0,0.046774002038595844,5.390495851716764,5.242690005274802,58.5,0.0,0,-42,106,Memorial_Day,0.14780584644196287,0
Bakery,2023-04-18,8841.08,0.0,0.0,5.573359702660761,5.573359702660761,70.9,0.0,0,-41,107,Memorial_Day,0.0,0
Bakery,2023-04-19,10659.220000000001,0.004816921876084741,0.14777370415607638,5.660568324886811,4.873617647445123,52.2,0.43,0,-40,108,Memorial_Day,0.4291749302481795,1
Bakery,2023-04-20,10004.6,0.0,0.0,5.663559582592007,5.663559582592007,72.7,0.0,0,-39,109,Memorial_Day,0.0,0
Bakery,2023-04-21,13153.8,0.013280873967978836,0.08684282682612503,5.6050580060514825,5.126473102829602,75.4,0.0,0,-38,110,Memorial_Day,0.4259392723015402,1
Bakery,2023-04-22,14050.34,0.019796120947962823,0.09609767450467391,5.106862040349202,4.833944644755928,69.1,0.0,0,-37,111,Memorial_Day,0.19219534900934782,0
Bakery,2023-04-23,14609.32,0.0,0.1015455254556247,5.498273081840908,5.028338916527258,61.3,0.0,0,-36,112,Memorial_Day,0.26014968526940335,1
Bakery,2023-04-24,10833.72,0.0,0.06882723708678577,5.593239801287093,5.295595778735283,58.1,0.0,0,-35,113,Memorial_Day,0.31238023504391843,1
Bakery,2023-04-25,9304.61,0.0,0.04551173181714597,5.505542231216568,5.279733164528121,51.8,0.0,0,-34,114,Memorial_Day,0.23359281044557478,1
Bakery,2023-04-26,10987.99,0.0,0.09346154336093547,5.712036232286341,5.094617896448758,67.1,0.24,0,-33,115,Memorial_Day,0.33474093077987876,1
Bakery,2023-04-27,9988.09,0.023715965715166765,0.03185270012777643,5.997162490526216,5.6859616102778405,73.1,0.0,0,-32,116,Memorial_Day,0.1852386191954618,0
Bakery,2023-04-28,11871.29,0.014380270383420844,0.0,5.772793664378513,5.772793664378513,65.4,0.24,0,-31,117,Memorial_Day,0.0,0
Bakery,2023-04-29,12930.36,0.0,0.0,5.5797448408242305,5.5797448408242305,73.1,0.71,0,-30,118,Memorial_Day,0.0,0
Bakery,2023-04-30,14028.09,0.0,0.033473504470910395,5.858363911266609,5.6374387817586,53.3,0.26,0,-29,119,Memorial_Day,0.14345787630390167,0
Bakery,2023-05-01,9650.1,0.020840638957109255,0.023900454163922932,5.877497559610783,5.719754562128891,71.1,0.0,0,-28,120,Memorial_Day,0.12824633941617183,0
Bakery,2023-05-02,8884.86,0.04096767985089242,0.0,5.685401649547656,5.685401649547656,83.2,0.0,0,-27,121,Memorial_Day,0.0,0
Bakery,2023-05-03,11189.960000000001,0.024743575490886474,0.12903721608921814,5.2144543858959285,4.820404576960061,64.9,0.0,0,-26,122,Memorial_Day,0.32560795570314816,1
Bakery,2023-05-04,11295.48,0.0,0.08280403424409444,5.687053024749723,5.138583636994621,60.3,0.0,0,-25,123,Memorial_Day,0.2930676695456944,1
Bakery,2023-05-05,12182.17,0.0,0.0,5.638930674912599,5.638930674912599,62.0,0.19,0,-24,124,Memorial_Day,0.0,0
Bakery,2023-05-06,13846.26,0.01838720853140126,0.03109938535305537,5.730327864708592,5.623967966801143,67.7,0.0,0,-23,125,Memorial_Day,0.1587461162797752,0
Bakery,2023-05-07,12057.78,0.021803779800261738,0.0,5.653088089183913,5.653088089183913,88.9,0.0,0,-22,126,Memorial_Day,0.0,0
Bakery,2023-05-08,11460.4,0.019471754912568494,0.11302716597833491,5.359419226205018,4.90207727478971,72.5,0.0,0,-21,127,Memorial_Day,0.4217322257512827,1
Bakery,2023-05-09,8166.33,0.022400556920917965,0.0,5.523550921895148,5.523550921895148,72.8,0.22000000000000003,0,-20,128,Memorial_Day,0.0,0
Bakery,2023-05-10,11663.57,0.0,0.14250141978914915,5.471297861632417,4.838578316930408,64.4,0.0,0,-19,129,Memorial_Day,0.32766640059604396,1
Bakery,2023-05-11,9744.39,0.023341875684368133,0.0,5.7540408070695035,5.7540408070695035,88.2,0.0,0,-18,130,Memorial_Day,0.0,0
Bakery,2023-05-12,10836.17,0.0,0.01140055110423285,5.610970508952885,5.578592943816864,73.2,0.57,0,-17,131,Memorial_Day,0.08993768093339252,0
Bakery,2023-05-13,14643.220000000001,0.0,0.020349411911653143,5.479541364535942,5.421749034706847,66.2,0.27,0,-16,132,Memorial_Day,0.13440076704440687,0
Bakery,2023-05-14,15617.869999999999,0.023839645226909942,0.08582429489843164,5.756394546759577,5.302448342827799,72.8,0.0,0,-15,133,Memorial_Day,0.3702873695324651,1
Bakery,2023-05-15,11384.34,0.019328450309811545,0.10949672543209503,5.612482735055348,5.080343427901837,70.7,0.0,0,-14,134,Memorial_Day,0.3625234313100276,1
Bakery,2023-05-16,9277.69,0.01492997718182004,0.0,5.771142428772679,5.771142428772679,55.2,0.0,0,-13,135,Memorial_Day,0.0,0
Bakery,2023-05-17,9408.91,0.0,0.0,5.771231481648778,5.771231481648778,75.3,0.66,0,-12,136,Memorial_Day,0.0,0
Bakery,2023-05-18,9600.9,0.026643814642377278,0.0,5.599535262319159,5.599535262319159,77.1,0.0,0,-11,137,Memorial_Day,0.0,0
Bakery,2023-05-19,12904.25,0.0,0.03144190303312397,5.5207500009686745,5.421393587384002,75.7,0.0,0,-10,138,Memorial_Day,0.14193773369238816,0
Bakery,2023-05-20,14169.17,0.0,0.015473625065460288,5.5782994205024,5.470293517545488,65.5,0.45,0,-9,139,Memorial_Day,0.15429414708130398,0
Bakery,2023-05-21,13496.9,0.02730865309811883,0.03042646700028454,5.497898821210797,5.393840304069824,75.7,0.0,0,-8,140,Memorial_Day,0.1553112196133927,0
Bakery,2023-05-22,15672.09,0.014838382755586525,0.04077747446218817,6.009311125701804,5.610915200206226,78.0,0.0,1,-7,141,Memorial_Day,0.16462641549404067,0
Bakery,2023-05-23,14279.64,0.0,0.02661198883537433,5.571830977531647,5.487737092811864,75.4,0.0,1,-6,142,Memorial_Day,0.11064984831550376,0
