data/category_day_data.csv
category,date,sales,oos_loss_share,avg_discount_pct,base_price,final_price,temperature,precipitation,holiday_flag,days_to_holiday,days_from_holiday,holiday_name,promo_intensity,promo_flag
Beverages,2022-01-29,13247.94,0.0,0.08100738154759662,4.029413305011948,3.7561475897384793,41.6,0.0,0,-121,28,Memorial_Day,0.3630828642037932,1
Beverages,2022-01-30,10654.89,0.0,0.02831069926967533,4.206887551161954,4.025982182828729,33.6,0.0,0,-120,29,Memorial_Day,0.14828308879772575,0
Beverages,2022-01-31,10398.41,0.0,0.18136614827665104,3.821405070582907,3.3094078710110493,40.5,0.0,0,-119,30,Memorial_Day,0.5157634676840017,1
Beverages,2022-02-01,8999.88,0.0,0.15110206003618207,3.9539407747658855,3.497962472832971,43.2,0.0,0,-118,31,Memorial_Day,0.42411009924576776,1
Beverages,2022-02-02,7622.4,0.0,0.0,4.071756730163728,4.071756730163728,32.9,0.0,0,-117,32,Memorial_Day,0.0,0
Beverages,2022-02-03,7262.21,0.026922589680000993,0.0,3.9889995882796003,3.9889995882796003,42.8,0.17,0,-116,33,Memorial_Day,0.0,0
Beverages,2022-02-04,10016.09,0.0,0.023493426231240934,4.174024624379374,4.084044801913721,39.3,0.35,0,-115,34,Memorial_Day,0.11839450324427994,0
Beverages,2022-02-05,11831.35,0.014715650369568985,0.05154939258234897,4.176973515279322,3.9967049406872426,50.4,0.0,0,-114,35,Memorial_Day,0.22595730833759461,1
Beverages,2022-02-06,10243.33,0.08602472633411205,0.028834560869146465,4.308223204758609,4.183843994091766,39.6,0.0,0,-113,36,Memorial_Day,0.22708533260180042,1
Beverages,2022-02-07,7772.030000000001,0.023061763786295215,0.0,4.27554256738587,4.27554256738587,43.4,0.0,0,-112,37,Memorial_Day,0.0,0
Beverages,2022-02-08,7293.32,0.0,0.0,4.159435414872788,4.159435414872788,29.1,0.0,0,-111,38,Memorial_Day,0.0,0
Beverages,2022-02-09,9522.16,0.010898078797247681,0.1011921160855188,4.111355763818293,3.732484950893494,45.4,0.0,0,-110,39,Memorial_Day,0.43250270946928004,1
Beverages,2022-02-10,8119.03,0.013027280352455898,0.0,4.2102026843108105,4.2102026843108105,34.2,0.0,0,-109,40,Memorial_Day,0.0,0
Beverages,2022-02-11,11175.12,0.0,0.09068422373566828,4.137451230948751,3.752043280072161,36.2,0.07,0,-108,41,Memorial_Day,0.23078320411771866,1
Beverages,2022-02-12,12641.65,0.0,0.047879805333981215,4.05336806508644,3.9054194666044384,38.7,0.0,0,-107,42,Memorial_Day,0.12754189524310514,0
Beverages,2022-02-13,13967.609999999999,0.011478574358820158,0.15731011740980783,4.039497730821521,3.4406563685555365,34.0,0.0,0,-106,43,Memorial_Day,0.3962224031169255,1
Beverages,2022-02-14,8219.36,0.012061164129567268,0.0,4.170157530513325,4.170157530513325,59.8,0.0,0,-105,44,Memorial_Day,0.0,0
Beverages,2022-02-15,8873.97,0.0,0.0729063652651884,4.1087359321701555,3.815008209403458,36.8,0.0,0,-104,45,Memorial_Day,0.3273529209587141,1
Beverages,2022-02-16,7678.51,0.018859498782967006,0.0,4.179964276923518,4.179964276923518,39.7,0.0,0,-103,46,Memorial_Day,0.0,0
Beverages,2022-02-17,8859.91,0.0,0.0,4.043532056194702,4.043532056194702,42.8,0.0,0,-102,47,Memorial_Day,0.0,0
Beverages,2022-02-18,10123.1,0.020217063942863347,0.0,4.142792119014925,4.142792119014925,47.0,0.0,0,-101,48,Memorial_Day,0.0,0
Beverages,2022-02-19,16472.04,0.0,0.16866030597856155,4.297513216335075,3.4924977416276315,49.3,0.0,0,-100,49,Memorial_Day,0.5120847205324902,1
Beverages,2022-02-20,11139.11,0.0,0.0,4.0790008717033945,4.0790008717033945,46.4,0.0,0,-99,50,Memorial_Day,0.0,0
Beverages,2022-02-21,8866.25,0.0,0.0,4.1176534611588895,4.1176534611588895,37.4,0.0,0,-98,51,Memorial_Day,0.0,0
Beverages,2022-02-22,8244.2,0.0,0.0,4.157957691467942,4.157957691467942,41.9,0.0,0,-97,52,Memorial_Day,0.0,0
Beverages,2022-02-23,9176.32,0.016398997637397127,0.05119981199691481,4.222138765866927,4.00453956488004,44.1,0.0,0,-96,53,Memorial_Day,0.21544475345236436,1
Beverages,2022-02-24,10757.68,0.0,0.09548631354979067,4.131042064831823,3.758778946761755,47.4,0.0,0,-95,54,Memorial_Day,0.42822708985580527,1
Beverages,2022-02-25,10830.960000000001,0.0,0.0,4.162773050588314,4.162773050588314,41.0,0.0,0,-94,55,Memorial_Day,0.0,0
Beverages,2022-02-26,14640.02,0.0,0.09302410394286555,3.8710308934004187,3.634809986598379,37.9,0.0,0,-93,56,Memorial_Day,0.3356183939639427,1
Beverages,2022-02-27,15397.0,0.010916087549522637,0.19169109352408206,3.6941498408780933,3.216231694485939,45.1,0.0,0,-92,57,Memorial_Day,0.3829064103396766,1
Beverages,2022-02-28,9760.94,0.0,0.01129809658889973,4.2146187150008085,4.1356450198444,49.2,0.4600000000000001,0,-91,58,Memorial_Day,0.10529826020854548,0
Beverages,2022-03-01,9448.55,0.0,0.036510072662876675,4.107050192886739,3.9518823840695125,44.9,0.0,0,-90,59,Memorial_Day,0.18472358192526897,0
Beverages,2022-03-02,9138.23,0.03942742850639565,0.02528485533078197,4.110459016680473,3.994401530712183,41.3,0.0,0,-89,60,Memorial_Day,0.11605748596828927,0
Beverages,2022-03-03,9190.14,0.019622149390542472,0.0,4.141525036615329,4.141525036615329,61.6,0.0,0,-88,61,Memorial_Day,0.0,0
Beverages,2022-03-04,9835.460000000001,0.05378740191104432,0.0,4.235791005199553,4.235791005199553,31.9,0.0,0,-87,62,Memorial_Day,0.0,0
Beverages,2022-03-05,13595.91,0.05238412802085332,0.07417332695741786,4.408742599796556,3.987302232803836,51.9,0.33,0,-86,63,Memorial_Day,0.32911294646698896,1
Beverages,2022-03-06,15634.88,0.014776376921345095,0.1289980431082907,4.398512198366729,3.781003851644528,39.7,0.0,0,-85,64,Memorial_Day,0.3432312879919769,1
Beverages,2022-03-07,11499.49,0.0,0.11402266144486575,3.8493311094665934,3.5549428713795135,48.9,0.27,0,-84,65,Memorial_Day,0.3519677829190686,1
Beverages,2022-03-08,10919.62,0.0,0.1288371142413165,4.15356243165971,3.6310539194587355,45.3,0.0,0,-83,66,Memorial_Day,0.31584249268747444,1
Beverages,2022-03-09,9794.56,0.0,0.019094064376926928,4.1227572958866965,4.066620746618532,38.6,0.0,0,-82,67,Memorial_Day,0.09514669367485624,0
Beverages,2022-03-10,10228.07,0.0,0.06130901411637961,3.888180399625736,3.730812968624579,36.2,0.62,0,-81,68,Memorial_Day,0.3456419441791071,1
Beverages,2022-03-11,14629.55,0.0,0.13228211313644603,4.131817902806306,3.5696189219764105,21.6,0.0,0,-80,69,Memorial_Day,0.26394318348821394,1
Beverages,2022-03-12,20951.64,0.0,0.25445395552874966,4.172428988852424,3.105204929065219,47.7,0.0,0,-79,70,Memorial_Day,0.6616632397272958,1
Beverages,2022-03-13,17976.41,0.04417174452518606,0.21211627028580785,4.3257051992027336,3.2657969694727704,37.4,0.07,0,-78,71,Memorial_Day,0.49610127939894555,1
Beverages,2022-03-14,11078.43,0.0,0.029547640870458487,4.326567347539319,4.137757922377089,36.8,0.33,0,-77,72,Memorial_Day,0.1685798438948479,0
Beverages,2022-03-15,10494.87,0.0,0.05727407478388735,4.221747034503523,3.9770446036968523,57.7,0.0,0,-76,73,Memorial_Day,0.23805344897078287,1
Beverages,2022-03-16,10743.63,0.025882048246263133,0.09468414456957326,4.1304249308660115,3.6958247072916697,52.8,0.0,0,-75,74,Memorial_Day,0.18895661894536578,0
Beverages,2022-03-17,10229.59,0.019813927048884655,0.0,4.2444241460312675,4.2444241460312675,42.1,0.0,0,-74,75,Memorial_Day,0.0,0
Beverages,2022-03-18,13849.68,0.0,0.0,4.041105758400194,4.041105758400194,44.5,0.0,0,-73,76,Memorial_Day,0.0,0
Beverages,2022-03-19,16350.57,0.018768837416677217,0.02843041686783767,4.185545011580636,4.003874647795154,54.7,0.2,0,-72,77,Memorial_Day,0.15395793541142605,0
Beverages,2022-03-20,16381.49,0.034804076430166,0.13149394669450204,4.293761385563828,3.666692419309843,55.7,0.0,0,-71,78,Memorial_Day,0.39562640516827224,1
Beverages,2022-03-21,10569.27,0.0,0.0,4.164340630904499,4.164340630904499,50.9,0.0,0,-70,79,Memorial_Day,0.0,0
Beverages,2022-03-22,9685.44,0.03227589453860641,0.0,4.2623067098655305,4.2623067098655305,55.3,0.0,0,-69,80,Memorial_Day,0.0,0
Beverages,2022-03-23,10317.57,0.007569854142012122,0.0,4.110163769182084,4.110163769182084,56.7,0.45,0,-68,81,Memorial_Day,0.0,0
Beverages,2022-03-24,10587.880000000001,0.0,0.0,4.109926708651779,4.109926708651779,55.2,0.0,0,-67,82,Memorial_Day,0.0,0
Beverages,2022-03-25,14040.26,0.0,0.019018289881660135,4.087836998745038,4.031923226492958,48.4,0.0,0,-66,83,Memorial_Day,0.09809433728435228,0
Beverages,2022-03-26,16143.28,0.05525508942420623,0.11447934811171545,4.308305734646243,3.621334772115704,49.9,0.0,0,-65,84,Memorial_Day,0.30116184567200716,1
Beverages,2022-03-27,17116.07,0.03835553371772843,0.14361561955727511,4.641210640059313,3.7804013246031363,54.8,0.0,0,-64,85,Memorial_Day,0.32765991258507354,1
Beverages,2022-03-28,12036.36,0.0,0.029195625711483625,4.135122686592957,4.044908203144471,63.4,0.0,0,-63,86,Memorial_Day,0.12887783349783488,0
Beverages,2022-03-29,10770.92,0.0,0.027508456866757364,4.219348987830194,4.102438046146475,49.7,0.68,0,-62,87,Memorial_Day,0.18267334638081054,0
Beverages,2022-03-30,11031.22,0.0,0.0,4.11439672130553,4.11439672130553,65.6,0.4600000000000001,0,-61,88,Memorial_Day,0.0,0
Beverages,2022-03-31,11156.27,0.0,0.01823029640225069,4.1533543379642115,4.0997572665415944,65.7,0.0,0,-60,89,Memorial_Day,0.11403632217578097,0
Beverages,2022-04-01,14797.05,0.0,0.10192110276549052,4.109235773346714,3.721140950392139,58.8,0.53,0,-59,90,Memorial_Day,0.2832537566609561,1
Beverages,2022-04-02,18271.5,0.0,0.031634859017081914,4.1191266726869715,4.02612018717675,68.7,0.0,0,-58,91,Memorial_Day,0.11342254330514737,0
Beverages,2022-04-03,18433.47,0.0,0.057283562614887006,4.2527955886764675,3.92451932815688,40.2,0.28,0,-57,92,Memorial_Day,0.243434361517392,1
Beverages,2022-04-04,12909.07,0.0,0.02938331891876928,4.121228299172596,4.058935663064806,53.5,0.0,0,-56,93,Memorial_Day,0.1557315902694772,0
Beverages,2022-04-05,9689.54,0.04513904375233499,0.0,4.266484858930351,4.266484858930351,46.8,0.4600000000000001,0,-55,94,Memorial_Day,0.0,0
Beverages,2022-04-06,12991.83,0.0,0.12629624073706364,4.116326576009692,3.5997502507345,59.2,0.09,0,-54,95,Memorial_Day,0.2746472205994075,1
Beverages,2022-04-07,11494.65,0.010627065634882315,0.0,4.112375513825998,4.112375513825998,62.9,0.0,0,-53,96,Memorial_Day,0.0,0
Beverages,2022-04-08,15196.73,0.0,0.02995519184501172,4.228226085480232,4.060177459229716,63.4,0.0,0,-52,97,Memorial_Day,0.15560057986158865,0
Beverages,2022-04-09,17449.2,0.013712417188180547,0.009126725819586182,4.175368887971941,4.124167956124063,53.9,0.37,0,-51,98,Memorial_Day,0.1190719345299498,0
Beverages,2022-04-10,18285.3,0.026811261505143475,0.05447831465201129,4.12631251333038,3.9300024172422656,59.7,0.0,0,-50,99,Memorial_Day,0.23990090400485636,1
Beverages,2022-04-11,12045.67,0.0,0.0,4.139505498656364,4.139505498656364,68.4,0.0,0,-49,100,Memorial_Day,0.0,0
Beverages,2022-04-12,10579.17,0.009139586564919554,0.014922818145744747,4.21358298429839,4.109272485459633,50.4,0.23000000000000004,0,-48,101,Memorial_Day,0.09934333222738646,0
Beverages,2022-04-13,15612.07,0.0,0.12456295726252074,3.7283408926554897,3.4551744515621565,56.0,0.0,0,-47,102,Memorial_Day,0.40120944884310666,1
Beverages,2022-04-14,15216.79,0.0,0.13268790166449168,3.978908173142956,3.513951503569413,37.6,0.18,0,-46,103,Memorial_Day,0.3685245048397198,1
Beverages,2022-04-15,16413.85,0.027341690097082642,0.07439132320457809,3.9820870971770788,3.7931300883095673,67.6,0.0,0,-45,104,Memorial_Day,0.2632807050143629,1
Beverages,2022-04-16,17076.19,0.051905524593015194,0.022363375668470624,4.226115152150451,4.083213181628924,73.0,0.0,0,-44,105,Memorial_Day,0.15202337289524187,0
Beverages,2022-04-17,18712.15,0.0,0.0323979087545732,4.029239611696144,3.9605560451364488,54.9,0.0,0,-43,106,Memorial_Day,0.1856312609721491,0
Beverages,2022-04-18,11946.83,0.0,0.0,4.119953309790128,4.119953309790128,58.7,0.0,0,-42,107,Memorial_Day,0.0,0
Beverages,2022-04-19,12064.99,0.0,0.005110373853775269,4.1868569472498525,4.151135434011963,61.3,0.37,0,-41,108,Memorial_Day,0.09654463037267333,0
Beverages,2022-04-20,12083.26,0.021117623886269102,0.0,4.06678686877548,4.06678686877548,60.7,0.04,0,-40,109,Memorial_Day,0.0,0
Beverages,2022-04-21,13295.25,0.0,0.06319880736819328,4.347081453902709,3.9432410748199542,60.9,0.0,0,-39,110,Memorial_Day,0.1819100806679077,0
Beverages,2022-04-22,17511.489999999998,0.0,0.07061264972521727,4.003298177368116,3.816934989541152,49.4,0.0,0,-38,111,Memorial_Day,0.31409034867963836,1
Beverages,2022-04-23,21134.190000000002,0.0,0.0921733768634837,3.898299925381575,3.6816924897523875,63.5,0.0,0,-37,112,Memorial_Day,0.2329112211066523,1
Beverages,2022-04-24,19665.05,0.047620565419360744,0.09880340443974174,4.077395521496259,3.758653301161197,60.3,0.0,0,-36,113,Memorial_Day,0.3769469185178782,1
Beverages,2022-04-25,13430.64,0.0,0.025656104472563928,4.185441296915113,4.021498789335429,78.2,0.35,0,-35,114,Memorial_Day,0.14637723891043167,0
Beverages,2022-04-26,13347.41,0.0,0.015628054329710084,4.2608112660059145,4.151571166241241,62.9,0.0,0,-34,115,Memorial_Day,0.10305669789120137,0
Beverages,2022-04-27,14112.27,0.014887731031223183,0.09972967997669938,4.003042402108236,3.6689300303919925,62.8,0.0,0,-33,116,Memorial_Day,0.35898973021349506,1
Beverages,2022-04-28,13273.06,0.016656564499821443,0.0,4.211618812843459,4.211618812843459,77.8,0.0,0,-32,117,Memorial_Day,0.0,0
Beverages,2022-04-29,17162.1,0.019371771519802353,0.0,4.190059998485035,4.190059998485035,86.9,0.0,0,-31,118,Memorial_Day,0.0,0
Beverages,2022-04-30,21875.6,0.024595260015725283,0.112111550058883,4.23912871418384,3.78015685512626,67.4,0.0,0,-30,119,Memorial_Day,0.355832525736437,1
Beverages,2022-05-01,22528.05,0.0,0.0875690470414262,4.37051109616678,3.8708698444827676,73.0,0.31,0,-29,120,Memorial_Day,0.3073843497328886,1
Beverages,2022-05-02,13456.880000000001,0.0,0.050254587797974606,3.978939925153527,3.860841643828287,64.5,0.0,0,-28,121,Memorial_Day,0.15140805298107732,0
Beverages,2022-05-03,13184.38,0.0,0.0,4.094166415106361,4.094166415106361,72.0,0.45,0,-27,122,Memorial_Day,0.0,0
Beverages,2022-05-04,15425.05,0.06194991523528287,0.12460400857646677,4.022278514494281,3.437973983876876,68.7,0.0,0,-26,123,Memorial_Day,0.2851724953889939,1
Beverages,2022-05-05,13250.17,0.03172984271145201,0.034644611909812016,4.124036604813372,3.991347741198792,76.7,0.71,0,-25,124,Memorial_Day,0.13268886361458004,0
Beverages,2022-05-06,20519.43,0.0,0.09462145727725929,4.442106627718216,3.7807026413501736,88.5,0.0,0,-24,125,Memorial_Day,0.18951403620860813,0
Beverages,2022-05-07,21394.53,0.04877334907567495,0.12184545795134644,4.419069832335649,3.721529227330538,73.3,0.13,0,-23,126,Memorial_Day,0.3004758692993022,1
Beverages,2022-05-08,22366.59,0.0,0.11451400752665249,4.105110886371145,3.6025614677963866,71.9,0.0,0,-22,127,Memorial_Day,0.387380910545595,1
Beverages,2022-05-09,14745.91,0.0,0.02091659621434139,4.04562836745918,4.001285183484777,84.4,0.58,0,-21,128,Memorial_Day,0.1642340147200139,0
Beverages,2022-05-10,16725.77,0.0,0.16343500068514305,3.9794378614557058,3.372939792906395,72.4,0.0,0,-20,129,Memorial_Day,0.4225264367499971,1
Beverages,2022-05-11,15734.58,0.0,0.0,4.211374736408598,4.211374736408598,89.2,0.0,0,-19,130,Memorial_Day,0.0,0
Beverages,2022-05-12,15110.84,0.021035573138223948,0.03509391387011001,4.12399487387862,3.9607770448234514,88.8,0.74,0,-18,131,Memorial_Day,0.31614986327695876,1
Beverages,2022-05-13,20259.63,0.0,0.08504117552043454,4.005570195507025,3.742792963148883,81.3,0.42000000000000004,0,-17,132,Memorial_Day,0.16953369829557596,0
Beverages,2022-05-14,23537.93,0.0,0.048366378161945923,4.252341289144797,4.046784181956527,81.9,0.0,0,-16,133,Memorial_Day,0.18353313141809835,0
Beverages,2022-05-15,22779.01,0.0,0.14400774850861034,4.035516429379504,3.495381735202716,78.2,0.0,0,-15,134,Memorial_Day,0.28770785034116936,1
Beverages,2022-05-16,14662.32,0.0,0.02832700824797634,4.02501160798564,3.958443138602895,61.2,0.0,0,-14,135,Memorial_Day,0.195789615831601,0
Beverages,2022-05-17,13491.05,0.010184926302993464,0.03959323236807675,4.27796087035479,4.0012041761019335,62.3,0.0,0,-13,136,Memorial_Day,0.13633334692258942,0
Beverages,2022-05-18,13971.88,0.0,0.0,4.18386459087825,4.18386459087825,85.4,0.59,0,-12,137,Memorial_Day,0.0,0
Beverages,2022-05-19,15724.039999999999,0.0,0.051240012108847335,4.265591101269139,3.938167423893605,71.7,0.0,0,-11,138,Memorial_Day,0.15591603684549266,0
Beverages,2022-05-20,16059.04,0.02661850895196724,0.0,4.160983159640925,4.160983159640925,71.2,0.0,0,-10,139,Memorial_Day,0.0,0
Beverages,2022-05-21,27915.5,0.007076091776969783,0.12504470079398905,4.111065583636331,3.6171435474915374,88.5,0.0,0,-9,140,Memorial_Day,0.32300728985688953,1
Beverages,2022-05-22,24490.78,0.032651766909833006,0.1531144405476284,4.336571889502905,3.6036530318756688,74.6,0.0,0,-8,141,Memorial_Day,0.5911808443830698,1
Beverages,2022-05-23,25219.18,0.0,0.1000985461445033,4.302856214991924,3.762971198904961,72.6,0.26,1,-7,142,Memorial_Day,0.3352158952035712,1
Beverages,2022-05-24,21324.54,0.0,0.0,4.221280740405185,4.221280740405185,81.7,0.0,1,-6,143,Memorial_Day,0.0,0
Beverages,2022-05-25,20350.28,0.0,0.0,4.104489599160306,4.104489599160306,84.1,0.28,1,-5,144,Memorial_Day,0.0,0
Beverages,2022-05-26,20581.5,0.0,0.0,4.16191600709375,4.16191600709375,75.3,0.0,1,-4,145,Memorial_Day,0.0,0
Beverages,2022-05-27,24837.489999999998,0.06750655883505136,0.024493066544534554,4.241373472118156,4.172085170441941,78.8,0.0,1,-3,146,Memorial_Day,0.21257663314610295,1
Beverages,2022-05-28,29615.87,0.040384144379347967,0.08559028222510665,4.068935915102274,3.7847453679395535,69.5,0.0,1,-2,147,Memorial_Day,0.4081933098706876,1
Beverages,2022-05-29,36941.87,0.020654449003258364,0.1460422168070744,4.1678612560761,3.5595968693517683,82.7,0.0,1,-1,148,Memorial_Day,0.5868693165776393,1
Beverages,2022-05-30,26460.8,0.0,0.07157706695048618,4.199589502207038,3.8717069022856454,79.7,0.0,1,0,0,Memorial_Day,0.29506515298101343,1
Beverages,2022-05-31,14365.91,0.0,0.19164649763909114,3.907675865991086,3.290360840350524,86.6,0.0,1,-34,1,July_4th,0.42161617328801304,1
Beverages,2022-06-01,12120.039999999999,0.014095438628915415,0.023627223851763177,4.131833261276365,4.041340993924113,89.4,0.0,1,-33,2,July_4th,0.13506308560037758,0
