data/category_day_data.csv
category,date,sales,oos_loss_share,avg_discount_pct,base_price,final_price,temperature,precipitation,holiday_flag,days_to_holiday,days_from_holiday,holiday_name,promo_intensity,promo_flag
Beverages,2022-06-02,14817.96,0.017361180621354087,0.06609164586123072,4.082658355131206,3.8017688602209745,96.8,0.0,1,-32,3,July_4th,0.22836544301644762,1
Beverages,2022-06-03,14525.3,0.012286374808093463,0.09238943466359724,3.789551410297894,3.5724362388384403,74.1,0.0,1,-31,4,July_4th,0.25245950169703896,1
Beverages,2022-06-04,14118.34,0.05581723063759621,0.0,4.218740687644581,4.218740687644581,73.9,0.0,1,-30,5,July_4th,0.0,0
Beverages,2022-06-05,14620.49,0.0,0.0,4.127853074691751,4.127853074691751,70.3,0.0,1,-29,6,July_4th,0.0,0
Beverages,2022-06-06,10670.18,0.0,0.0,4.139681654854932,4.139681654854932,79.3,0.0,1,-28,7,July_4th,0.0,0
Beverages,2022-06-07,13971.33,0.020538159216051732,0.0,4.157934563137512,4.157934563137512,82.3,0.0,0,-27,8,July_4th,0.0,0
Beverages,2022-06-08,18750.66,0.02840230903872184,0.10019431616528655,4.352588132897722,3.843403693523322,89.2,0.0,0,-26,9,July_4th,0.3348612795496266,1
Beverages,2022-06-09,13874.07,0.03685399165493614,0.0,4.26852353346927,4.26852353346927,74.4,0.0,0,-25,10,July_4th,0.0,0
Beverages,2022-06-10,18922.63,0.037163376866746325,0.0,4.065317241842175,4.065317241842175,84.8,0.0,0,-24,11,July_4th,0.0,0
Beverages,2022-06-11,26027.86,0.0,0.0,4.109343741667582,4.109343741667582,91.5,0.0,0,-23,12,July_4th,0.0,0
Beverages,2022-06-12,23412.73,0.014655347753124048,0.1695392589173635,4.04851667447581,3.3706850802960613,75.0,0.56,0,-22,13,July_4th,0.39558863917193765,1
Beverages,2022-06-13,18193.68,0.0,0.011970374565192352,4.205678224526319,4.1291875310547415,91.1,0.45,0,-21,14,July_4th,0.11248631392879285,0
Beverages,2022-06-14,14624.189999999999,0.0,0.0,4.122102701072674,4.122102701072674,82.4,0.05,0,-20,15,July_4th,0.0,0
Beverages,2022-06-15,19689.63,0.0,0.15074474512472094,4.136039458334159,3.5820471689920024,90.3,0.49000000000000005,0,-19,16,July_4th,0.43664812391091146,1
Beverages,2022-06-16,15404.37,0.0,0.0,4.19722255437905,4.19722255437905,74.4,0.23000000000000004,0,-18,17,July_4th,0.0,0
Beverages,2022-06-17,18595.46,0.0,0.0,4.064752418063334,4.064752418063334,77.4,0.0,0,-17,18,July_4th,0.0,0
Beverages,2022-06-18,24394.8,0.0,0.046718977417558157,4.1929589379703875,3.9797802605473303,69.4,0.0,0,-16,19,July_4th,0.23976380212176365,1
Beverages,2022-06-19,25708.05,0.0,0.03330754815280661,4.1347082217437725,3.98182657572239,90.4,0.34,0,-15,20,July_4th,0.1389833145648931,0
Beverages,2022-06-20,13020.25,0.02537398974674065,0.0,4.026968621954263,4.026968621954263,76.4,0.0,0,-14,21,July_4th,0.0,0
Beverages,2022-06-21,15114.71,0.08027196155268611,0.04625130088503187,4.07637797218736,3.940399147585366,83.4,0.0,0,-13,22,July_4th,0.09250260177006374,0
Beverages,2022-06-22,14404.04,0.0,0.0,4.1782721167117,4.1782721167117,71.9,0.39,0,-12,23,July_4th,0.0,0
Beverages,2022-06-23,17463.54,0.0,0.037202761067070135,4.110017161468981,3.967530586582102,76.4,0.43,0,-11,24,July_4th,0.1424865748868786,0
Beverages,2022-06-24,19135.65,0.010964899023550287,0.0,4.067107545340765,4.067107545340765,77.5,0.0,0,-10,25,July_4th,0.0,0
Beverages,2022-06-25,23902.42,0.0123540515981227,0.08271163240988802,4.223231572367987,3.8177017891912204,83.4,0.53,0,-9,26,July_4th,0.330264466945188,1
Beverages,2022-06-26,23506.78,0.0,0.022138517407146466,4.20140436078442,4.059939234552754,82.0,0.0,0,-8,27,July_4th,0.1360241598381403,0
Beverages,2022-06-27,29823.96,0.0,0.11993276634322404,4.026688129275925,3.649368148964793,86.4,0.0,1,-7,28,July_4th,0.3080053755436904,1
Beverages,2022-06-28,30907.77,0.010447386207416452,0.24762582354839793,4.102178617221494,3.1108466252984277,78.0,0.0,1,-6,29,July_4th,0.6511527683815429,1
Beverages,2022-06-29,26590.5,0.0,0.10851509507176342,4.12449019386623,3.6480463172937703,86.0,0.14,1,-5,30,July_4th,0.29777965814858687,1
Beverages,2022-06-30,24008.79,0.0,0.06738620019633494,4.133828535298947,3.847437184464524,68.5,0.0,1,-4,31,July_4th,0.20168404988339686,1
Beverages,2022-07-01,27537.38,0.02318683186272623,0.035578810220185525,4.095658047352362,4.020230969685569,80.0,0.0,1,-3,32,July_4th,0.18396848211412997,0
Beverages,2022-07-02,32775.34,0.019585799567601737,0.020444044712638363,4.181030488165798,4.050393042452038,93.7,0.0,1,-2,33,July_4th,0.13467777908634967,0
Beverages,2022-07-03,39173.71,0.059622954272138116,0.16028000120102956,4.004008476603313,3.4514894147120603,87.8,0.0,1,-1,34,July_4th,0.5916299477379089,1
Beverages,2022-07-04,30801.29,0.0,0.025891457509154184,4.083271583755096,4.0032669800518095,100.0,0.0,1,0,0,July_4th,0.11429229100469493,0
Beverages,2022-07-05,14030.87,0.04689447910215119,0.18584723966017247,3.826302617015196,3.315928463452373,90.9,0.33,1,-62,1,Labor_Day,0.4840982775836423,1
Beverages,2022-07-06,12766.81,0.0,0.09580917994131062,4.486740031378238,3.8170338635884766,81.3,0.0,1,-61,2,Labor_Day,0.19189288475351324,0
Beverages,2022-07-07,15143.36,0.0,0.1885078065538107,4.157830276768167,3.379199490733893,85.0,0.32,1,-60,3,Labor_Day,0.49592296557699217,1
Beverages,2022-07-08,11988.61,0.0,0.0,4.259616360862519,4.259616360862519,64.8,0.0,1,-59,4,Labor_Day,0.0,0
Beverages,2022-07-09,16015.869999999999,0.0,0.0,4.1150444215643605,4.1150444215643605,81.6,0.0,1,-58,5,Labor_Day,0.0,0
Beverages,2022-07-10,18359.08,0.0207923921024365,0.03307926383369047,4.029738559884264,3.9520022898750913,97.6,0.0,1,-57,6,Labor_Day,0.17667334092993764,0
Beverages,2022-07-11,10756.27,0.016312490296357382,0.0,4.152616762130368,4.152616762130368,87.1,0.0,1,-56,7,Labor_Day,0.0,0
Beverages,2022-07-12,14843.61,0.012728143625438828,0.08878432917780886,3.999317308929567,3.5917972380034238,80.8,0.09,0,-55,8,Labor_Day,0.1771826395331055,0
Beverages,2022-07-13,15009.67,0.0,0.0,4.1173954457359825,4.1173954457359825,78.1,0.14,0,-54,9,Labor_Day,0.0,0
Beverages,2022-07-14,21464.239999999998,0.0,0.2379593635846285,3.984154477400551,3.137204331483434,72.4,0.0,0,-53,10,Labor_Day,0.5255545968550482,1
Beverages,2022-07-15,20086.52,0.02658329068449886,0.008228730742102182,4.151676308290336,4.127483839908555,88.8,0.0,0,-52,11,Labor_Day,0.09676987352712167,0
Beverages,2022-07-16,29496.129999999997,0.03257569382830901,0.16336447647703886,3.712580996218826,3.237150480418957,89.9,0.0,0,-51,12,Labor_Day,0.4500661612218281,1
Beverages,2022-07-17,19526.47,0.0,0.0,4.144073142764668,4.144073142764668,76.2,0.0,0,-50,13,Labor_Day,0.0,0
Beverages,2022-07-18,18991.02,0.0,0.0,4.106398271393532,4.106398271393532,98.4,0.0,0,-49,14,Labor_Day,0.0,0
Beverages,2022-07-19,15126.85,0.0,0.11135038865539447,4.024845324704085,3.5983733361539247,75.7,0.0,0,-48,15,Labor_Day,0.22328376363882763,1
Beverages,2022-07-20,14445.48,0.05299776954452189,0.0,4.151337144906227,4.151337144906227,83.9,0.0,0,-47,16,Labor_Day,0.0,0
Beverages,2022-07-21,18248.89,0.0,0.0,4.1444908046462,4.1444908046462,99.9,0.0,0,-46,17,Labor_Day,0.0,0
Beverages,2022-07-22,21837.760000000002,0.0,0.08064242852746802,4.093212334964759,3.856123595094003,93.2,0.0,0,-45,18,Labor_Day,0.16128485705493603,0
Beverages,2022-07-23,21875.88,0.007565912776994572,0.0,4.081823176941911,4.081823176941911,83.3,0.0,0,-44,19,Labor_Day,0.0,0
Beverages,2022-07-24,25340.54,0.02638134309687165,0.05983788763091624,4.206302782024376,3.8706122324149366,93.5,0.0,0,-43,20,Labor_Day,0.18047879011260218,0
Beverages,2022-07-25,15438.23,0.007030316946955705,0.0,4.118034224130615,4.118034224130615,82.9,0.0,0,-42,21,Labor_Day,0.0,0
Beverages,2022-07-26,13375.67,0.013027018459636039,0.0,4.183845534466684,4.183845534466684,75.5,0.0,0,-41,22,Labor_Day,0.0,0
Beverages,2022-07-27,15485.31,0.0,0.006006298839209992,4.076796170047612,4.053792045493439,89.3,0.13,0,-40,23,Labor_Day,0.11502062277087124,0
Beverages,2022-07-28,13101.37,0.02445852609307271,0.05031664806800317,4.384083412650738,4.191370650550286,84.5,0.51,0,-39,24,Labor_Day,0.15541351782294524,0
Beverages,2022-07-29,20934.95,0.02537101832103731,0.0,4.1111572848275255,4.1111572848275255,96.9,0.21000000000000002,0,-38,25,Labor_Day,0.0,0
Beverages,2022-07-30,27316.85,0.005767471359252623,0.11755861796785927,3.991786234503612,3.621319321224812,87.8,0.54,0,-37,26,Labor_Day,0.35444569926620384,1
Beverages,2022-07-31,24570.010000000002,0.039218285625443376,0.06990970353217221,4.07962989840053,3.81187573387231,91.5,0.0,0,-36,27,Labor_Day,0.18465804450222037,0
Beverages,2022-08-01,16630.56,0.0,0.056417077431897875,4.075517330745327,3.840312382745981,81.6,0.0,0,-35,28,Labor_Day,0.2725542615522267,1
Beverages,2022-08-02,12927.61,0.0,0.0,4.153848824337987,4.153848824337987,66.5,0.0,0,-34,29,Labor_Day,0.0,0
Beverages,2022-08-03,12486.24,0.0,0.004946537959443276,4.082844691436333,4.060140082202488,70.2,0.55,0,-33,30,Labor_Day,0.09460253847435257,0
Beverages,2022-08-04,13479.26,0.0,0.0,4.105772735298525,4.105772735298525,63.4,0.0,0,-32,31,Labor_Day,0.0,0
Beverages,2022-08-05,18621.54,0.0,0.03979662329391861,4.117212271380348,3.964791204164639,77.9,0.0,0,-31,32,Labor_Day,0.16044322864811394,0
Beverages,2022-08-06,21619.98,0.014093511649872017,0.015458413385918681,4.138265613566711,4.067311496125344,86.6,0.0,0,-30,33,Labor_Day,0.13139651378030878,0
Beverages,2022-08-07,23062.28,0.06490154182500603,0.019327711758057947,4.2002369106610455,4.140514281328646,98.8,0.0,0,-29,34,Labor_Day,0.1194452586647981,0
Beverages,2022-08-08,13874.42,0.0,0.03136767916002139,4.030212477350404,3.910074266167522,76.3,0.0,0,-28,35,Labor_Day,0.15017276397860235,0
Beverages,2022-08-09,14548.32,0.0,0.01550306735799464,4.058574770145282,4.0257082673463325,91.6,0.0,0,-27,36,Labor_Day,0.14939319454067548,0
Beverages,2022-08-10,13230.72,0.1090525791491317,0.04473041349757142,4.107083990893919,3.9169797335292404,82.7,0.0,0,-26,37,Labor_Day,0.1473676413679679,0
Beverages,2022-08-11,12568.06,0.013854369727706583,0.0,4.245729046487684,4.245729046487684,67.9,0.0,0,-25,38,Labor_Day,0.0,0
Beverages,2022-08-12,15986.97,0.01254295466870833,0.0,4.175355755343258,4.175355755343258,72.8,0.12,0,-24,39,Labor_Day,0.0,0
Beverages,2022-08-13,22937.05,0.011780313946213658,0.043477773093649384,4.149681580674063,3.9575745573210153,86.5,0.15,0,-23,40,Labor_Day,0.24990092448680193,1
Beverages,2022-08-14,21074.47,0.0,0.07565153433573207,3.8750515528978906,3.673369854615561,61.6,0.0,0,-22,41,Labor_Day,0.3231127520644647,1
Beverages,2022-08-15,16000.61,0.0,0.05912396583661576,4.149590684355159,3.9162517054037314,86.8,0.0,0,-21,42,Labor_Day,0.25283411069952955,1
Beverages,2022-08-16,18225.6,0.007580191598630498,0.17105546545566075,4.479542039768239,3.499709529453077,86.5,0.0,0,-20,43,Labor_Day,0.3781675226055658,1
Beverages,2022-08-17,13904.119999999999,0.011592010857213546,0.013112161087827912,4.1210795217532645,4.08252976815505,83.1,0.0,0,-19,44,Labor_Day,0.0988455220467027,0
Beverages,2022-08-18,13355.38,0.050054936662229,0.0,4.164478090477395,4.164478090477395,82.1,0.0,0,-18,45,Labor_Day,0.0,0
Beverages,2022-08-19,18922.93,0.0,0.09446064166144323,4.327176024008967,3.7187363637660766,79.5,0.13,0,-17,46,Labor_Day,0.27716479424697976,1
Beverages,2022-08-20,16686.67,0.008127864936503209,0.0,4.132282750243157,4.132282750243157,71.8,0.9200000000000002,0,-16,47,Labor_Day,0.0,0
Beverages,2022-08-21,18810.95,0.012920012014278916,0.053423749962745216,4.000525327003687,3.874979514591236,67.9,0.0,0,-15,48,Labor_Day,0.20924302068741876,1
Beverages,2022-08-22,13252.98,0.0,0.0,4.035074156906598,4.035074156906598,65.5,0.0,0,-14,49,Labor_Day,0.0,0
Beverages,2022-08-23,12885.51,0.03663246157893634,0.09341567955245594,4.0878333880459525,3.8370636940253045,70.6,0.4699999999999999,0,-13,50,Labor_Day,0.34576047048195996,1
Beverages,2022-08-24,12367.21,0.017812995008575094,0.0,4.071674080087586,4.071674080087586,77.0,0.18,0,-12,51,Labor_Day,0.0,0
Beverages,2022-08-25,15353.09,0.0,0.06923817110043812,3.954001109874299,3.791291407788269,83.1,0.38,0,-11,52,Labor_Day,0.20087617541485134,1
Beverages,2022-08-26,15366.26,0.0,0.0,4.190760660043498,4.190760660043498,80.0,0.0,0,-10,53,Labor_Day,0.0,0
Beverages,2022-08-27,20980.739999999998,0.0,0.0378078466873518,4.161481434877892,3.987943418582948,84.5,0.0,0,-9,54,Labor_Day,0.14461501357912068,0
Beverages,2022-08-28,17989.329999999998,0.0,0.030036458539916856,4.060357111687872,3.9327021628932255,66.3,0.0,0,-8,55,Labor_Day,0.18236421256378088,0
Beverages,2022-08-29,18790.34,0.017719732053810625,0.028388596084425285,4.216285905417358,4.057025881383732,74.8,0.0,1,-7,56,Labor_Day,0.1447818400305689,0
Beverages,2022-08-30,20082.95,0.0,0.09512056859622058,3.991377392265578,3.7149176241538218,75.4,0.0,1,-6,57,Labor_Day,0.39841457554791504,1
Beverages,2022-08-31,21042.120000000003,0.04356485848384099,0.11356784788246686,4.24533270887154,3.6943789551623123,85.3,0.0,1,-5,58,Labor_Day,0.3309243555307165,1
Beverages,2022-09-01,25252.16,0.006345728048610495,0.22191403699325898,4.424109624681611,3.376345231457428,74.3,0.0,1,-4,59,Labor_Day,0.7757031477703293,1
Beverages,2022-09-02,23902.85,0.0562529087535587,0.0733114038786837,3.962114831494989,3.755160748613659,84.8,0.0,1,-3,60,Labor_Day,0.3828125098053161,1
Beverages,2022-09-03,25254.5,0.02042778514720149,0.04205176930006649,4.116849840622463,3.94316401829377,79.3,0.0,1,-2,61,Labor_Day,0.21569027302064978,1
Beverages,2022-09-04,30599.27,0.0070685516353821524,0.21447639658757145,4.232995051842741,3.3223642557485853,72.9,0.0,1,-1,62,Labor_Day,0.5829635805037179,1
Beverages,2022-09-05,17239.489999999998,0.0,0.0,4.124538660946467,4.124538660946467,68.0,0.0,1,0,0,Labor_Day,0.0,0
Beverages,2022-09-06,7695.33,0.020711074118978656,0.016589845296258295,4.030474300647276,3.9669351931626067,75.0,0.0,1,-79,1,Thanksgiving,0.14440706246515744,0
Beverages,2022-09-07,9284.25,0.010361961386218595,0.13012200921900907,3.9955788782077177,3.603448162210195,67.5,0.0,1,-78,2,Thanksgiving,0.4186714058755419,1
Beverages,2022-09-08,8662.75,0.0,0.024292506986074526,4.110933248679692,4.053845857262417,78.3,0.0,1,-77,3,Thanksgiving,0.13923754004213443,0
Beverages,2022-09-09,9564.72,0.0,0.0,4.12686949539558,4.12686949539558,70.7,0.0,1,-76,4,Thanksgiving,0.0,0
Beverages,2022-09-10,10991.21,0.02356955239686986,0.0,4.0677747490949585,4.0677747490949585,74.0,0.0,1,-75,5,Thanksgiving,0.0,0
Beverages,2022-09-11,11212.41,0.03610963744636523,0.05488646362122872,4.302106112780392,3.9511131594367312,67.9,0.0,1,-74,6,Thanksgiving,0.37097020176750584,1
Beverages,2022-09-12,8813.1,0.0,0.022574719872413995,4.0576262722538035,3.971165095142458,84.4,0.0,1,-73,7,Thanksgiving,0.12904653300200836,0
Beverages,2022-09-13,10423.5,0.0,0.0,4.104067299851297,4.104067299851297,76.0,0.0,0,-72,8,Thanksgiving,0.0,0
Beverages,2022-09-14,11851.61,0.0,0.02500230752709777,4.183202029091405,4.087443191262621,70.3,0.0,0,-71,9,Thanksgiving,0.14508914822543095,0
Beverages,2022-09-15,12058.87,0.015297768364697518,0.0655864058453228,3.7974833794542935,3.6341477020649524,71.9,0.0,0,-70,10,Thanksgiving,0.30774774087455953,1
Beverages,2022-09-16,13349.47,0.01595168796963475,0.0,4.192358063653463,4.192358063653463,71.4,0.0,0,-69,11,Thanksgiving,0.0,0
Beverages,2022-09-17,19894.61,0.009669867366085588,0.13452997238695977,3.9122851968447736,3.510202627746912,62.9,0.0,0,-68,12,Thanksgiving,0.5351786237578922,1
Beverages,2022-09-18,15294.06,0.05367391654014695,0.0420905572305837,4.173785665807509,4.0421926551877,68.1,0.0,0,-67,13,Thanksgiving,0.22702147108092946,1
Beverages,2022-09-19,9004.25,0.08231868617597246,0.0,4.080377366243718,4.080377366243718,69.2,0.0,0,-66,14,Thanksgiving,0.0,0
Beverages,2022-09-20,9262.08,0.020496676772388058,0.0,4.117539192060531,4.117539192060531,57.0,0.0,0,-65,15,Thanksgiving,0.0,0
Beverages,2022-09-21,10733.58,0.02633960803385263,0.040304146219414,4.24784052478297,4.062844493635859,70.3,0.0,0,-64,16,Thanksgiving,0.15545884970345403,0
Beverages,2022-09-22,15017.720000000001,0.0,0.18756565480816076,3.8774034940057476,3.2002156186158754,67.8,0.0,0,-63,17,Thanksgiving,0.5274082883420386,1
Beverages,2022-09-23,13123.17,0.0,0.0,4.135857182372857,4.135857182372857,71.2,0.0,0,-62,18,Thanksgiving,0.0,0
Beverages,2022-09-24,15473.85,0.013747192844702515,0.0,4.162049541646068,4.162049541646068,78.6,0.0,0,-61,19,Thanksgiving,0.0,0
Beverages,2022-09-25,17961.35,0.015883862849952815,0.15318927483086298,3.954483961394883,3.4658153479554707,64.9,0.4,0,-60,20,Thanksgiving,0.5208032803770318,1
Beverages,2022-09-26,10298.9,0.0,0.0,4.153720931361602,4.153720931361602,68.2,0.0,0,-59,21,Thanksgiving,0.0,0
Beverages,2022-09-27,9786.41,0.032965740245912444,0.03155185399916044,4.158779164167452,4.05949112085024,58.3,0.0,0,-58,22,Thanksgiving,0.21000448581246853,1
Beverages,2022-09-28,9426.45,0.0,0.0,4.147235587098006,4.147235587098006,53.4,0.0,0,-57,23,Thanksgiving,0.0,0
Beverages,2022-09-29,11113.6,0.0,0.07853532218704683,4.094995177080334,3.7942048931039447,62.2,0.0,0,-56,24,Thanksgiving,0.157481824071408,0
Beverages,2022-09-30,12069.41,0.0,0.02406136079323086,4.016988204062999,3.9462478033309005,65.2,0.0,0,-55,25,Thanksgiving,0.1198989842916928,0
Beverages,2022-10-01,15743.77,0.0,0.028884597333675866,4.242445977043618,4.057873400081429,60.9,0.0,0,-54,26,Thanksgiving,0.14089509691770138,0
Beverages,2022-10-02,13367.18,0.0,0.00796324167892259,4.1361223459248695,4.119240273565554,61.9,0.0,0,-53,27,Thanksgiving,0.1298620950716606,0
Beverages,2022-10-03,9216.93,0.06453686748190558,0.0,4.073325152735238,4.073325152735238,73.0,0.0,0,-52,28,Thanksgiving,0.0,0
Beverages,2022-10-04,8874.78,0.021469985734857658,0.0,4.039203180247848,4.039203180247848,54.5,0.0,0,-51,29,Thanksgiving,0.0,0
Beverages,2022-10-05,8572.73,0.027714112073983437,0.0,4.2269994155887325,4.2269994155887325,69.9,0.0,0,-50,30,Thanksgiving,0.0,0
Beverages,2022-10-06,9903.59,0.020537279915666944,0.0,4.133616425962707,4.133616425962707,76.9,0.0,0,-49,31,Thanksgiving,0.0,0
Beverages,2022-10-07,11680.6,0.0,0.0,4.159760671540845,4.159760671540845,55.9,0.16,0,-48,32,Thanksgiving,0.0,0
