data/category_day_data.csv
category,date,sales,oos_loss_share,avg_discount_pct,base_price,final_price,temperature,precipitation,holiday_flag,days_to_holiday,days_from_holiday,holiday_name,promo_intensity,promo_flag
Beverages,2023-02-10,9938.68,0.02160128407394141,0.02262809193030486,4.212018064773189,4.115848674069394,52.0,0.0,0,-108,40,Memorial_Day,0.15765473885868145,0
Beverages,2023-02-11,11946.44,0.010353912964866522,0.014434095136471276,4.218000098774196,4.117105773770262,55.7,0.0,0,-107,41,Memorial_Day,0.10509825521243148,0
Beverages,2023-02-12,13409.02,0.05734019935834237,0.19983124467272825,3.6264586748323144,3.123197914538124,40.4,0.0,0,-106,42,Memorial_Day,0.5020255022365542,1
Beverages,2023-02-13,7755.01,0.028326771983530646,0.0,4.129403211601274,4.129403211601274,49.2,0.09,0,-105,43,Memorial_Day,0.0,0
Beverages,2023-02-14,9248.8,0.0,0.08749814302353029,4.348989371594153,3.8720540286307417,48.6,0.0,0,-104,44,Memorial_Day,0.3151035810051034,1
Beverages,2023-02-15,8445.26,0.0,0.025169172870614348,4.113672557150402,4.017274625055948,48.5,0.28,0,-103,45,Memorial_Day,0.1633863255838186,0
Beverages,2023-02-16,8799.07,0.020724787960545832,0.054441043563864075,3.9113536998796468,3.7834172475045653,49.7,0.0,0,-102,46,Memorial_Day,0.2030737339286993,1
Beverages,2023-02-17,10816.64,0.02911798858055736,0.08561629561069348,4.063105751878587,3.697070532069108,38.9,0.0,0,-101,47,Memorial_Day,0.3606702266138098,1
Beverages,2023-02-18,13555.11,0.0,0.025312621893120744,4.0915662580384815,4.017147149672707,34.2,0.0,0,-100,48,Memorial_Day,0.12830880752719823,0
Beverages,2023-02-19,14675.52,0.0,0.10106943334768843,3.9625475076862693,3.663671999356752,36.4,0.0,0,-99,49,Memorial_Day,0.5185751509997601,1
Beverages,2023-02-20,8573.23,0.0,0.0,4.20883325187823,4.20883325187823,28.6,0.0,0,-98,50,Memorial_Day,0.0,0
Beverages,2023-02-21,9486.19,0.00742754045617893,0.12137264868822793,4.488643754763503,3.713072529645727,40.4,0.3,0,-97,51,Memorial_Day,0.24236600784930515,1
Beverages,2023-02-22,9123.09,0.0,0.0,4.165563356275121,4.165563356275121,40.9,0.0,0,-96,52,Memorial_Day,0.0,0
Beverages,2023-02-23,9150.83,0.0,0.0,4.16794980346045,4.16794980346045,49.5,0.0,0,-95,53,Memorial_Day,0.0,0
Beverages,2023-02-24,11346.59,0.0,0.0,4.160877629314181,4.160877629314181,53.5,0.0,0,-94,54,Memorial_Day,0.0,0
Beverages,2023-02-25,12089.14,0.049415971690293936,0.0646173653767421,4.271801674891679,3.997177872040525,47.8,0.0,0,-93,55,Memorial_Day,0.25194844298271013,1
Beverages,2023-02-26,16052.64,0.0,0.10800264956596696,3.978532129294621,3.621055489938104,42.9,0.0,0,-92,56,Memorial_Day,0.39175861415941554,1
Beverages,2023-02-27,9284.77,0.0,0.0,4.1946078039628345,4.1946078039628345,38.1,0.0,0,-91,57,Memorial_Day,0.0,0
Beverages,2023-02-28,8735.619999999999,0.023194289586772318,0.047753221268561116,4.2243167514154685,4.04142191395688,43.5,0.0,0,-90,58,Memorial_Day,0.14991380119556483,0
Beverages,2023-03-01,9204.03,0.0,0.0,4.140213819381293,4.140213819381293,51.4,0.0,0,-89,59,Memorial_Day,0.0,0
Beverages,2023-03-02,9564.16,0.022763166864627947,0.0,4.181314961272083,4.181314961272083,51.0,0.0,0,-88,60,Memorial_Day,0.0,0
Beverages,2023-03-03,12889.55,0.0,0.05146099852508424,4.065773847806944,3.894314720063927,43.8,0.0,0,-87,61,Memorial_Day,0.24140020404125823,1
Beverages,2023-03-04,15864.78,0.022261679645100656,0.12364878679271622,3.8495814313214556,3.5022528456114737,46.7,0.0,0,-86,62,Memorial_Day,0.36715416160829206,1
Beverages,2023-03-05,13590.44,0.0,0.047787247735995256,4.090823762880379,3.91800263273301,42.0,0.0,0,-85,63,Memorial_Day,0.22730389891718,1
Beverages,2023-03-06,9451.16,0.0037971381290762196,0.0,4.163410544314137,4.163410544314137,48.4,0.0,0,-84,64,Memorial_Day,0.0,0
Beverages,2023-03-07,8964.39,0.0,0.0,4.1498169312133895,4.1498169312133895,37.3,0.0,0,-83,65,Memorial_Day,0.0,0
Beverages,2023-03-08,9735.16,0.0,0.0,4.095103460035583,4.095103460035583,56.9,0.0,0,-82,66,Memorial_Day,0.0,0
Beverages,2023-03-09,9745.73,0.0,0.0,4.233675732859417,4.233675732859417,49.8,0.0,0,-81,67,Memorial_Day,0.0,0
Beverages,2023-03-10,11482.72,0.0,0.0,4.227877297365084,4.227877297365084,40.8,0.25,0,-80,68,Memorial_Day,0.0,0
Beverages,2023-03-11,13231.66,0.06670789984023169,0.11573458835884956,3.912815156979548,3.6408388743362514,45.0,0.0,0,-79,69,Memorial_Day,0.2324583612335867,1
Beverages,2023-03-12,14413.42,0.03385022985523214,0.0630070009702436,3.882782247377791,3.749207405320875,39.3,0.37,0,-78,70,Memorial_Day,0.22639803738460407,1
Beverages,2023-03-13,12172.869999999999,0.0,0.12532592270400342,4.096954128319781,3.564318956827765,45.9,0.4699999999999999,0,-77,71,Memorial_Day,0.2500634607943731,1
Beverages,2023-03-14,11251.52,0.0,0.09472409061175735,4.03427834639231,3.7557895199937437,41.9,0.0,0,-76,72,Memorial_Day,0.18944818122351467,0
Beverages,2023-03-15,11699.72,0.010275459583648155,0.11035337808634099,3.934912382518556,3.629136235738975,49.4,0.0,0,-75,73,Memorial_Day,0.404285743590445,1
Beverages,2023-03-16,11827.35,0.0,0.0615749449819203,4.021852942544188,3.8771518218366747,51.5,0.0,0,-74,74,Memorial_Day,0.21279576574634215,1
Beverages,2023-03-17,12910.65,0.0,0.0,4.106643507491877,4.106643507491877,47.2,0.0,0,-73,75,Memorial_Day,0.0,0
Beverages,2023-03-18,16146.43,0.0,0.0542947677391638,4.10357930514671,3.8543663212239485,55.3,0.0,0,-72,76,Memorial_Day,0.14659587289574227,0
Beverages,2023-03-19,14028.630000000001,0.050438193180659834,0.0,4.222487562933799,4.222487562933799,32.7,0.0,0,-71,77,Memorial_Day,0.0,0
Beverages,2023-03-20,11945.55,0.0,0.08293413382413357,3.983974810703568,3.7544847495510885,48.3,0.0,0,-70,78,Memorial_Day,0.3200999535391841,1
Beverages,2023-03-21,9684.029999999999,0.025900663256929194,0.0,4.236101385476914,4.236101385476914,57.3,0.0,0,-69,79,Memorial_Day,0.0,0
Beverages,2023-03-22,12655.24,0.031884445494514524,0.1694514095940211,4.063240381059545,3.37496812387596,52.2,0.0,0,-68,80,Memorial_Day,0.44983737961508435,1
Beverages,2023-03-23,11625.43,0.01120251379948957,0.04270589806138093,4.1913264971704285,3.993385440366507,38.9,0.0,0,-67,81,Memorial_Day,0.2901148602675342,1
Beverages,2023-03-24,13927.4,0.0,0.0,4.166456991254649,4.166456991254649,52.3,0.0,0,-66,82,Memorial_Day,0.0,0
Beverages,2023-03-25,15691.36,0.02934598976761734,0.05622636183902371,4.003076597567068,3.8709446472453624,55.7,0.73,0,-65,83,Memorial_Day,0.18875992903100813,0
Beverages,2023-03-26,14238.2,0.021785935019876107,0.0,4.023186196288856,4.023186196288856,55.4,0.0,0,-64,84,Memorial_Day,0.0,0
Beverages,2023-03-27,12440.1,0.016198092459063833,0.1171331317546021,3.8402654882195475,3.5650026285962326,55.7,0.0,0,-63,85,Memorial_Day,0.23526740138744864,1
Beverages,2023-03-28,11484.18,0.02649766374264423,0.06792567148786409,4.0783249391771985,3.8117053807934047,48.7,0.0,0,-62,86,Memorial_Day,0.3816215001854725,1
Beverages,2023-03-29,15610.220000000001,0.0,0.23403415534223201,3.9656609900437028,3.1201569804909868,50.4,0.0,0,-61,87,Memorial_Day,0.46842581334535965,1
Beverages,2023-03-30,11712.35,0.0,0.0,4.170985378681476,4.170985378681476,48.7,0.1,0,-60,88,Memorial_Day,0.0,0
Beverages,2023-03-31,16660.84,0.0,0.12387416455118437,4.09268448649648,3.5804183282475552,55.4,0.06,0,-59,89,Memorial_Day,0.3061154179501153,1
Beverages,2023-04-01,18703.760000000002,0.0,0.0442326201084494,4.006368420039607,3.8729564002104384,52.1,0.23000000000000004,0,-58,90,Memorial_Day,0.22125925482362901,1
Beverages,2023-04-02,19644.62,0.0,0.12823517354817401,3.9815536060254653,3.574386045645067,55.1,0.0,0,-57,91,Memorial_Day,0.3381653602869386,1
Beverages,2023-04-03,12247.94,0.0,0.04725420492480096,4.04217204689115,3.9032446844122357,73.6,0.34,0,-56,92,Memorial_Day,0.1432240850298091,0
Beverages,2023-04-04,11146.5,0.008845348764186068,0.0,4.148462091239402,4.148462091239402,56.3,0.0,0,-55,93,Memorial_Day,0.0,0
Beverages,2023-04-05,11686.05,0.016307397281373946,0.0,4.170532070288934,4.170532070288934,69.6,0.0,0,-54,94,Memorial_Day,0.0,0
Beverages,2023-04-06,12389.25,0.0,0.0378020829172317,4.005820989971144,3.894682866194483,60.0,0.0,0,-53,95,Memorial_Day,0.12080230845289264,0
Beverages,2023-04-07,15300.12,0.025147436098540404,0.08077819774850376,4.581709751296069,4.065537067683129,55.1,0.0,0,-52,96,Memorial_Day,0.21871723881904193,1
Beverages,2023-04-08,20400.12,0.0,0.15760693643234053,3.8941412158359854,3.482321849087162,68.6,0.8,0,-51,97,Memorial_Day,0.4968916849508728,1
Beverages,2023-04-09,20080.07,0.0,0.07147229130616871,4.271062451475518,3.8931390179416705,47.0,0.3,0,-50,98,Memorial_Day,0.48037979947281056,1
Beverages,2023-04-10,11962.79,0.0,0.0,4.125789360174339,4.125789360174339,55.2,0.0,0,-49,99,Memorial_Day,0.0,0
Beverages,2023-04-11,12469.56,0.0,0.0486446555436112,4.270183438709948,3.9972869211102884,51.4,0.4,0,-48,100,Memorial_Day,0.19083672559416692,0
Beverages,2023-04-12,16879.940000000002,0.0,0.2037348619137546,4.210484427077348,3.2691347303367193,59.5,0.24,0,-47,101,Memorial_Day,0.5611281793655664,1
Beverages,2023-04-13,13366.87,0.013744973954261544,0.06427079875578248,4.13222525542629,3.859074360714214,59.4,0.13,0,-46,102,Memorial_Day,0.18837992738763826,0
Beverages,2023-04-14,17670.32,0.035979302016035934,0.14066877575607672,4.032992311401265,3.586800103223937,70.4,0.0,0,-45,103,Memorial_Day,0.3448635904726117,1
Beverages,2023-04-15,18320.239999999998,0.046303544058374786,0.0327863526768895,4.395580914878845,4.18607612127352,61.6,0.0,0,-44,104,Memorial_Day,0.1703291004921333,0
Beverages,2023-04-16,21019.68,0.0,0.16225475074125956,3.8941387071544393,3.3746525732075847,77.8,0.6,0,-43,105,Memorial_Day,0.39168055841002336,1
Beverages,2023-04-17,14296.71,0.03596163103259421,0.10985093433778194,4.090445214318539,3.6376378481482807,58.5,0.0,0,-42,106,Memorial_Day,0.3691898345843205,1
Beverages,2023-04-18,11666.6,0.0,0.0,4.102277287298785,4.102277287298785,70.9,0.0,0,-41,107,Memorial_Day,0.0,0
Beverages,2023-04-19,13444.03,0.0,0.06230386275543866,3.8649398729398845,3.7328556838983546,52.2,0.43,0,-40,108,Memorial_Day,0.24921545102175463,1
Beverages,2023-04-20,13331.16,0.0,0.0,4.116310576123908,4.116310576123908,72.7,0.0,0,-39,109,Memorial_Day,0.0,0
Beverages,2023-04-21,16203.27,0.0,0.009505446326866184,4.15151774919507,4.085074679370275,75.4,0.0,0,-38,110,Memorial_Day,0.08859075976639283,0
Beverages,2023-04-22,19321.47,0.0,0.023764469773568896,4.052818765859947,3.9829512247256544,69.1,0.0,0,-37,111,Memorial_Day,0.11841956124456368,0
Beverages,2023-04-23,23903.78,0.0,0.16915201194471158,4.2594447238051885,3.3809684326077294,61.3,0.0,0,-36,112,Memorial_Day,0.4669939231368428,1
Beverages,2023-04-24,13253.68,0.0236662798558589,0.04125728367586501,4.158198115542249,4.0001827190636865,58.1,0.0,0,-35,113,Memorial_Day,0.15645088760253756,0
Beverages,2023-04-25,11699.630000000001,0.03940544102676751,0.0,4.1421183404945285,4.1421183404945285,51.8,0.0,0,-34,114,Memorial_Day,0.0,0
Beverages,2023-04-26,12917.59,0.0,0.01780096856898412,4.181263200024153,4.113085490404944,67.1,0.24,0,-33,115,Memorial_Day,0.13913818289634522,0
Beverages,2023-04-27,14073.44,0.0,0.007279778832484801,4.191939298423129,4.170536748655624,73.1,0.0,0,-32,116,Memorial_Day,0.08561019907002125,0
Beverages,2023-04-28,17896.57,0.0,0.04239051640964669,4.180040627896854,3.968455352059082,65.4,0.24,0,-31,117,Memorial_Day,0.24902816573231631,1
Beverages,2023-04-29,18755.12,0.0,0.06554960867747202,4.064120602800729,3.86157231198734,73.1,0.71,0,-30,118,Memorial_Day,0.13067631665379909,0
Beverages,2023-04-30,27988.03,0.0,0.2794158679883531,4.472736234025761,3.052696249075051,53.3,0.26,0,-29,119,Memorial_Day,0.6505045192534095,1
Beverages,2023-05-01,14680.83,0.0,0.0427724439778544,3.91293541305226,3.8124201697043016,71.1,0.0,0,-28,120,Memorial_Day,0.18965140254331667,0
Beverages,2023-05-02,12431.39,0.03276918510319442,0.0,4.226096904690465,4.226096904690465,83.2,0.0,0,-27,121,Memorial_Day,0.0,0
Beverages,2023-05-03,15155.869999999999,0.017391146796587723,0.08692826365850473,3.9247592055091514,3.6964395775366232,64.9,0.0,0,-26,122,Memorial_Day,0.3104559487512099,1
Beverages,2023-05-04,13779.18,0.015209337565805803,0.0,4.172582475880278,4.172582475880278,60.3,0.0,0,-25,123,Memorial_Day,0.0,0
Beverages,2023-05-05,18793.57,0.0,0.09667979867415656,4.146902903493056,3.7766192745710367,62.0,0.19,0,-24,124,Memorial_Day,0.1938657743047223,0
Beverages,2023-05-06,20576.46,0.0,0.0124835194342405,4.081669125787429,4.052332855116964,67.7,0.0,0,-23,125,Memorial_Day,0.13969652700221516,0
Beverages,2023-05-07,25048.58,0.0,0.10898968099333331,4.262404858878227,3.7797087299958725,88.9,0.0,0,-22,126,Memorial_Day,0.31929195187910847,1
Beverages,2023-05-08,14314.4,0.0,0.0,4.239683221092046,4.239683221092046,72.5,0.0,0,-21,127,Memorial_Day,0.0,0
Beverages,2023-05-09,15732.81,0.01297713504453432,0.10223961237726831,3.8654540161611304,3.618545905022688,72.8,0.22000000000000003,0,-20,128,Memorial_Day,0.3295298169875566,1
Beverages,2023-05-10,13376.69,0.025153090188977992,0.0,4.093300113854773,4.093300113854773,64.4,0.0,0,-19,129,Memorial_Day,0.0,0
Beverages,2023-05-11,18652.39,0.0,0.07657453222968671,4.3664356417595815,3.9368525159510397,88.2,0.0,0,-18,130,Memorial_Day,0.19526505718570114,0
Beverages,2023-05-12,15027.14,0.019232360249521872,0.0,4.137219710470522,4.137219710470522,73.2,0.57,0,-17,131,Memorial_Day,0.0,0
Beverages,2023-05-13,20729.46,0.0,0.04221186613643202,4.16778431276068,4.006112865458145,66.2,0.27,0,-16,132,Memorial_Day,0.16007073990349965,0
Beverages,2023-05-14,26625.93,0.0,0.21741170964899248,4.253760210441476,3.2085281002391275,72.8,0.0,0,-15,133,Memorial_Day,0.5733749018344148,1
Beverages,2023-05-15,13557.130000000001,0.0,0.0,4.1706538625800595,4.1706538625800595,70.7,0.0,0,-14,134,Memorial_Day,0.0,0
Beverages,2023-05-16,13582.98,0.0,0.0,4.150599890451138,4.150599890451138,55.2,0.0,0,-13,135,Memorial_Day,0.0,0
Beverages,2023-05-17,12292.86,0.033358225831905675,0.0,4.1646305416314835,4.1646305416314835,75.3,0.66,0,-12,136,Memorial_Day,0.0,0
Beverages,2023-05-18,13816.06,0.0,0.0,4.138909348975033,4.138909348975033,77.1,0.0,0,-11,137,Memorial_Day,0.0,0
Beverages,2023-05-19,19298.559999999998,0.042060443888041386,0.13035141863585903,4.170359456871394,3.6711135234960537,75.7,0.0,0,-10,138,Memorial_Day,0.26138530543211513,1
Beverages,2023-05-20,23184.19,0.0,0.07034104744989084,4.041528558901561,3.7721223471684793,65.5,0.45,0,-9,139,Memorial_Day,0.21047360291647024,1
Beverages,2023-05-21,19832.670000000002,0.0,0.015312312590951773,4.021438026246592,3.985454091657856,75.7,0.0,0,-8,140,Memorial_Day,0.14393573835494666,0
Beverages,2023-05-22,24171.68,0.0,0.04908339058553036,4.139430184414158,3.8858589390559533,78.0,0.0,1,-7,141,Memorial_Day,0.24391146995161278,1
Beverages,2023-05-23,23450.1,0.0,0.09978264940431454,4.031261657732804,3.722933271073472,75.4,0.0,1,-6,142,Memorial_Day,0.19892153978021415,0
Beverages,2023-05-24,26473.32,0.009859988471411972,0.12658430100670617,4.453882463551983,3.6684374494774357,84.3,0.0,1,-5,143,Memorial_Day,0.34756728661157726,1
Beverages,2023-05-25,22112.36,0.0,0.07967301688040583,4.238918613843118,3.8756487186351882,66.0,0.53,1,-4,144,Memorial_Day,0.37333599850943094,1
Beverages,2023-05-26,31118.760000000002,0.0,0.12448059281770196,4.121103938588813,3.6209038277874823,77.4,0.3,1,-3,145,Memorial_Day,0.5259274469805352,1
Beverages,2023-05-27,34574.85,0.03352264058990856,0.0652031417263702,4.140463160360783,3.8637628102508037,87.1,0.12,1,-2,146,Memorial_Day,0.3104574567930158,1
Beverages,2023-05-28,36196.42,0.0,0.20336470967507383,3.8590737730416436,3.2268424805547067,76.0,0.0,1,-1,147,Memorial_Day,0.4856179146998516,1
Beverages,2023-05-29,26580.98,0.017130408660628767,0.07549555442538256,4.129994142428157,3.8154415638550567,82.7,0.0,1,0,0,Memorial_Day,0.3330159384642703,1
Beverages,2023-05-30,11066.32,0.0,0.018294851773047148,4.027572192020473,3.957502909729702,80.7,0.0,1,-35,1,July_4th,0.1373907495897462,0
Beverages,2023-05-31,13181.800000000001,0.02450799283861081,0.0978062953022494,4.042372824652172,3.7123713377535688,81.9,0.0,1,-34,2,July_4th,0.38102990486883426,1
Beverages,2023-06-01,9293.1,0.029599216623085945,0.0,4.1938213190431615,4.1938213190431615,74.7,0.55,1,-33,3,July_4th,0.0,0
Beverages,2023-06-02,13628.67,0.0,0.11328534714437914,4.112809481776285,3.7610577554522933,71.8,0.62,1,-32,4,July_4th,0.3318298850878332,1
Beverages,2023-06-03,15823.83,0.0,0.055334076596917185,3.947776973084266,3.8177418930815112,77.1,0.45,1,-31,5,July_4th,0.2000539692350082,1
Beverages,2023-06-04,19063.86,0.01653623557873379,0.12561979520142552,4.355963519455136,3.7146542882711056,89.5,0.69,1,-30,6,July_4th,0.43440572895520635,1
Beverages,2023-06-05,10286.86,0.025735831925388305,0.02457300358117517,4.012560839750906,3.9403162092222503,73.7,0.0,1,-29,7,July_4th,0.12900826880116964,0
Beverages,2023-06-06,15553.67,0.03480513730842945,0.015435711200285399,4.171073180799129,4.111954406902036,85.9,0.21000000000000002,0,-28,8,July_4th,0.08326587872830013,0
Beverages,2023-06-07,16025.5,0.0,0.0,4.134814583008331,4.134814583008331,86.5,0.0,0,-27,9,July_4th,0.0,0
Beverages,2023-06-08,15700.2,0.0,0.05308446774967071,4.298051795518529,3.958842046598133,76.7,0.38,0,-26,10,July_4th,0.1794760576298391,0
Beverages,2023-06-09,23040.82,0.019966962113327567,0.12840387018380012,4.1699721624490795,3.585194832475581,88.1,0.0,0,-25,11,July_4th,0.3373469347011087,1
Beverages,2023-06-10,24802.86,0.004375382516371096,0.11647919344532595,4.108522021250775,3.6624067103551767,81.7,1.42,0,-24,12,July_4th,0.23356822559978968,1
Beverages,2023-06-11,32317.01,0.0,0.22511362985033587,4.179944369853524,3.198481725258618,81.6,0.0,0,-23,13,July_4th,0.60297069561819,1
Beverages,2023-06-12,18279.77,0.0,0.05942335317994537,4.139412459784778,3.866659268688829,84.0,0.44000000000000006,0,-22,14,July_4th,0.1567547075264076,0
Beverages,2023-06-13,13270.07,0.032449305090327334,0.0,4.199282829706249,4.199282829706249,77.6,0.0,0,-21,15,July_4th,0.0,0
Beverages,2023-06-14,16152.36,0.0,0.0,4.195141942106292,4.195141942106292,86.0,0.0,0,-20,16,July_4th,0.0,0
