data/category_day_data.csv
category,date,sales,oos_loss_share,avg_discount_pct,base_price,final_price,temperature,precipitation,holiday_flag,days_to_holiday,days_from_holiday,holiday_name,promo_intensity,promo_flag
Beverages,2023-06-15,17830.17,0.015570245264066468,0.0,4.178573311415427,4.178573311415427,91.6,0.0,0,-19,17,July_4th,0.0,0
Beverages,2023-06-16,21335.72,0.0,0.023353961009272214,4.119612823002927,4.012418141970367,87.8,0.0,0,-18,18,July_4th,0.1177963527830324,0
Beverages,2023-06-17,24272.03,0.0,0.03452751501456202,4.045368438486603,3.938678417091607,90.4,0.51,0,-17,19,July_4th,0.12854219445180318,0
Beverages,2023-06-18,24668.03,0.009846382139149339,0.16176637982539382,3.977144003797629,3.3556641045109807,78.3,0.35,0,-16,20,July_4th,0.3569170298560525,1
Beverages,2023-06-19,21325.97,0.00927579472352254,0.08344097371081641,3.912392904050789,3.7163066158303706,96.5,0.05,0,-15,21,July_4th,0.24208183730915872,1
Beverages,2023-06-20,14877.56,0.04837692269431278,0.022209049776188792,4.215934911369875,4.121546449821073,79.5,0.38,0,-14,22,July_4th,0.15731410258133727,0
Beverages,2023-06-21,16972.07,0.0,0.01715618965629621,4.006406820146276,3.953394194108321,91.1,0.0,0,-13,23,July_4th,0.09638659279628237,0
Beverages,2023-06-22,16933.49,0.0,0.020184442288222477,4.212508579152909,4.083529992931168,80.6,0.0,0,-12,24,July_4th,0.13435269398098088,0
Beverages,2023-06-23,22381.57,0.0,0.03547539337052764,4.011801097956934,3.936593264011416,90.4,0.0,0,-11,25,July_4th,0.17490193940818272,0
Beverages,2023-06-24,25206.09,0.019258735488130053,0.09777212632605045,3.912647963250152,3.6098629616890205,83.5,0.0,0,-10,26,July_4th,0.2855968537762104,1
Beverages,2023-06-25,32878.96,0.0,0.21102349056812314,3.7542225696919855,3.237753076739654,90.1,0.0,0,-9,27,July_4th,0.5069816685199289,1
Beverages,2023-06-26,15359.97,0.008964076101711136,0.0,4.139922376150475,4.139922376150475,82.5,0.0,0,-8,28,July_4th,0.0,0
Beverages,2023-06-27,33313.19,0.016134387610432985,0.19384718568350062,4.02605365922627,3.2282879934344324,90.7,0.0,1,-7,29,July_4th,0.5095735352873741,1
Beverages,2023-06-28,26345.21,0.043511983772382155,0.13685030391683306,4.235034053628724,3.672901100427744,83.2,0.0,1,-6,30,July_4th,0.34901714581132587,1
Beverages,2023-06-29,27694.28,0.0,0.14843601158878922,4.364182582107208,3.5633357465873825,81.5,0.0,1,-5,31,July_4th,0.38326723063390716,1
Beverages,2023-06-30,28131.04,0.0,0.0,4.057481063622248,4.057481063622248,85.3,0.42000000000000004,1,-4,32,July_4th,0.0,0
Beverages,2023-07-01,27694.94,0.06729806275081296,0.03153703674481807,4.17643800997583,4.102325973625507,85.1,0.9399999999999998,1,-3,33,July_4th,0.14252314682754325,0
Beverages,2023-07-02,31457.899999999998,0.02676345719199311,0.05069545636949565,3.9526914860813975,3.8064721453116697,82.4,0.4699999999999999,1,-2,34,July_4th,0.3035043661528583,1
Beverages,2023-07-03,28232.34,0.0,0.09878155636421056,4.205829481367822,3.7578779761082504,92.6,0.15,1,-1,35,July_4th,0.4315738617486188,1
Beverages,2023-07-04,25736.34,0.0,0.0,4.112182124575601,4.112182124575601,97.6,0.0,1,0,0,July_4th,0.0,0
Beverages,2023-07-05,13293.06,0.020513019575628188,0.11447459681074668,4.537575652257645,3.806082978636973,95.2,0.0,1,-61,1,Labor_Day,0.22859146050645976,1
Beverages,2023-07-06,15647.87,0.012473684916860886,0.18141343913669655,3.6281330749808123,3.215675289991545,88.4,0.22000000000000003,1,-60,2,Labor_Day,0.5018254880696222,1
Beverages,2023-07-07,17358.92,0.0,0.13765512248593398,4.13202110499962,3.5469868344343998,90.2,0.0,1,-59,3,Labor_Day,0.2746639767911829,1
Beverages,2023-07-08,15594.76,0.04802654224880664,0.0,4.333917033670285,4.333917033670285,85.8,0.07,1,-58,4,Labor_Day,0.0,0
Beverages,2023-07-09,14449.99,0.0,0.09856577700964614,4.48334472203787,3.794369940740444,75.7,0.76,1,-57,5,Labor_Day,0.19741397744911934,0
Beverages,2023-07-10,12876.369999999999,0.0,0.030807781604754017,3.9995573364232313,3.9043612912645416,89.3,0.0,1,-56,6,Labor_Day,0.13407893684322525,0
Beverages,2023-07-11,11263.710000000001,0.0,0.05563616728359471,4.1660996687592275,3.899798512213117,77.1,0.0,1,-55,7,Labor_Day,0.3379295099039304,1
Beverages,2023-07-12,16269.87,0.011064631739528343,0.028302271973549,3.991072682203361,3.907864002601127,84.8,0.0,0,-54,8,Labor_Day,0.13207726920989535,0
Beverages,2023-07-13,17723.93,0.016188901671356185,0.0,4.108543122208223,4.108543122208223,89.6,0.0,0,-53,9,Labor_Day,0.0,0
Beverages,2023-07-14,21556.39,0.0,0.0,4.1511376626605845,4.1511376626605845,87.7,0.37,0,-52,10,Labor_Day,0.0,0
Beverages,2023-07-15,25550.5,0.006572356313966458,0.04186189242296399,4.15889038179292,3.980977338995323,90.0,0.0,0,-51,11,Labor_Day,0.1710702334592278,0
Beverages,2023-07-16,24900.23,0.0,0.08075158587790111,4.032719239942764,3.733307692338584,85.5,0.0,0,-50,12,Labor_Day,0.2976623107497401,1
Beverages,2023-07-17,17183.45,0.0,0.0,4.133900043355671,4.133900043355671,94.7,0.31,0,-49,13,Labor_Day,0.0,0
Beverages,2023-07-18,12745.31,0.0,0.0,4.139697316110789,4.139697316110789,76.5,0.0,0,-48,14,Labor_Day,0.0,0
Beverages,2023-07-19,15978.24,0.0,0.0,4.120033858547625,4.120033858547625,100.0,0.69,0,-47,15,Labor_Day,0.0,0
Beverages,2023-07-20,18679.15,0.08866275446152531,0.10664878133523184,4.1851090119197085,3.8523083652093377,92.8,0.0,0,-46,16,Labor_Day,0.2748743920360402,1
Beverages,2023-07-21,24928.670000000002,0.0,0.08893551307004238,3.9323383156823044,3.7437950279738144,100.0,0.38,0,-45,17,Labor_Day,0.22993083866889005,1
Beverages,2023-07-22,30185.52,0.0,0.136637452210856,4.169260191641555,3.6082300188964775,94.3,0.0,0,-44,18,Labor_Day,0.35035606476217734,1
Beverages,2023-07-23,25827.53,0.022276452684403043,0.12782772916356777,4.384435515126688,3.667321954519073,83.5,0.0,0,-43,19,Labor_Day,0.25611198593129114,1
Beverages,2023-07-24,14298.289999999999,0.0,0.0,4.147311209941889,4.147311209941889,77.6,0.0,0,-42,20,Labor_Day,0.0,0
Beverages,2023-07-25,15299.55,0.045508790127814225,0.11761370884582313,4.259162360984473,3.7193154373821455,78.8,0.19,0,-41,21,Labor_Day,0.2347160537401427,1
Beverages,2023-07-26,16702.93,0.0,0.09529798967398272,4.14914366521323,3.7730721855387053,81.4,0.0,0,-40,22,Labor_Day,0.26173850935135334,1
Beverages,2023-07-27,17713.36,0.0,0.13433797930873215,4.344472928907898,3.6150667067117705,83.3,0.03,0,-39,23,Labor_Day,0.3134289598359656,1
Beverages,2023-07-28,17764.7,0.02107198095098707,0.0,4.138226268949095,4.138226268949095,79.1,0.0,0,-38,24,Labor_Day,0.0,0
Beverages,2023-07-29,25476.57,0.0,0.06259832855421604,3.999179579511685,3.8252591695035876,91.7,0.0,0,-37,25,Labor_Day,0.3162839424616422,1
Beverages,2023-07-30,21706.62,0.019769494283310804,0.008903577689207577,4.245011918023165,4.19506284718671,89.2,0.51,0,-36,26,Labor_Day,0.11099793519212112,0
Beverages,2023-07-31,14396.619999999999,0.0060723232258682956,0.0,4.238676418492674,4.238676418492674,81.1,0.0,0,-35,27,Labor_Day,0.0,0
Beverages,2023-08-01,14693.1,0.0,0.0,4.114153623129224,4.114153623129224,85.6,0.0,0,-34,28,Labor_Day,0.0,0
Beverages,2023-08-02,12956.17,0.020797440910392505,0.0,4.106508775355681,4.106508775355681,73.1,0.0,0,-33,29,Labor_Day,0.0,0
Beverages,2023-08-03,13468.8,0.020268892551674984,0.04287552899164209,4.240129773996199,3.9661551437396056,68.6,0.0,0,-32,30,Labor_Day,0.16604523045854122,0
Beverages,2023-08-04,17712.9,0.0,0.0,4.194415742199188,4.194415742199188,77.9,0.0,0,-31,31,Labor_Day,0.0,0
Beverages,2023-08-05,19248.28,0.03176013025579428,0.03927251177102903,4.086917054406939,3.936503334323897,64.4,0.0,0,-30,32,Labor_Day,0.14892447532974376,0
Beverages,2023-08-06,23588.19,0.017528232560446565,0.10513491133278746,3.9427410793282576,3.691153280518768,81.0,0.0,0,-29,33,Labor_Day,0.35961216184878964,1
Beverages,2023-08-07,14630.78,0.0,0.0,4.1619552409372575,4.1619552409372575,85.5,0.4,0,-28,34,Labor_Day,0.0,0
Beverages,2023-08-08,13505.01,0.021775758773966106,0.0,4.1387015485364325,4.1387015485364325,84.4,0.0,0,-27,35,Labor_Day,0.0,0
Beverages,2023-08-09,13374.02,0.0,0.0,4.056284094086894,4.056284094086894,83.7,0.0,0,-26,36,Labor_Day,0.0,0
Beverages,2023-08-10,16594.45,0.0,0.0627822684329698,4.206739476150158,3.889786651561215,83.0,0.0,0,-25,37,Labor_Day,0.26197975829268216,1
Beverages,2023-08-11,16614.67,0.0,0.0,4.046464347471241,4.046464347471241,67.2,0.0,0,-24,38,Labor_Day,0.0,0
Beverages,2023-08-12,19619.26,0.0,0.0,4.210938241299622,4.210938241299622,78.6,0.11000000000000001,0,-23,39,Labor_Day,0.0,0
Beverages,2023-08-13,18145.92,0.0,0.0,4.16398542482277,4.16398542482277,73.4,0.19,0,-22,40,Labor_Day,0.0,0
Beverages,2023-08-14,12851.26,0.007225945160241097,0.0,4.151478570972807,4.151478570972807,72.4,0.0,0,-21,41,Labor_Day,0.0,0
Beverages,2023-08-15,13955.6,0.0,0.015249734224147379,4.100434850525954,4.053313171773338,85.3,0.0,0,-20,42,Labor_Day,0.11493092378686692,0
Beverages,2023-08-16,14556.75,0.0,0.026701234237680924,4.075757720645062,4.013009820186512,86.8,0.45,0,-19,43,Labor_Day,0.1792797155958576,0
Beverages,2023-08-17,15994.89,0.0,0.08159042804739627,4.080501941557584,3.7680106021360564,84.9,0.0,0,-18,44,Labor_Day,0.20972573115538776,1
Beverages,2023-08-18,15686.76,0.01037038049922355,0.0,4.202932103251404,4.202932103251404,73.1,0.0,0,-17,45,Labor_Day,0.0,0
Beverages,2023-08-19,20347.61,0.0,0.10535559632259096,4.413039467534516,3.7398172070331603,76.0,0.0,0,-16,46,Labor_Day,0.21038195640667381,1
Beverages,2023-08-20,22884.58,0.0,0.12990946335456618,4.007097604587892,3.5824127075961187,82.1,0.0,0,-15,47,Labor_Day,0.41136389656266353,1
Beverages,2023-08-21,13529.19,0.0,0.0,4.081829015632126,4.081829015632126,76.5,0.0,0,-14,48,Labor_Day,0.0,0
Beverages,2023-08-22,11150.17,0.0,0.0,4.112052058399108,4.112052058399108,73.6,0.0,0,-13,49,Labor_Day,0.0,0
Beverages,2023-08-23,13999.44,0.0,0.18167989789658606,4.096423592657992,3.3386171589720726,77.8,0.69,0,-12,50,Labor_Day,0.36352954118164726,1
Beverages,2023-08-24,14281.75,0.0,0.025910538477299516,4.07723635408826,3.9779989917202028,78.2,0.0,0,-11,51,Labor_Day,0.145937297600084,0
Beverages,2023-08-25,15417.04,0.02557573957127957,0.0,4.006832186982715,4.006832186982715,79.8,0.0,0,-10,52,Labor_Day,0.0,0
Beverages,2023-08-26,20270.52,0.00038158961881589614,0.020839026476548003,4.262611797822649,4.129450418637508,86.8,0.11000000000000001,0,-9,53,Labor_Day,0.15131974907402473,0
Beverages,2023-08-27,15527.74,0.056506824560431844,0.029648356842050947,4.364281685551149,4.238276168972432,58.9,0.0,0,-8,54,Labor_Day,0.18806793519211423,0
Beverages,2023-08-28,23618.54,0.0,0.1581235329633116,4.0918328313265775,3.4769605276194047,77.3,0.24,1,-7,55,Labor_Day,0.4191520729054378,1
Beverages,2023-08-29,17681.559999999998,0.016843926667104037,0.09290929440708613,4.2750242399426295,3.8485705786141047,68.3,0.0,1,-6,56,Labor_Day,0.18541463536022842,0
Beverages,2023-08-30,20154.6,0.0,0.08468954812809501,4.111324685183532,3.7811477727168987,79.1,0.25,1,-5,57,Labor_Day,0.3222207337282804,1
Beverages,2023-08-31,21434.62,0.0,0.10496011981020678,4.043826753168472,3.6502251731078035,74.4,0.0,1,-4,58,Labor_Day,0.38545399918449685,1
Beverages,2023-09-01,22091.95,0.03206595750940954,0.09567113696386817,4.390907918947852,3.722166671570414,75.5,0.0,1,-3,59,Labor_Day,0.191616403260011,0
Beverages,2023-09-02,24969.510000000002,0.08440439119550204,0.024924612525521243,4.184358315401464,4.125785475966489,85.1,0.0,1,-2,60,Labor_Day,0.15018676778198692,0
Beverages,2023-09-03,25539.95,0.03402621774905589,0.21793019491157126,4.427511177586487,3.184799465151655,72.1,0.0,1,-1,61,Labor_Day,0.4717730457577246,1
Beverages,2023-09-04,17188.75,0.026530473711002835,0.013652874645137312,4.201427776888954,4.1724836826412615,77.6,0.0,1,0,0,Labor_Day,0.16080052359828376,0
Beverages,2023-09-05,8948.34,0.0,0.05625081008927705,4.123397937494552,3.9236253875020397,84.4,0.66,1,-79,1,Thanksgiving,0.26592753516294637,1
Beverages,2023-09-06,8127.6,0.0,0.0,4.097564594714307,4.097564594714307,78.3,0.0,1,-78,2,Thanksgiving,0.0,0
Beverages,2023-09-07,8914.29,0.006618833356330118,0.0,4.112658618914126,4.112658618914126,82.4,0.0,1,-77,3,Thanksgiving,0.0,0
Beverages,2023-09-08,10326.98,0.002953628263054639,0.0,4.088475536894619,4.088475536894619,65.5,0.0,1,-76,4,Thanksgiving,0.0,0
Beverages,2023-09-09,13047.17,0.0,0.07190540496929154,3.9668582842102937,3.7978805825324584,57.9,0.5,1,-75,5,Thanksgiving,0.20116393056885132,1
Beverages,2023-09-10,14423.42,0.010750515481071756,0.22718363160040728,4.016000587932681,3.225465631590843,71.7,0.0,1,-74,6,Thanksgiving,0.5900202587181127,1
Beverages,2023-09-11,9927.77,0.0,0.06503193008560569,4.151991071509513,3.864625630932223,84.4,0.0,1,-73,7,Thanksgiving,0.2492835752641328,1
Beverages,2023-09-12,10398.79,0.0,0.0,4.1618969707052464,4.1618969707052464,75.3,0.0,0,-72,8,Thanksgiving,0.0,0
Beverages,2023-09-13,12448.06,0.0,0.0,4.2249850097123565,4.2249850097123565,84.2,0.0,0,-71,9,Thanksgiving,0.0,0
Beverages,2023-09-14,10816.35,0.0,0.0,4.210508119652193,4.210508119652193,67.4,0.0,0,-70,10,Thanksgiving,0.0,0
Beverages,2023-09-15,13392.11,0.0,0.0,4.222017001055099,4.222017001055099,60.9,0.0,0,-69,11,Thanksgiving,0.0,0
Beverages,2023-09-16,16025.49,0.061513272917083965,0.0,4.142651220025098,4.142651220025098,88.0,0.0,0,-68,12,Thanksgiving,0.0,0
Beverages,2023-09-17,14411.01,0.027597652072963653,0.029747051349366282,4.205270699277844,4.0687317335842526,74.2,0.0,0,-67,13,Thanksgiving,0.1452542188229694,0
Beverages,2023-09-18,9745.539999999999,0.06630872481155482,0.0,4.295361375562564,4.295361375562564,74.7,0.0,0,-66,14,Thanksgiving,0.0,0
Beverages,2023-09-19,9872.78,0.03298021428614837,0.10020631824476213,3.9591732723711033,3.6465053814629713,74.3,0.63,0,-65,15,Thanksgiving,0.24293461416136083,1
Beverages,2023-09-20,12504.51,0.0,0.05789304894221783,4.0432255242308575,3.8318131698083326,77.5,0.0,0,-64,16,Thanksgiving,0.2948016355698864,1
Beverages,2023-09-21,10306.99,0.08872000263898577,0.0290795682687872,4.326827764458877,4.225705089458708,56.7,0.0,0,-63,17,Thanksgiving,0.23572546398123992,1
Beverages,2023-09-22,12505.880000000001,0.012875893579660127,0.0,4.0771139575943485,4.0771139575943485,70.1,0.0,0,-62,18,Thanksgiving,0.0,0
Beverages,2023-09-23,15581.82,0.0,0.019250451854662398,4.129228177452955,4.055498946849598,65.5,0.0,0,-61,19,Thanksgiving,0.11004362776620447,0
Beverages,2023-09-24,14374.23,0.028495689160393287,0.07220343879848254,4.101215459888982,3.828882966252801,67.5,0.0,0,-60,20,Thanksgiving,0.34532771494542663,1
Beverages,2023-09-25,11403.1,0.0,0.12321960221425662,4.524213398111039,3.7368401399619393,59.4,0.0,0,-59,21,Thanksgiving,0.2460541431715937,1
Beverages,2023-09-26,11051.36,0.011208735395462641,0.136105420509331,3.877926553835909,3.589383062356127,54.5,0.0,0,-58,22,Thanksgiving,0.27221084101866194,1
Beverages,2023-09-27,9650.78,0.014099486259141751,0.0,4.187444558885396,4.187444558885396,64.3,0.0,0,-57,23,Thanksgiving,0.0,0
Beverages,2023-09-28,9789.32,0.023056163247293992,0.017640431632501466,4.225448621559005,4.188050906498101,64.2,0.0,0,-56,24,Thanksgiving,0.1438373656188581,0
Beverages,2023-09-29,12151.83,0.0,0.018551333672477674,4.116572483321442,4.062031562324358,59.7,0.0,0,-55,25,Thanksgiving,0.0991653109037898,0
Beverages,2023-09-30,15592.550000000001,0.046381444984944724,0.08597932644026396,4.149281984024422,3.778536826882069,55.8,0.0,0,-54,26,Thanksgiving,0.3383615893487595,1
Beverages,2023-10-01,13207.21,0.0,0.0,4.15893147000767,4.15893147000767,64.8,0.0,0,-53,27,Thanksgiving,0.0,0
Beverages,2023-10-02,10042.83,0.021757910867753413,0.07543361993348446,3.874538302450604,3.6972692956069153,62.7,0.0,0,-52,28,Thanksgiving,0.23635867579158465,1
Beverages,2023-10-03,9613.87,0.015790586933253727,0.030455200707470775,4.038821223919192,3.967251502256636,68.4,0.0,0,-51,29,Thanksgiving,0.17456029673794216,0
Beverages,2023-10-04,9823.58,0.0,0.0640435690223818,4.106029064760505,3.894090056781743,63.8,0.0,0,-50,30,Thanksgiving,0.27061315732146535,1
Beverages,2023-10-05,9760.880000000001,0.0,0.0,4.103666698084598,4.103666698084598,61.7,0.0,0,-49,31,Thanksgiving,0.0,0
Beverages,2023-10-06,12391.98,0.0,0.049773610261451426,4.238585335031206,3.959355381464464,62.8,0.0,0,-48,32,Thanksgiving,0.20683700264203136,1
Beverages,2023-10-07,15165.880000000001,0.0,0.05961128640946882,4.076841752671127,3.879389682629692,63.4,0.0,0,-47,33,Thanksgiving,0.27114615175644274,1
Beverages,2023-10-08,14506.81,0.00470312770347168,0.10100806896262277,3.874733114999094,3.5673585647016814,58.8,0.0,0,-46,34,Thanksgiving,0.421030536692767,1
Beverages,2023-10-09,9241.71,0.0,0.0,4.127807948961826,4.127807948961826,67.3,0.0,0,-45,35,Thanksgiving,0.0,0
Beverages,2023-10-10,9554.6,0.022388404538128234,0.0836789809609363,3.9778887446884235,3.7812431394302224,66.5,0.0,0,-44,36,Thanksgiving,0.22095011826764072,1
Beverages,2023-10-11,8549.35,0.0,0.0,4.17018185008217,4.17018185008217,44.9,0.0,0,-43,37,Thanksgiving,0.0,0
Beverages,2023-10-12,9429.73,0.016710043659786653,0.0,4.121979250731464,4.121979250731464,55.7,0.0,0,-42,38,Thanksgiving,0.0,0
Beverages,2023-10-13,12397.84,0.0,0.1029202832905641,4.32233005910707,3.7848127173765755,58.9,0.0,0,-41,39,Thanksgiving,0.3517814393474992,1
Beverages,2023-10-14,11604.98,0.039808357274204696,0.0,4.231167559099627,4.231167559099627,52.3,0.0,0,-40,40,Thanksgiving,0.0,0
Beverages,2023-10-15,18392.77,0.0,0.25116866470310617,4.125141498534478,3.2029875869703153,45.3,0.0,0,-39,41,Thanksgiving,0.7082663459609401,1
Beverages,2023-10-16,8438.0,0.0,0.0,4.159300533301731,4.159300533301731,57.1,0.0,0,-38,42,Thanksgiving,0.0,0
Beverages,2023-10-17,8283.61,0.0,0.023403564836126985,4.088265900977955,4.012286334098297,61.8,0.0,0,-37,43,Thanksgiving,0.21470590720712346,1
Beverages,2023-10-18,10246.33,0.0,0.08802484454550115,3.9784014959502576,3.662900628810511,54.2,0.17,0,-36,44,Thanksgiving,0.38640762107017834,1
Beverages,2023-10-19,8512.48,0.0,0.0,4.1925809399845875,4.1925809399845875,68.5,0.0,0,-35,45,Thanksgiving,0.0,0
Beverages,2023-10-20,11309.539999999999,0.0,0.061587198566501564,4.364009393839185,3.951432578159678,53.2,0.0,0,-34,46,Thanksgiving,0.2303338597325798,1
