data/category_day_data.csv
category,date,sales,oos_loss_share,avg_discount_pct,base_price,final_price,temperature,precipitation,holiday_flag,days_to_holiday,days_from_holiday,holiday_name,promo_intensity,promo_flag
Beverages,2023-10-21,14687.52,0.0,0.1272091776164752,3.828335723117313,3.4853590258940925,49.1,0.0,0,-33,47,Thanksgiving,0.3393445591903874,1
Beverages,2023-10-22,19031.510000000002,0.018260766486736992,0.32177591579611065,3.9884344594832464,2.7548034601563405,55.8,0.0,0,-32,48,Thanksgiving,0.8024465741289051,1
Beverages,2023-10-23,8178.08,0.0,0.0,4.205709628665898,4.205709628665898,36.3,0.0,0,-31,49,Thanksgiving,0.0,0
Beverages,2023-10-24,8263.86,0.0,0.009575317301194972,4.143691011222359,4.115539578356845,56.7,0.0,0,-30,50,Thanksgiving,0.09081107375972003,0
Beverages,2023-10-25,8434.01,0.0,0.03601999747070784,3.9521946262809746,3.875832231643074,60.0,0.0,0,-29,51,Thanksgiving,0.17355089690431955,0
Beverages,2023-10-26,9937.85,0.0,0.1312319247216826,4.176800022137584,3.629792872703854,39.4,0.0,0,-28,52,Thanksgiving,0.3166721172084505,1
Beverages,2023-10-27,11085.31,0.0,0.10148745697423149,4.096552266016918,3.7078553058056114,64.1,0.0,0,-27,53,Thanksgiving,0.20350626189073648,1
Beverages,2023-10-28,14717.56,0.0,0.15304083080151748,3.9425772138859974,3.5218607024533957,49.2,0.0,0,-26,54,Thanksgiving,0.4365261633042433,1
Beverages,2023-10-29,12067.33,0.0,0.09461146217506743,3.912214997020882,3.651049917421666,49.2,0.0,0,-25,55,Thanksgiving,0.3046780025075969,1
Beverages,2023-10-30,8900.18,0.0,0.050966286443177425,4.067072744596176,3.8760802702866686,53.2,0.0,0,-24,56,Thanksgiving,0.29754791476127446,1
Beverages,2023-10-31,6700.39,0.019339292190454587,0.0,4.1354002378966,4.1354002378966,64.9,0.86,0,-23,57,Thanksgiving,0.0,0
Beverages,2023-11-01,9331.44,0.0,0.17196437723966387,4.318495451934535,3.435033896161793,46.1,0.0,0,-22,58,Thanksgiving,0.3440948020884236,1
Beverages,2023-11-02,8318.46,0.02008777345806796,0.027171224182644414,4.120449229785321,4.016383441165792,52.2,0.0,0,-21,59,Thanksgiving,0.1508199835065625,0
Beverages,2023-11-03,9825.91,0.007581884018884764,0.0,4.154319040170326,4.154319040170326,40.7,0.0,0,-20,60,Thanksgiving,0.0,0
Beverages,2023-11-04,12904.5,0.0,0.11500727838724631,3.9892262466581423,3.643571180595916,48.5,0.0,0,-19,61,Thanksgiving,0.25782478980200707,1
Beverages,2023-11-05,13280.83,0.0,0.15639008667492382,4.072218340269396,3.445293328805503,51.4,0.0,0,-18,62,Thanksgiving,0.37125691692461993,1
Beverages,2023-11-06,9226.56,0.0,0.11403983103489289,3.983767839801616,3.6557856449207504,44.7,0.0,0,-17,63,Thanksgiving,0.41629599764159125,1
Beverages,2023-11-07,7335.82,0.0,0.07855070309389087,4.108470668582381,3.865748996022258,51.5,0.0,0,-16,64,Thanksgiving,0.15659462745814373,0
Beverages,2023-11-08,7344.91,0.0,0.0,4.147494564262871,4.147494564262871,62.4,0.0,0,-15,65,Thanksgiving,0.0,0
Beverages,2023-11-09,7952.06,0.0,0.0,4.160471550767977,4.160471550767977,54.9,0.0,0,-14,66,Thanksgiving,0.0,0
Beverages,2023-11-10,9835.62,0.0,0.022782588970340408,4.139723698150193,4.052466382393789,53.0,0.0,0,-13,67,Thanksgiving,0.13023479963642354,0
Beverages,2023-11-11,10513.44,0.0,0.019420683211419414,4.1244701258579495,4.064460214734663,53.0,0.0,0,-12,68,Thanksgiving,0.10171171376828135,0
Beverages,2023-11-12,12084.74,0.01340396897243962,0.10178870648687424,3.9158801596062474,3.5291772433664277,39.1,0.0,0,-11,69,Thanksgiving,0.38503352161486304,1
Beverages,2023-11-13,7312.54,0.0040679435599668525,0.0,4.219992943628343,4.219992943628343,41.8,0.0,0,-10,70,Thanksgiving,0.0,0
Beverages,2023-11-14,7156.47,0.010903219045143764,0.03184914503664408,4.219647885060651,4.040974181405078,34.4,0.0,0,-9,71,Thanksgiving,0.16243063968688473,0
Beverages,2023-11-15,6905.56,0.0218692329079756,0.01608354261560263,4.106648425326838,4.0038745880131374,34.2,0.0,0,-8,72,Thanksgiving,0.11050950248785037,0
Beverages,2023-11-16,13176.22,0.0,0.12075935105232148,4.095561329425283,3.6538649627890245,39.6,0.0,1,-7,73,Thanksgiving,0.29489717081226635,1
Beverages,2023-11-17,13785.060000000001,0.0,0.02755740933854989,4.170425076133148,4.0533060864443105,30.8,0.0,1,-6,74,Thanksgiving,0.17480446222214482,0
Beverages,2023-11-18,15958.45,0.048108393985631444,0.1099086396214445,4.094909480557323,3.670451547612707,34.1,0.0,1,-5,75,Thanksgiving,0.45933596307912106,1
Beverages,2023-11-19,18165.42,0.0,0.13748644350166467,4.270178674646663,3.6208739517170523,30.6,0.0,1,-4,76,Thanksgiving,0.48949102195269917,1
Beverages,2023-11-20,11021.449999999999,0.009995839022996068,0.09137718939142665,3.9594562239995645,3.67275762263586,40.9,0.0,1,-3,77,Thanksgiving,0.34916095432089245,1
Beverages,2023-11-21,11684.09,0.03012941187546484,0.17631307442169705,4.044040631320026,3.3762620366669553,50.0,0.0,1,-2,78,Thanksgiving,0.4796162987447033,1
Beverages,2023-11-22,11617.25,0.01719656373065915,0.20845350190651904,3.963406537691794,3.18512270115561,43.9,0.0,1,-1,79,Thanksgiving,0.5597365985926102,1
Beverages,2023-11-23,10760.65,0.0,0.0,4.181194333056088,4.181194333056088,39.6,0.0,1,0,0,Thanksgiving,0.0,0
Beverages,2023-11-24,6047.67,0.0,0.022235669375202115,4.301880112506137,4.159794185198597,31.5,0.0,1,-31,1,Christmas,0.1392999287328839,0
Beverages,2023-11-25,7130.1900000000005,0.0,0.00873285642687544,4.154464902057308,4.127480375698263,36.0,0.0,1,-30,2,Christmas,0.09637330842516117,0
Beverages,2023-11-26,8127.34,0.053682535737399936,0.1589593256199735,4.081519968402946,3.4137900469280233,32.5,0.0,1,-29,3,Christmas,0.5169034395017312,1
Beverages,2023-11-27,6083.0,0.0,0.12197919370189889,4.324271971066907,3.6873017261219787,34.3,0.0,1,-28,4,Christmas,0.5193638007562058,1
Beverages,2023-11-28,4381.81,0.0,0.0,4.194773506838499,4.194773506838499,27.7,0.0,1,-27,5,Christmas,0.0,0
Beverages,2023-11-29,4535.96,0.0,0.0,4.135145503928607,4.135145503928607,46.3,0.0,1,-26,6,Christmas,0.0,0
Beverages,2023-11-30,5990.5599999999995,0.0,0.19414985930333514,3.968697066718303,3.255333074036484,52.0,0.0,1,-25,7,Christmas,0.4425880051280682,1
Beverages,2023-12-01,9124.56,0.009441890896656936,0.09322378065596562,4.025968605609476,3.752354425857247,41.2,0.0,0,-24,8,Christmas,0.3379078004857221,1
Beverages,2023-12-02,9925.05,0.018535946922181752,0.0,4.047891345635539,4.047891345635539,36.4,0.0,0,-23,9,Christmas,0.0,0
Beverages,2023-12-03,11059.55,0.019786383713623068,0.1709250132649336,4.399549204081541,3.494780167366665,27.1,0.3,0,-22,10,Christmas,0.4631806899919074,1
Beverages,2023-12-04,6960.84,0.0,0.0,4.144299093212888,4.144299093212888,43.9,0.0,0,-21,11,Christmas,0.0,0
Beverages,2023-12-05,6502.38,0.0,0.04154755015604646,4.080566223444338,3.958416425985561,28.4,0.0,0,-20,12,Christmas,0.11310166431368206,0
Beverages,2023-12-06,7375.91,0.0,0.05841653893415723,4.0421829170909085,3.8298502015344553,36.8,0.0,0,-19,13,Christmas,0.24516974854628107,1
Beverages,2023-12-07,7058.25,0.0,0.028513121333779194,4.197936669854426,4.015737824531577,31.8,0.0,0,-18,14,Christmas,0.12565437608472355,0
Beverages,2023-12-08,8158.58,0.00961580691738023,0.0,4.138628903559198,4.138628903559198,38.2,0.0,0,-17,15,Christmas,0.0,0
Beverages,2023-12-09,9804.779999999999,0.012377787160956187,0.012869708328338768,4.112324345880275,4.0576280854848354,33.5,0.0,0,-16,16,Christmas,0.1519340566539994,0
Beverages,2023-12-10,10122.08,0.014636612237800922,0.08429422444925147,4.358290222958127,3.850661593269367,39.2,0.0,0,-15,17,Christmas,0.30549155904715236,1
Beverages,2023-12-11,6841.56,0.018574009436444317,0.05890214901841525,4.036382725577208,3.876520106525413,35.5,0.0,0,-14,18,Christmas,0.2954852402083735,1
Beverages,2023-12-12,6075.81,0.0,0.0,4.190407073295577,4.190407073295577,37.1,0.0,0,-13,19,Christmas,0.0,0
Beverages,2023-12-13,6267.25,0.0,0.0,4.15143373888069,4.15143373888069,41.2,0.0,0,-12,20,Christmas,0.0,0
Beverages,2023-12-14,7175.84,0.0,0.024502932926820025,4.029714960199781,3.954000897455908,30.1,0.0,0,-11,21,Christmas,0.12018105197440299,0
Beverages,2023-12-15,7735.55,0.0,0.009120887449004765,4.1254241392014785,4.097240596984054,32.2,0.0,0,-10,22,Christmas,0.10839823929778748,0
Beverages,2023-12-16,10513.83,0.009351473249995482,0.07023336884208356,4.0821574535635445,3.829244937382476,33.3,0.0,0,-9,23,Christmas,0.3375658537374106,1
Beverages,2023-12-17,10222.39,0.0,0.11831482847091876,4.382094040630419,3.7488301855045645,30.9,0.0,0,-8,24,Christmas,0.31390799998826113,1
Beverages,2023-12-18,10539.98,0.01674135529668937,0.10422081940503455,3.9812444046383386,3.603142700460532,56.4,0.0,1,-7,25,Christmas,0.2898316695098093,1
Beverages,2023-12-19,11078.880000000001,0.024907379626821487,0.15423717809868645,3.870192564591367,3.4596632421327795,40.0,0.0,1,-6,26,Christmas,0.43755415709891254,1
Beverages,2023-12-20,9263.97,0.02902136341115094,0.07074237933266474,4.2509260176792445,3.82158984754916,48.5,0.0,1,-5,27,Christmas,0.2922094954970709,1
Beverages,2023-12-21,9848.88,0.0,0.025183157961442302,4.124042957168734,4.027591462176409,42.1,0.0,1,-4,28,Christmas,0.13396040971156112,0
Beverages,2023-12-22,11586.83,0.0069163783364388715,0.052455543303827706,4.072698365299224,3.9036742663869237,39.4,0.0,1,-3,29,Christmas,0.3269134008179977,1
Beverages,2023-12-23,14718.85,0.014314236506248789,0.1181696089753407,4.021415137731548,3.59735067617375,29.8,0.0,1,-2,30,Christmas,0.49310509992288803,1
Beverages,2023-12-24,14307.28,0.053090138726578355,0.1446689961539942,4.127506325451098,3.6082572508541104,26.3,0.0,1,-1,31,Christmas,0.3532306629911486,1
Beverages,2023-12-25,12588.25,0.0,0.16575990071223506,4.186510539590491,3.4904603578734132,33.1,0.0,1,0,0,Christmas,0.46631342720394015,1
Beverages,2023-12-26,4359.81,0.0,0.05040570440401006,4.148929746938514,3.9347055032214713,36.0,0.0,1,999,1,Thanksgiving,0.19474931247003882,0
Beverages,2023-12-27,5186.1900000000005,0.0,0.07016067744791166,3.854298955495267,3.7055583193056942,34.6,0.0,1,999,2,Thanksgiving,0.23609624791995665,1
Beverages,2023-12-28,5766.0,0.0,0.17727166689970628,3.962166926812348,3.3636852237252866,34.8,0.0,1,999,3,Thanksgiving,0.5605636489767604,1
Beverages,2023-12-29,4881.11,0.030377176502885614,0.0,4.142526372075205,4.142526372075205,36.5,0.0,1,999,4,Thanksgiving,0.0,0
Beverages,2023-12-30,6967.18,0.0,0.06924826032047725,3.8976643778401012,3.7508580659606894,20.0,0.0,1,999,5,Thanksgiving,0.20676945335128413,1
Beverages,2023-12-31,7019.43,0.0,0.07681903776942621,3.9385453947115368,3.7679168963861747,40.3,0.0,1,999,6,Thanksgiving,0.3381428406580021,1
Frozen_Foods,2022-01-01,14625.49,0.03624014101407884,0.0946399348102571,7.151111600363475,6.487368088180293,23.4,0.0,1,0,0,New_Year,0.23126951644013297,1
Frozen_Foods,2022-01-02,5887.37,0.02780325340517073,0.045810658817336244,7.181775376781144,6.923861367639541,28.2,0.0,1,-148,1,Memorial_Day,0.15536988502506213,0
Frozen_Foods,2022-01-03,4196.3,0.0,0.03073892476705669,7.053337869075137,6.905791030193266,39.2,0.0,1,-147,2,Memorial_Day,0.16037699878464362,0
Frozen_Foods,2022-01-04,4072.77,0.0,0.019292201887273815,7.2466102922580955,7.0859062505371035,31.3,0.0,1,-146,3,Memorial_Day,0.09079324391016433,0
Frozen_Foods,2022-01-05,4033.9,0.008790877314757431,0.0,7.289961104638191,7.289961104638191,44.0,0.0,1,-145,4,Memorial_Day,0.0,0
Frozen_Foods,2022-01-06,4148.42,0.0,0.0,7.384155100013982,7.384155100013982,35.4,0.0,1,-144,5,Memorial_Day,0.0,0
Frozen_Foods,2022-01-07,4712.1,0.06028627363595851,0.0,7.333212983595426,7.333212983595426,37.0,0.0,1,-143,6,Memorial_Day,0.0,0
Frozen_Foods,2022-01-08,6500.55,0.015401938297528669,0.03684480473503333,7.216017844643913,6.934358523509548,43.8,0.0,1,-142,7,Memorial_Day,0.30558337371453187,1
Frozen_Foods,2022-01-09,10312.34,0.0,0.07612918115578036,7.046509744636038,6.609528244801859,21.5,0.0,0,-141,8,Memorial_Day,0.15225836231156073,0
Frozen_Foods,2022-01-10,6584.8099999999995,0.025949195193179453,0.10125349098910978,7.641694490805352,6.714212513345106,36.8,0.0,0,-140,9,Memorial_Day,0.2025069819782196,1
Frozen_Foods,2022-01-11,6025.389999999999,0.0,0.0,7.131776416132401,7.131776416132401,30.4,0.0,0,-139,10,Memorial_Day,0.0,0
Frozen_Foods,2022-01-12,6404.41,0.0,0.013224563071178396,7.154625718840611,7.0801714287498765,26.8,0.0,0,-138,11,Memorial_Day,0.12008756466247478,0
Frozen_Foods,2022-01-13,7604.52,0.0,0.11969406289897412,7.081952036420446,6.413744338893186,30.2,0.0,0,-137,12,Memorial_Day,0.31642102328615085,1
Frozen_Foods,2022-01-14,7676.37,0.0,0.015755423827918325,7.258956655294105,7.125508215471635,40.0,0.0,0,-136,13,Memorial_Day,0.11214154606930099,0
Frozen_Foods,2022-01-15,9942.53,0.05500394064689771,0.035218810820132194,7.140212873383331,6.861650978171549,23.3,0.38,0,-135,14,Memorial_Day,0.23360351942614205,1
Frozen_Foods,2022-01-16,9539.39,0.01372381252889336,0.05877271604464785,7.501901484266814,6.8148484337048805,37.8,0.0,0,-134,15,Memorial_Day,0.21075246949752555,1
Frozen_Foods,2022-01-17,6159.639999999999,0.0,0.029729514768417464,7.15343404809372,6.9860568799475296,47.8,0.22000000000000003,0,-133,16,Memorial_Day,0.12776883064594685,0
Frozen_Foods,2022-01-18,7274.08,0.0,0.07938525662639004,6.846525594989332,6.561532523700592,32.1,0.0,0,-132,17,Memorial_Day,0.22265083694432836,1
Frozen_Foods,2022-01-19,6730.6900000000005,0.035685473554717274,0.058189110887519276,6.957129298779174,6.7137640568797545,43.8,0.16,0,-131,18,Memorial_Day,0.3144581016210819,1
Frozen_Foods,2022-01-20,7492.41,0.026094076538790586,0.027934122628292955,7.205543476665051,7.10525997642948,26.7,0.0,0,-130,19,Memorial_Day,0.1892141513878712,0
Frozen_Foods,2022-01-21,8935.880000000001,0.0,0.07874928939797317,7.226584029776586,6.643414694467697,51.2,0.0,0,-129,20,Memorial_Day,0.31731961485606336,1
Frozen_Foods,2022-01-22,13603.2,0.0,0.20600423005778007,6.591147524111975,5.491538226299695,33.4,0.0,0,-128,21,Memorial_Day,0.6207245354034344,1
Frozen_Foods,2022-01-23,10279.65,0.03197151653996001,0.06931450073641544,7.273692431162538,6.765355882739198,33.7,0.0,0,-127,22,Memorial_Day,0.2875457822007559,1
Frozen_Foods,2022-01-24,7160.47,0.015105265436486714,0.09532920778262506,6.753438950236507,6.38982795822062,41.8,0.0,0,-126,23,Memorial_Day,0.37762186001756864,1
Frozen_Foods,2022-01-25,6902.639999999999,0.0,0.04183565180112419,7.303286510668383,6.933434367140688,40.3,0.0,0,-125,24,Memorial_Day,0.22314505754320088,1
Frozen_Foods,2022-01-26,6700.29,0.0,0.0,7.2061016612713775,7.2061016612713775,34.4,0.0,0,-124,25,Memorial_Day,0.0,0
Frozen_Foods,2022-01-27,7236.43,0.0,0.0,7.08542541004335,7.08542541004335,25.3,0.0,0,-123,26,Memorial_Day,0.0,0
Frozen_Foods,2022-01-28,8861.4,0.0,0.0,7.331741203421582,7.331741203421582,27.7,0.0,0,-122,27,Memorial_Day,0.0,0
Frozen_Foods,2022-01-29,11390.220000000001,0.01776948118649157,0.046268239945598644,7.479815411818207,6.93893968685416,41.6,0.0,0,-121,28,Memorial_Day,0.20410404715624456,1
Frozen_Foods,2022-01-30,11006.49,0.0,0.0,7.189030344823827,7.189030344823827,33.6,0.0,0,-120,29,Memorial_Day,0.0,0
Frozen_Foods,2022-01-31,7734.82,0.016880832391704008,0.07064964012732519,7.4040896491450345,6.776975417656777,40.5,0.0,0,-119,30,Memorial_Day,0.2622336395675659,1
Frozen_Foods,2022-02-01,6896.4800000000005,0.0,0.06433996570505307,7.499450270282812,6.937967049857318,43.2,0.0,0,-118,31,Memorial_Day,0.27969340881145166,1
Frozen_Foods,2022-02-02,8183.07,0.0,0.07821236570469395,7.19911529535981,6.5459513483325935,32.9,0.0,0,-117,32,Memorial_Day,0.228135650800983,1
Frozen_Foods,2022-02-03,7790.79,0.0,0.017132330642194497,7.060106625900582,6.961767048014386,42.8,0.17,0,-116,33,Memorial_Day,0.10926619765132932,0
Frozen_Foods,2022-02-04,8979.49,0.012477897965251925,0.0,7.166535103886747,7.166535103886747,39.3,0.35,0,-115,34,Memorial_Day,0.0,0
Frozen_Foods,2022-02-05,13483.16,0.0,0.20890146460583714,7.839321746534194,5.763052911928658,50.4,0.0,0,-114,35,Memorial_Day,0.45259642398369526,1
Frozen_Foods,2022-02-06,12226.539999999999,0.0013635582920433745,0.06514413033873198,6.898604151297096,6.584175416757317,39.6,0.0,0,-113,36,Memorial_Day,0.35419260068670283,1
Frozen_Foods,2022-02-07,8164.02,0.03762024958292606,0.10140891906899631,6.754052648082685,6.252950298994858,43.4,0.0,0,-112,37,Memorial_Day,0.3425530559699756,1
Frozen_Foods,2022-02-08,7953.53,0.0,0.0,7.16761720896256,7.16761720896256,29.1,0.0,0,-111,38,Memorial_Day,0.0,0
Frozen_Foods,2022-02-09,6348.99,0.04280461301718857,0.0,7.2853577655658635,7.2853577655658635,45.4,0.0,0,-110,39,Memorial_Day,0.0,0
Frozen_Foods,2022-02-10,7370.58,0.05328590965704192,0.0,7.426762018728512,7.426762018728512,34.2,0.0,0,-109,40,Memorial_Day,0.0,0
Frozen_Foods,2022-02-11,10181.29,0.006794793194182663,0.025786141785569403,7.121057174483784,6.997283693913052,36.2,0.07,0,-108,41,Memorial_Day,0.1528067661367076,0
Frozen_Foods,2022-02-12,17756.07,0.006776431946934202,0.2594889605514493,7.237300517513166,5.396868254067482,38.7,0.0,0,-107,42,Memorial_Day,0.682118847244914,1
Frozen_Foods,2022-02-13,12516.73,0.0,0.10104094624314343,7.689726326284902,6.647036470388034,34.0,0.0,0,-106,43,Memorial_Day,0.33397620624556096,1
Frozen_Foods,2022-02-14,7448.11,0.0,0.03733401270031368,7.0231519137069665,6.8439486527454605,59.8,0.0,0,-105,44,Memorial_Day,0.17231082784760163,0
Frozen_Foods,2022-02-15,7512.98,0.0,0.0,7.247276540067988,7.247276540067988,36.8,0.0,0,-104,45,Memorial_Day,0.0,0
Frozen_Foods,2022-02-16,8922.31,0.07678964976558761,0.14695791147193424,7.075971749468468,6.152165291275465,39.7,0.0,0,-103,46,Memorial_Day,0.42291290035876355,1
Frozen_Foods,2022-02-17,8280.2,0.0,0.043264159705865404,7.378211009395909,6.981911306490183,42.8,0.0,0,-102,47,Memorial_Day,0.15011352382792686,0
Frozen_Foods,2022-02-18,9397.05,0.0,0.039187456327941905,7.189495309698257,6.85601005634747,47.0,0.0,0,-101,48,Memorial_Day,0.12443479602641255,0
Frozen_Foods,2022-02-19,12039.55,0.024335487622045675,0.1227215112478644,7.077909589644133,6.371258842730833,49.3,0.0,0,-100,49,Memorial_Day,0.34431436390895004,1
Frozen_Foods,2022-02-20,12254.97,0.0,0.08271203726434549,7.545799190042896,6.828995770695481,46.4,0.0,0,-99,50,Memorial_Day,0.29286159003245216,1
