data/category_day_data.csv
category,date,sales,oos_loss_share,avg_discount_pct,base_price,final_price,temperature,precipitation,holiday_flag,days_to_holiday,days_from_holiday,holiday_name,promo_intensity,promo_flag
Frozen_Foods,2022-02-21,8109.3,0.0,0.0,7.3026979517344275,7.3026979517344275,37.4,0.0,0,-98,51,Memorial_Day,0.0,0
Frozen_Foods,2022-02-22,8878.27,0.009000125024357222,0.11594312554800125,6.943732213595665,6.527496392878342,41.9,0.0,0,-97,52,Memorial_Day,0.23124212262073582,1
Frozen_Foods,2022-02-23,9171.74,0.0,0.10519484934459562,7.354744595900013,6.594189423162889,44.1,0.0,0,-96,53,Memorial_Day,0.3278385562608622,1
Frozen_Foods,2022-02-24,7153.99,0.08266773786376554,0.0,7.1188045831766615,7.1188045831766615,47.4,0.0,0,-95,54,Memorial_Day,0.0,0
Frozen_Foods,2022-02-25,11538.029999999999,0.0,0.08660214866966388,6.915885562786714,6.604983849062621,41.0,0.0,0,-94,55,Memorial_Day,0.2410090804062739,1
Frozen_Foods,2022-02-26,13658.1,0.0,0.07876662165555069,7.4996445406022785,6.817019007036118,37.9,0.0,0,-93,56,Memorial_Day,0.3736954627656848,1
Frozen_Foods,2022-02-27,10126.94,0.05883675621658666,0.0,7.006773763841793,7.006773763841793,45.1,0.0,0,-92,57,Memorial_Day,0.0,0
Frozen_Foods,2022-02-28,9364.54,0.0,0.12247153880827193,7.3034753121883185,6.413548492504703,49.2,0.4600000000000001,0,-91,58,Memorial_Day,0.44644905142163943,1
Frozen_Foods,2022-03-01,7948.1900000000005,0.0,0.04097139735011686,7.085588291170693,6.794691369984864,44.9,0.0,0,-90,59,Memorial_Day,0.18767543302311596,0
Frozen_Foods,2022-03-02,8019.88,0.0,0.0,7.102467879818651,7.102467879818651,41.3,0.0,0,-89,60,Memorial_Day,0.0,0
Frozen_Foods,2022-03-03,8163.99,0.015171260621338337,0.0,7.3465001794465685,7.3465001794465685,61.6,0.0,0,-88,61,Memorial_Day,0.0,0
Frozen_Foods,2022-03-04,10387.28,0.0,0.0,7.285808845048942,7.285808845048942,31.9,0.0,0,-87,62,Memorial_Day,0.0,0
Frozen_Foods,2022-03-05,13681.95,0.0,0.11031015828274134,7.119798559415872,6.430126882498475,51.9,0.33,0,-86,63,Memorial_Day,0.4346573405106728,1
Frozen_Foods,2022-03-06,12049.7,0.0,0.06208269948049587,7.396319991369079,6.827642464127737,39.7,0.0,0,-85,64,Memorial_Day,0.18226843821837888,0
Frozen_Foods,2022-03-07,7528.8,0.0,0.006261576915145268,7.241465200297525,7.20552374880459,48.9,0.27,0,-84,65,Memorial_Day,0.0898536287323345,0
Frozen_Foods,2022-03-08,7807.14,0.0,0.0,7.288701816542292,7.288701816542292,45.3,0.0,0,-83,66,Memorial_Day,0.0,0
Frozen_Foods,2022-03-09,7812.8,0.0,0.0,7.332163475322547,7.332163475322547,38.6,0.0,0,-82,67,Memorial_Day,0.0,0
Frozen_Foods,2022-03-10,8395.94,0.0,0.022490202851404736,7.161166242255185,7.032072477888122,36.2,0.62,0,-81,68,Memorial_Day,0.11225544727570706,0
Frozen_Foods,2022-03-11,9911.74,0.02194897162354945,0.0,7.3124186873344135,7.3124186873344135,21.6,0.0,0,-80,69,Memorial_Day,0.0,0
Frozen_Foods,2022-03-12,14393.51,0.0,0.18181740574743302,6.527531755631531,5.800922485203401,47.7,0.0,0,-79,70,Memorial_Day,0.47323689635120264,1
Frozen_Foods,2022-03-13,13873.880000000001,0.0,0.1360784930923561,7.860972496518637,6.342354669349887,37.4,0.07,0,-78,71,Memorial_Day,0.3676858960867471,1
Frozen_Foods,2022-03-14,9171.24,0.0,0.061115331231333295,7.662952850432441,6.948514628338153,36.8,0.33,0,-77,72,Memorial_Day,0.2205056241031747,1
Frozen_Foods,2022-03-15,10023.44,0.010052217601941048,0.2143638481411378,7.078363086924249,5.579544098632804,57.7,0.0,0,-76,73,Memorial_Day,0.4807191942087746,1
Frozen_Foods,2022-03-16,7969.99,0.0,0.0,7.24391184932478,7.24391184932478,52.8,0.0,0,-75,74,Memorial_Day,0.0,0
Frozen_Foods,2022-03-17,9260.71,0.0,0.03262117525572434,7.254651900340255,7.067406354372396,42.1,0.0,0,-74,75,Memorial_Day,0.10460645026137307,0
Frozen_Foods,2022-03-18,10424.69,0.03812702056368104,0.030628800392481736,7.3041939184762334,7.03554543108716,44.5,0.0,0,-73,76,Memorial_Day,0.22507911506241432,1
Frozen_Foods,2022-03-19,11585.86,0.0,0.025573698600420396,7.117433276424883,6.9946795231428665,54.7,0.2,0,-72,77,Memorial_Day,0.14273692242095104,0
Frozen_Foods,2022-03-20,11419.11,0.0,0.03014869890842636,7.079027524912187,6.970793695830936,55.7,0.0,0,-71,78,Memorial_Day,0.17179972870039784,0
Frozen_Foods,2022-03-21,8809.09,0.0,0.06667215815330149,6.986077790100906,6.66605143096506,50.9,0.0,0,-70,79,Memorial_Day,0.17298722115451198,0
Frozen_Foods,2022-03-22,6892.87,0.03940331966220167,0.0,7.1816502269736695,7.1816502269736695,55.3,0.0,0,-69,80,Memorial_Day,0.0,0
Frozen_Foods,2022-03-23,7311.13,0.037663610139609054,0.0,7.559909138532619,7.559909138532619,56.7,0.45,0,-68,81,Memorial_Day,0.0,0
Frozen_Foods,2022-03-24,9244.68,0.014502278066953103,0.054989552314498036,7.612219828052461,7.007206350030505,55.2,0.0,0,-67,82,Memorial_Day,0.32566081248891254,1
Frozen_Foods,2022-03-25,10413.11,0.05205002348001702,0.05260703093610371,6.8401609989714895,6.621911743945853,48.4,0.0,0,-66,83,Memorial_Day,0.39106568546764603,1
Frozen_Foods,2022-03-26,13846.41,0.0,0.0849681361482262,6.664596960511786,6.27000865206216,49.9,0.0,0,-65,84,Memorial_Day,0.3395183300220057,1
Frozen_Foods,2022-03-27,12365.39,0.01366132568402614,0.07579591212958825,7.283334735095295,6.75069466470528,54.8,0.0,0,-64,85,Memorial_Day,0.3694885482787037,1
Frozen_Foods,2022-03-28,7738.66,0.0,0.0,7.311605122850725,7.311605122850725,63.4,0.0,0,-63,86,Memorial_Day,0.0,0
Frozen_Foods,2022-03-29,7882.27,0.0,0.058957136766760725,7.23425080592266,6.815655134878658,49.7,0.68,0,-62,87,Memorial_Day,0.2238479524299472,1
Frozen_Foods,2022-03-30,8945.27,0.0,0.06730614853539268,6.710050920765948,6.468421847523888,65.6,0.4600000000000001,0,-61,88,Memorial_Day,0.2440697709515755,1
Frozen_Foods,2022-03-31,9104.06,0.0,0.0728108834751292,6.840582871817629,6.579191800141915,65.7,0.0,0,-60,89,Memorial_Day,0.2333848854247446,1
Frozen_Foods,2022-04-01,8791.8,0.0,0.02436700146653129,7.3290281853545345,7.105826451921108,58.8,0.53,0,-59,90,Memorial_Day,0.1488011556222844,0
Frozen_Foods,2022-04-02,12900.51,0.0,0.024923667535944133,7.154990012022782,7.065514045568742,68.7,0.0,0,-58,91,Memorial_Day,0.1720691662577681,0
Frozen_Foods,2022-04-03,15893.95,0.0,0.17727971754663374,7.428226388028149,5.930531661418338,40.2,0.28,0,-57,92,Memorial_Day,0.4824936532454172,1
Frozen_Foods,2022-04-04,8426.29,0.0,0.0494074454373911,7.093325010176485,6.80972627336586,53.5,0.0,0,-56,93,Memorial_Day,0.13377298906161547,0
Frozen_Foods,2022-04-05,6962.87,0.01959780090680998,0.0,7.109478648890473,7.109478648890473,46.8,0.4600000000000001,0,-55,94,Memorial_Day,0.0,0
Frozen_Foods,2022-04-06,7358.99,0.0,0.0,7.466700539068541,7.466700539068541,59.2,0.09,0,-54,95,Memorial_Day,0.0,0
Frozen_Foods,2022-04-07,9796.91,0.0,0.10439309355461346,7.336339253907609,6.559388623555794,62.9,0.0,0,-53,96,Memorial_Day,0.3335878353480843,1
Frozen_Foods,2022-04-08,9323.16,0.0,0.0,7.379011569038825,7.379011569038825,63.4,0.0,0,-52,97,Memorial_Day,0.0,0
Frozen_Foods,2022-04-09,12440.57,0.019379917479665318,0.07419205296885527,7.451109643689961,6.782689458762743,53.9,0.37,0,-51,98,Memorial_Day,0.36261200250470843,1
Frozen_Foods,2022-04-10,12257.029999999999,0.0,0.103285647651014,7.0549656482851075,6.31852966012158,59.7,0.0,0,-50,99,Memorial_Day,0.37920116047688557,1
Frozen_Foods,2022-04-11,8290.01,0.0,0.02948826103326939,7.374585386507373,7.123640285114252,68.4,0.0,0,-49,100,Memorial_Day,0.1242302482144171,0
Frozen_Foods,2022-04-12,7556.36,0.0,0.03883625026882257,7.322680788104327,7.01511452604164,50.4,0.23000000000000004,0,-48,101,Memorial_Day,0.1939611135520277,0
Frozen_Foods,2022-04-13,7334.92,0.010029587234761935,0.0,7.30314622381703,7.30314622381703,56.0,0.0,0,-47,102,Memorial_Day,0.0,0
Frozen_Foods,2022-04-14,8647.38,0.0,0.0,7.201160536486197,7.201160536486197,37.6,0.18,0,-46,103,Memorial_Day,0.0,0
Frozen_Foods,2022-04-15,9837.02,0.0,0.0,7.279790597152389,7.279790597152389,67.6,0.0,0,-45,104,Memorial_Day,0.0,0
Frozen_Foods,2022-04-16,13870.72,0.023637691482489735,0.1588194088956978,7.150220168816038,6.014955698045955,73.0,0.0,0,-44,105,Memorial_Day,0.35024930212707056,1
Frozen_Foods,2022-04-17,10243.63,0.02285492349879877,0.0,7.2529149920487175,7.2529149920487175,54.9,0.0,0,-43,106,Memorial_Day,0.0,0
Frozen_Foods,2022-04-18,9379.38,0.0,0.11655505764738934,7.345652345890667,6.403325294422447,58.7,0.0,0,-42,107,Memorial_Day,0.33884542475088975,1
Frozen_Foods,2022-04-19,7048.75,0.03145003156588048,0.0,7.083495087781522,7.083495087781522,61.3,0.37,0,-41,108,Memorial_Day,0.0,0
Frozen_Foods,2022-04-20,7401.42,0.03160379494745602,0.0,7.253357544903545,7.253357544903545,60.7,0.04,0,-40,109,Memorial_Day,0.0,0
Frozen_Foods,2022-04-21,8981.05,0.0,0.09376342378430011,7.1969316616653956,6.4471513019079065,60.9,0.0,0,-39,110,Memorial_Day,0.25344363966351374,1
Frozen_Foods,2022-04-22,9084.710000000001,0.014415293388561658,0.0,7.196721205189818,7.196721205189818,49.4,0.0,0,-38,111,Memorial_Day,0.0,0
Frozen_Foods,2022-04-23,11829.83,0.0,0.04231674397044958,7.058083649553715,6.757634767363522,63.5,0.0,0,-37,112,Memorial_Day,0.18099330252421209,0
Frozen_Foods,2022-04-24,11943.57,0.0,0.0762690451569956,6.767064897681346,6.493259025567731,60.3,0.0,0,-36,113,Memorial_Day,0.2558933384239386,1
Frozen_Foods,2022-04-25,9126.0,0.0,0.05181042638828755,7.17160795529257,6.8742161078238,78.2,0.35,0,-35,114,Memorial_Day,0.1304350208196362,0
Frozen_Foods,2022-04-26,7714.81,0.0,0.0341306768914578,7.019553248881048,6.827397537982141,62.9,0.0,0,-34,115,Memorial_Day,0.15496428298298984,0
Frozen_Foods,2022-04-27,6898.9400000000005,0.032189591444482774,0.0,7.1723581303794495,7.1723581303794495,62.8,0.0,0,-33,116,Memorial_Day,0.0,0
Frozen_Foods,2022-04-28,8232.119999999999,0.017906940132068044,0.0,7.132742780717481,7.132742780717481,77.8,0.0,0,-32,117,Memorial_Day,0.0,0
Frozen_Foods,2022-04-29,11492.86,0.0,0.02642217651183879,7.3418685253278975,7.0998413884794545,86.9,0.0,0,-31,118,Memorial_Day,0.15126696053027705,0
Frozen_Foods,2022-04-30,13360.27,0.0,0.111883936790034,6.687299006681752,6.170413135363283,67.4,0.0,0,-30,119,Memorial_Day,0.4346049892704264,1
Frozen_Foods,2022-05-01,12224.64,0.0,0.05889847669090519,6.8218483734490345,6.610402842128684,73.0,0.31,0,-29,120,Memorial_Day,0.22257424349510496,1
Frozen_Foods,2022-05-02,8351.48,0.005582161485149938,0.02005526194223401,7.1798606235062525,7.066949498771476,64.5,0.0,0,-28,121,Memorial_Day,0.12545680526086395,0
Frozen_Foods,2022-05-03,7320.41,0.04839033332832451,0.0,7.25976349685332,7.25976349685332,72.0,0.45,0,-27,122,Memorial_Day,0.0,0
Frozen_Foods,2022-05-04,6804.65,0.028935211950651393,0.0,7.184284349672651,7.184284349672651,68.7,0.0,0,-26,123,Memorial_Day,0.0,0
Frozen_Foods,2022-05-05,7732.64,0.01566661838647603,0.0,7.064733868381302,7.064733868381302,76.7,0.71,0,-25,124,Memorial_Day,0.0,0
Frozen_Foods,2022-05-06,11026.34,0.0,0.0,7.199004347770883,7.199004347770883,88.5,0.0,0,-24,125,Memorial_Day,0.0,0
Frozen_Foods,2022-05-07,11813.66,0.0,0.0,7.399809356287552,7.399809356287552,73.3,0.13,0,-23,126,Memorial_Day,0.0,0
Frozen_Foods,2022-05-08,11570.42,0.015337759562747072,0.0,7.24004735351007,7.24004735351007,71.9,0.0,0,-22,127,Memorial_Day,0.0,0
Frozen_Foods,2022-05-09,8549.95,0.0,0.03753433210132296,7.195267177001035,6.875850010818778,84.4,0.58,0,-21,128,Memorial_Day,0.12879724442833,0
Frozen_Foods,2022-05-10,8852.01,0.01374514940674491,0.05743045772343494,6.854540245661719,6.648364902434587,72.4,0.0,0,-20,129,Memorial_Day,0.23973877119433892,1
Frozen_Foods,2022-05-11,10168.73,0.0,0.12481842124202742,7.895240300411165,6.436112956091863,89.2,0.0,0,-19,130,Memorial_Day,0.2494234776614189,1
Frozen_Foods,2022-05-12,9575.05,0.0,0.0724594972911786,7.300334964308281,6.763309507522154,88.8,0.74,0,-18,131,Memorial_Day,0.3260306734690681,1
Frozen_Foods,2022-05-13,13181.85,0.0,0.13338548475025924,7.105218956368036,6.255297397558005,81.3,0.42000000000000004,0,-17,132,Memorial_Day,0.4282873799959793,1
Frozen_Foods,2022-05-14,12721.16,0.035642208729392603,0.030109145593611143,7.175823486222955,6.920799023045068,81.9,0.0,0,-16,133,Memorial_Day,0.12440217715994453,0
Frozen_Foods,2022-05-15,12918.46,0.01681547181320374,0.05159706028834114,7.558236314545232,6.955066679774523,78.2,0.0,0,-15,134,Memorial_Day,0.21238367421503804,1
Frozen_Foods,2022-05-16,8563.36,0.0,0.030675355380701392,7.391488270959063,7.20209526400852,61.2,0.0,0,-14,135,Memorial_Day,0.22923828964331755,1
Frozen_Foods,2022-05-17,9740.76,0.014182115153232396,0.17941460833407222,6.476929715956455,5.753523185049216,62.3,0.0,0,-13,136,Memorial_Day,0.46269695588434584,1
Frozen_Foods,2022-05-18,7827.33,0.04718488807805472,0.048031398383316486,7.308459972940964,6.9583665949947155,85.4,0.59,0,-12,137,Memorial_Day,0.262877635157838,1
Frozen_Foods,2022-05-19,9358.54,0.038947548442385245,0.04840169446575269,7.317947137053429,6.900392742885108,71.7,0.0,0,-11,138,Memorial_Day,0.23476632038758183,1
Frozen_Foods,2022-05-20,10308.33,0.01884405330446347,0.0,7.477790214321814,7.477790214321814,71.2,0.0,0,-10,139,Memorial_Day,0.0,0
Frozen_Foods,2022-05-21,21479.760000000002,0.0,0.33180276656832886,6.5693316824769,4.7441721183104475,88.5,0.0,0,-9,140,Memorial_Day,0.662676398618979,1
Frozen_Foods,2022-05-22,13192.369999999999,0.0,0.06181735941286617,7.071732357415688,6.723700623921252,74.6,0.0,0,-8,141,Memorial_Day,0.15964758417175992,0
Frozen_Foods,2022-05-23,15102.16,0.0,0.05360489837653129,7.25655622771842,6.8025227384692,72.6,0.26,1,-7,142,Memorial_Day,0.16631263342462269,0
Frozen_Foods,2022-05-24,13270.66,0.0,0.0246706825097107,6.916387527070999,6.827819776861136,81.7,0.0,1,-6,143,Memorial_Day,0.18844202172310948,0
Frozen_Foods,2022-05-25,13669.88,0.017197037574580024,0.03531791505256331,7.224508488735819,6.959198493329861,84.1,0.28,1,-5,144,Memorial_Day,0.266166198971754,1
Frozen_Foods,2022-05-26,14473.28,0.019423903911207414,0.10490998644698765,6.97886963425015,6.2754108052908535,75.3,0.0,1,-4,145,Memorial_Day,0.23122471202104844,1
Frozen_Foods,2022-05-27,15010.31,0.0,0.0,7.247308623206316,7.247308623206316,78.8,0.0,1,-3,146,Memorial_Day,0.0,0
Frozen_Foods,2022-05-28,23116.88,0.038004485899481244,0.22920933761719017,7.357591266641519,5.6282809488131615,69.5,0.0,1,-2,147,Memorial_Day,0.571305902872706,1
Frozen_Foods,2022-05-29,18392.92,0.05669929516357381,0.10823107641418539,7.155379232878737,6.3765848163315,82.7,0.0,1,-1,148,Memorial_Day,0.4377950863701903,1
Frozen_Foods,2022-05-30,14131.17,0.023935511355393783,0.10408373828918624,7.146086438702526,6.4070918968493045,79.7,0.0,1,0,0,Memorial_Day,0.2081674765783725,1
Frozen_Foods,2022-05-31,7997.05,0.0,0.223263670537839,7.352555304768632,5.586783989095978,86.6,0.0,1,-34,1,July_4th,0.6225645706854402,1
Frozen_Foods,2022-06-01,6488.94,0.0,0.0,7.2117250120975065,7.2117250120975065,89.4,0.0,1,-33,2,July_4th,0.0,0
Frozen_Foods,2022-06-02,7175.54,0.0,0.040470101038744974,7.287326793523554,6.944545037725384,96.8,0.0,1,-32,3,July_4th,0.13337811509656416,0
Frozen_Foods,2022-06-03,7744.38,0.014957372959488041,0.032031854372808144,7.002186165968095,6.887191808769714,74.1,0.0,1,-31,4,July_4th,0.17967868312247073,0
Frozen_Foods,2022-06-04,11512.75,0.0,0.17409202267346688,7.006661961738073,5.970331406484116,73.9,0.0,1,-30,5,July_4th,0.4657679529217607,1
Frozen_Foods,2022-06-05,9182.46,0.0,0.017624231319998948,7.311222003689643,7.149784044798453,70.3,0.0,1,-29,6,July_4th,0.13232619581245114,0
Frozen_Foods,2022-06-06,6514.22,0.0,0.0,7.222478009646587,7.222478009646587,79.3,0.0,1,-28,7,July_4th,0.0,0
Frozen_Foods,2022-06-07,8861.68,0.0172889226422078,0.0,7.120663542353142,7.120663542353142,82.3,0.0,0,-27,8,July_4th,0.0,0
Frozen_Foods,2022-06-08,8962.66,0.07027800340523907,0.028288532348175827,7.191561779650239,7.032297342530008,89.2,0.0,0,-26,9,July_4th,0.1516804163049809,0
Frozen_Foods,2022-06-09,9862.35,0.0,0.022139731158160255,7.591631801751105,7.332818344512211,74.4,0.0,0,-25,10,July_4th,0.18355564343183925,0
Frozen_Foods,2022-06-10,12167.19,0.0259763199226773,0.01684733096555275,7.171900044299464,7.02852925778261,84.8,0.0,0,-24,11,July_4th,0.07708106801981394,0
Frozen_Foods,2022-06-11,15270.76,0.006908981609297767,0.028150054566552504,7.13256898150452,6.894138019325821,91.5,0.0,0,-23,12,July_4th,0.1119394188632393,0
Frozen_Foods,2022-06-12,12992.710000000001,0.008999092568063168,0.06362079062743932,7.354942987259777,6.824981801333208,75.0,0.56,0,-22,13,July_4th,0.12739451584773306,0
Frozen_Foods,2022-06-13,10653.55,0.0,0.0,7.240512148532648,7.240512148532648,91.1,0.45,0,-21,14,July_4th,0.0,0
Frozen_Foods,2022-06-14,10422.18,0.0,0.0999313598582385,7.123783421510662,6.448424945644769,82.4,0.05,0,-20,15,July_4th,0.2631196160496172,1
Frozen_Foods,2022-06-15,10035.27,0.0,0.015644866407708395,7.382610054338348,7.23930307804374,90.3,0.49000000000000005,0,-19,16,July_4th,0.1314742901785403,0
Frozen_Foods,2022-06-16,10357.369999999999,0.015508122235664076,0.04139454975925784,7.189402831027569,6.8178448003692065,74.4,0.23000000000000004,0,-18,17,July_4th,0.24335135270826477,1
Frozen_Foods,2022-06-17,12611.14,0.0,0.04581346886057971,6.957693412332271,6.694724101072544,77.4,0.0,0,-17,18,July_4th,0.14857023235012856,0
Frozen_Foods,2022-06-18,12873.36,0.034815855378859915,0.02995628016682619,7.502823645108969,7.247895700889277,69.4,0.0,0,-16,19,July_4th,0.14651031276993728,0
Frozen_Foods,2022-06-19,18733.73,0.0,0.1831604745614155,7.387288559192428,5.97636801640677,90.4,0.34,0,-15,20,July_4th,0.456628231537446,1
Frozen_Foods,2022-06-20,9902.59,0.0,0.0,7.304153973859363,7.304153973859363,76.4,0.0,0,-14,21,July_4th,0.0,0
Frozen_Foods,2022-06-21,9570.69,0.01795631976377879,0.0,7.259302746196981,7.259302746196981,83.4,0.0,0,-13,22,July_4th,0.0,0
Frozen_Foods,2022-06-22,9224.11,0.02203533999486129,0.0,7.185133926199926,7.185133926199926,71.9,0.39,0,-12,23,July_4th,0.0,0
Frozen_Foods,2022-06-23,9680.2,0.016353378029379556,0.0,7.13487919671081,7.13487919671081,76.4,0.43,0,-11,24,July_4th,0.0,0
Frozen_Foods,2022-06-24,11984.77,0.018516593977189383,0.0,7.199171924033587,7.199171924033587,77.5,0.0,0,-10,25,July_4th,0.0,0
