data/category_day_data.csv
category,date,sales,oos_loss_share,avg_discount_pct,base_price,final_price,temperature,precipitation,holiday_flag,days_to_holiday,days_from_holiday,holiday_name,promo_intensity,promo_flag
Frozen_Foods,2022-06-25,14814.32,0.005117842060924835,0.07990021620410126,7.604679674801138,6.806286376964991,83.4,0.53,0,-9,26,July_4th,0.3600016740559135,1
Frozen_Foods,2022-06-26,21785.72,0.0,0.2607881377030416,7.1277408274778145,5.280834266666421,82.0,0.0,0,-8,27,July_4th,0.7036416515038291,1
Frozen_Foods,2022-06-27,17057.99,0.0,0.051939132404296595,7.206851194073862,6.863279260921129,86.4,0.0,1,-7,28,July_4th,0.21621128866882908,1
Frozen_Foods,2022-06-28,18571.36,0.011112898570702415,0.15687545120041602,7.513751669236933,6.122921896942388,78.0,0.0,1,-6,29,July_4th,0.4513390510980348,1
Frozen_Foods,2022-06-29,16376.09,0.03458433056975139,0.09152253380610553,7.157656925432139,6.556650360372958,86.0,0.14,1,-5,30,July_4th,0.34031811012274604,1
Frozen_Foods,2022-06-30,17025.86,0.0,0.13619946506585034,7.35268302452857,6.304769532934019,68.5,0.0,1,-4,31,July_4th,0.58504005084031,1
Frozen_Foods,2022-07-01,25195.57,0.0,0.21790525800732277,7.17890976072381,5.522729916409908,80.0,0.0,1,-3,32,July_4th,0.7295084016753739,1
Frozen_Foods,2022-07-02,26287.96,0.06931813233130299,0.22562613372978021,8.110601282868657,5.990396021600763,93.7,0.0,1,-2,33,July_4th,0.45101521761293006,1
Frozen_Foods,2022-07-03,19611.75,0.08977632796665264,0.1265163571170077,7.0219014570346845,6.183180980789579,87.8,0.0,1,-1,34,July_4th,0.6029798462656316,1
Frozen_Foods,2022-07-04,20144.809999999998,0.0,0.06639721623511527,7.418395283946586,6.784149718959872,100.0,0.0,1,0,0,July_4th,0.39183690489014295,1
Frozen_Foods,2022-07-05,7533.84,0.0,0.038360096942941894,7.115775686767972,6.895588730315485,90.9,0.33,1,-62,1,Labor_Day,0.13028813991271385,0
Frozen_Foods,2022-07-06,8027.1,0.0,0.041939572294139756,7.5715502859064925,7.140773791282032,81.3,0.0,1,-61,2,Labor_Day,0.2880616910216641,1
Frozen_Foods,2022-07-07,8158.19,0.0,0.057657431573687405,7.150651443518721,6.741283679345541,85.0,0.32,1,-60,3,Labor_Day,0.20468388208659027,1
Frozen_Foods,2022-07-08,8160.84,0.009730417457026483,0.0,7.204299447115738,7.204299447115738,64.8,0.0,1,-59,4,Labor_Day,0.0,0
Frozen_Foods,2022-07-09,11823.65,0.0,0.06616412621306358,7.374880565645972,6.7842325846925435,81.6,0.0,1,-58,5,Labor_Day,0.25781463422885487,1
Frozen_Foods,2022-07-10,12491.69,0.0,0.039397852997194345,7.196012565153315,6.953694656207447,97.6,0.0,1,-57,6,Labor_Day,0.23627867806517774,1
Frozen_Foods,2022-07-11,7763.34,0.0,0.0,7.395546259728416,7.395546259728416,87.1,0.0,1,-56,7,Labor_Day,0.0,0
Frozen_Foods,2022-07-12,10752.59,0.0,0.03962265854929764,7.085056242263493,6.857622182190523,80.8,0.09,0,-55,8,Labor_Day,0.13300237431167744,0
Frozen_Foods,2022-07-13,11415.18,0.0,0.0741471716484549,7.729633409197227,6.979164927754095,78.1,0.14,0,-54,9,Labor_Day,0.3469975944312748,1
Frozen_Foods,2022-07-14,11569.69,0.0,0.10954096436464592,7.509050017761929,6.505654784181773,72.4,0.0,0,-53,10,Labor_Day,0.2190819287292918,1
Frozen_Foods,2022-07-15,16229.04,0.0,0.1101058308609939,8.042009237761444,6.754872074996427,88.8,0.0,0,-52,11,Labor_Day,0.2905501496083564,1
Frozen_Foods,2022-07-16,17934.18,0.0,0.08254724009013353,7.099344937989916,6.597954252717438,89.9,0.0,0,-51,12,Labor_Day,0.22988784544372814,1
Frozen_Foods,2022-07-17,15572.76,0.0,0.0,7.0826801928495655,7.0826801928495655,76.2,0.0,0,-50,13,Labor_Day,0.0,0
Frozen_Foods,2022-07-18,11663.8,0.04443511291345873,0.06719147369326545,6.812130917882679,6.570913527323856,98.4,0.0,0,-49,14,Labor_Day,0.2461401944477786,1
Frozen_Foods,2022-07-19,9786.15,0.0,0.0,7.2760238500329555,7.2760238500329555,75.7,0.0,0,-48,15,Labor_Day,0.0,0
Frozen_Foods,2022-07-20,11046.98,0.0,0.011088196062577537,7.124054655661548,7.060408410262352,83.9,0.0,0,-47,16,Labor_Day,0.083745059735783,0
Frozen_Foods,2022-07-21,12169.92,0.0,0.008556783543280417,7.1259638929425995,7.0475837556861505,99.9,0.0,0,-46,17,Labor_Day,0.13063356209408114,0
Frozen_Foods,2022-07-22,15005.150000000001,0.0,0.0,7.07055346997531,7.07055346997531,93.2,0.0,0,-45,18,Labor_Day,0.0,0
Frozen_Foods,2022-07-23,17180.32,0.03896828697020777,0.08297937066503416,7.302488539212308,6.682011580692328,83.3,0.0,0,-44,19,Labor_Day,0.383924164392747,1
Frozen_Foods,2022-07-24,13689.87,0.05583276466467541,0.0,7.226582436502319,7.226582436502319,93.5,0.0,0,-43,20,Labor_Day,0.0,0
Frozen_Foods,2022-07-25,11425.28,0.019307649353013667,0.01564852659273188,7.165577351277167,7.075754808634886,82.9,0.0,0,-42,21,Labor_Day,0.08394630153484203,0
Frozen_Foods,2022-07-26,13353.46,0.0,0.22904427482062095,7.9659453430047344,5.8193628542714775,75.5,0.0,0,-41,22,Labor_Day,0.45753609925816985,1
Frozen_Foods,2022-07-27,11945.12,0.0,0.026520883595545452,7.280648264730702,7.131994086287955,89.3,0.13,0,-40,23,Labor_Day,0.21713469600975124,1
Frozen_Foods,2022-07-28,10743.18,0.0,0.0,7.008083277018536,7.008083277018536,84.5,0.51,0,-39,24,Labor_Day,0.0,0
Frozen_Foods,2022-07-29,16440.66,0.0,0.09182760571828597,7.296499958030882,6.620939049892158,96.9,0.21000000000000002,0,-38,25,Labor_Day,0.30792194473944473,1
Frozen_Foods,2022-07-30,14236.11,0.043530484099940224,0.008324262319244389,7.255759628156849,7.186418523037543,87.8,0.54,0,-37,26,Labor_Day,0.06361569277000528,0
Frozen_Foods,2022-07-31,17909.72,0.02118872656858957,0.11915230376995578,7.075869455245531,6.299653478669683,91.5,0.0,0,-36,27,Labor_Day,0.28949978000772764,1
Frozen_Foods,2022-08-01,10442.0,0.0,0.0,7.23307095384026,7.23307095384026,81.6,0.0,0,-35,28,Labor_Day,0.0,0
Frozen_Foods,2022-08-02,13148.57,0.0,0.19851107669206264,7.102301550662924,5.79178814882531,66.5,0.0,0,-34,29,Labor_Day,0.5481288079235993,1
Frozen_Foods,2022-08-03,9057.77,0.0,0.0,7.151443843241768,7.151443843241768,70.2,0.55,0,-33,30,Labor_Day,0.0,0
Frozen_Foods,2022-08-04,11456.24,0.016111022464613173,0.11919050489942205,7.45212878745557,6.521320136449656,63.4,0.0,0,-32,31,Labor_Day,0.34147329315726627,1
Frozen_Foods,2022-08-05,13357.74,0.0,0.04133941929648504,7.4364504399696365,6.953192628393726,77.9,0.0,0,-31,32,Labor_Day,0.19025898093539775,0
Frozen_Foods,2022-08-06,18784.75,0.0,0.15498391370233194,7.458423918338013,6.2245200814490484,86.6,0.0,0,-30,33,Labor_Day,0.3714257575959222,1
Frozen_Foods,2022-08-07,15750.699999999999,0.011524607795209101,0.0,7.145265759617033,7.145265759617033,98.8,0.0,0,-29,34,Labor_Day,0.0,0
Frozen_Foods,2022-08-08,10533.619999999999,0.0,0.03322167331493295,7.513098051761881,7.124736690710315,76.3,0.0,0,-28,35,Labor_Day,0.18852493254930405,0
Frozen_Foods,2022-08-09,10792.380000000001,0.0,0.0,7.076418584223312,7.076418584223312,91.6,0.0,0,-27,36,Labor_Day,0.0,0
Frozen_Foods,2022-08-10,12522.9,0.026293471959370433,0.21947112889187007,6.750025305640065,5.40599441024044,82.7,0.0,0,-26,37,Labor_Day,0.4389422577837402,1
Frozen_Foods,2022-08-11,10319.880000000001,0.0,0.0,7.251970042287313,7.251970042287313,67.9,0.0,0,-25,38,Labor_Day,0.0,0
Frozen_Foods,2022-08-12,15576.52,0.022770062247536672,0.15471072517327122,8.004197150583057,6.195628773307517,72.8,0.12,0,-24,39,Labor_Day,0.30915698756846843,1
Frozen_Foods,2022-08-13,16766.52,0.0,0.034222988731681704,7.181400165329477,6.891531450772134,86.5,0.15,0,-23,40,Labor_Day,0.12282572650734917,0
Frozen_Foods,2022-08-14,13381.3,0.0178248555820436,0.0,7.191604866492792,7.191604866492792,61.6,0.0,0,-22,41,Labor_Day,0.0,0
Frozen_Foods,2022-08-15,11707.16,0.03155969850928833,0.12567287863678467,7.811753448317098,6.342637497053084,86.8,0.0,0,-21,42,Labor_Day,0.2511309318400022,1
Frozen_Foods,2022-08-16,11204.3,0.0,0.08689290746139051,7.2761076461715595,6.540124719973583,86.5,0.0,0,-20,43,Labor_Day,0.17399123550779613,0
Frozen_Foods,2022-08-17,11661.18,0.0,0.07241839748209353,7.0691589273126745,6.65970391504119,83.1,0.0,0,-19,44,Labor_Day,0.28484424389298507,1
Frozen_Foods,2022-08-18,11878.39,0.01629147889570893,0.08283497020906828,7.4676146346432475,6.764212801566543,82.1,0.0,0,-18,45,Labor_Day,0.27277013130567357,1
Frozen_Foods,2022-08-19,12862.64,0.01257458266732179,0.0,7.288629262732998,7.288629262732998,79.5,0.13,0,-17,46,Labor_Day,0.0,0
Frozen_Foods,2022-08-20,16355.85,0.0,0.14019102139465198,7.164083890473439,6.128281654576191,71.8,0.9200000000000002,0,-16,47,Labor_Day,0.41834572950962495,1
Frozen_Foods,2022-08-21,14034.41,0.0,0.06939421042169534,7.555534439994272,6.744316120164654,67.9,0.0,0,-15,48,Labor_Day,0.21404177304211577,1
Frozen_Foods,2022-08-22,9052.939999999999,0.007599758752405296,0.0,7.376427812401275,7.376427812401275,65.5,0.0,0,-14,49,Labor_Day,0.0,0
Frozen_Foods,2022-08-23,9835.36,0.0,0.0,7.214937023149126,7.214937023149126,70.6,0.4699999999999999,0,-13,50,Labor_Day,0.0,0
Frozen_Foods,2022-08-24,9297.84,0.024458767842853824,0.0,7.1001936256162725,7.1001936256162725,77.0,0.18,0,-12,51,Labor_Day,0.0,0
Frozen_Foods,2022-08-25,11145.3,0.0,0.06789965159300902,7.332670883690883,6.710710075098921,83.1,0.38,0,-11,52,Labor_Day,0.1834692650713754,0
Frozen_Foods,2022-08-26,13449.31,0.0,0.037357270536192706,7.333894586413726,7.119463853535978,80.0,0.0,0,-10,53,Labor_Day,0.11847001816450063,0
Frozen_Foods,2022-08-27,20501.739999999998,0.0,0.21312195807909168,7.636313020260717,5.836030517409741,84.5,0.0,0,-9,54,Labor_Day,0.5800278415393035,1
Frozen_Foods,2022-08-28,13094.31,0.013937290319230262,0.03448963476749171,7.400144719347564,7.08421966487734,66.3,0.0,0,-8,55,Labor_Day,0.1511603131436479,0
Frozen_Foods,2022-08-29,15478.44,0.03643994485232362,0.10247299027879965,7.599272710945032,6.940566969281143,74.8,0.0,1,-7,56,Labor_Day,0.36016032623442673,1
Frozen_Foods,2022-08-30,14804.27,0.0,0.09022835979079008,7.192943981702576,6.3664522060189395,75.4,0.0,1,-6,57,Labor_Day,0.1804567195815802,0
Frozen_Foods,2022-08-31,16205.77,0.0,0.06336657086948215,7.339388890500112,6.802674035235598,85.3,0.0,1,-5,58,Labor_Day,0.16514303238908118,0
Frozen_Foods,2022-09-01,14477.91,0.025729670926259385,0.11398113785986845,7.161340145090004,6.3299551799949025,74.3,0.0,1,-4,59,Labor_Day,0.29551779227802905,1
Frozen_Foods,2022-09-02,19602.03,0.016708734758593878,0.15611707022990165,7.462395527402007,6.141899767524077,84.8,0.0,1,-3,60,Labor_Day,0.38729305077076204,1
Frozen_Foods,2022-09-03,26583.98,0.0,0.22322667106767247,7.300918936893573,5.664677997801683,79.3,0.0,1,-2,61,Labor_Day,0.7634387326502653,1
Frozen_Foods,2022-09-04,21890.48,0.015468439248476963,0.169584611054,7.222525819442972,6.04656157379829,72.9,0.0,1,-1,62,Labor_Day,0.3748405699646605,1
Frozen_Foods,2022-09-05,13853.03,0.0,0.04768946456719817,7.0063996035524365,6.777490173629885,68.0,0.0,1,0,0,Labor_Day,0.18460437896979937,0
Frozen_Foods,2022-09-06,6313.24,0.026195259486412683,0.09884627989990023,7.2163401359682195,6.578822110358549,75.0,0.0,1,-79,1,Thanksgiving,0.24379082689712417,1
Frozen_Foods,2022-09-07,5634.33,0.1090286688923084,0.1129065828524805,7.4581862439722215,6.549720250677543,67.5,0.0,1,-78,2,Thanksgiving,0.2725612450814915,1
Frozen_Foods,2022-09-08,8023.23,0.016775213972427566,0.14563958438984984,7.301125257533438,6.239533130671812,78.3,0.0,1,-77,3,Thanksgiving,0.4084776330729644,1
Frozen_Foods,2022-09-09,8504.619999999999,0.0,0.06617888094450537,7.151887997347323,6.779300897629758,70.7,0.0,1,-76,4,Thanksgiving,0.17827133957778246,0
Frozen_Foods,2022-09-10,9117.7,0.0,0.028292167208588386,7.130260098489752,6.929385711308775,74.0,0.0,1,-75,5,Thanksgiving,0.17316757515601522,0
Frozen_Foods,2022-09-11,9481.09,0.0,0.07962403490067307,7.354792202162408,6.691523991439803,67.9,0.0,1,-74,6,Thanksgiving,0.15943947373139586,0
Frozen_Foods,2022-09-12,6999.17,0.021947883820510144,0.15095047204136716,8.10604844574428,6.341437427580697,84.4,0.0,1,-73,7,Thanksgiving,0.30164290908779184,1
Frozen_Foods,2022-09-13,8949.99,0.005761045543067646,0.03227432395072466,7.3238623283378,7.049207831517132,76.0,0.0,0,-72,8,Thanksgiving,0.13397780332715456,0
Frozen_Foods,2022-09-14,8848.33,0.010664492621771566,0.034935839004120485,7.44195444790147,7.033554489943301,70.3,0.0,0,-71,9,Thanksgiving,0.18232140980275374,0
Frozen_Foods,2022-09-15,8985.67,0.0,0.0,7.3818547754368895,7.3818547754368895,71.9,0.0,0,-70,10,Thanksgiving,0.0,0
Frozen_Foods,2022-09-16,10191.07,0.04778887202227048,0.03274443588873951,7.360948104566058,7.083602732588434,71.4,0.0,0,-69,11,Thanksgiving,0.13020909482517537,0
Frozen_Foods,2022-09-17,12048.97,0.0,0.054395361428771806,6.87227700791022,6.676997660380928,62.9,0.0,0,-68,12,Thanksgiving,0.22445902014861022,1
Frozen_Foods,2022-09-18,12119.19,0.020661686960927256,0.045235567083320063,7.304776375318813,6.971798989866484,68.1,0.0,0,-67,13,Thanksgiving,0.2829809582983681,1
Frozen_Foods,2022-09-19,7711.84,0.022128602253158783,0.0,6.8858732805659875,6.8858732805659875,69.2,0.0,0,-66,14,Thanksgiving,0.0,0
Frozen_Foods,2022-09-20,7355.14,0.0,0.013249731619292996,7.159559518921461,7.046804302841277,57.0,0.0,0,-65,15,Thanksgiving,0.09720277248291671,0
Frozen_Foods,2022-09-21,7206.36,0.008882431629838086,0.0,7.184827374707897,7.184827374707897,70.3,0.0,0,-64,16,Thanksgiving,0.0,0
Frozen_Foods,2022-09-22,7882.04,0.012055995655946939,0.004934364345126028,7.045241003598053,7.01691775225703,67.8,0.0,0,-63,17,Thanksgiving,0.08582803436673754,0
Frozen_Foods,2022-09-23,9880.2,0.008982364729458917,0.022800255407921882,7.172501336005343,7.044135898058744,71.2,0.0,0,-62,18,Thanksgiving,0.13655897653893645,0
Frozen_Foods,2022-09-24,14466.83,0.0,0.15957622042822803,7.298219374942541,6.136006913746825,78.6,0.0,0,-61,19,Thanksgiving,0.4232917646782329,1
Frozen_Foods,2022-09-25,11874.81,0.010770638856537494,0.08402270505589543,7.357650000294741,6.690560665812759,64.9,0.4,0,-60,20,Thanksgiving,0.35536821220718484,1
Frozen_Foods,2022-09-26,7987.65,0.0,0.030655369564661077,7.357118964902069,6.998757694691181,68.2,0.0,0,-59,21,Thanksgiving,0.16824472779853902,0
Frozen_Foods,2022-09-27,8672.460000000001,0.0,0.1859752315708191,7.253969704097799,5.837690493816057,58.3,0.0,0,-58,22,Thanksgiving,0.3721158702375104,1
Frozen_Foods,2022-09-28,7201.46,0.0,0.0,7.346617574769561,7.346617574769561,53.4,0.0,0,-57,23,Thanksgiving,0.0,0
Frozen_Foods,2022-09-29,7068.88,0.0,0.0,7.225052766492004,7.225052766492004,62.2,0.0,0,-56,24,Thanksgiving,0.0,0
Frozen_Foods,2022-09-30,8746.28,0.01023252628546079,0.018463568616463973,7.162697032338319,7.021573960586672,65.2,0.0,0,-55,25,Thanksgiving,0.17648531718627802,0
Frozen_Foods,2022-10-01,12775.05,0.0,0.12176445933598433,7.268361611109154,6.3665123502452055,60.9,0.0,0,-54,26,Thanksgiving,0.44431998309204274,1
Frozen_Foods,2022-10-02,10627.77,0.0,0.13671187533752432,7.942650687773635,6.394588535506508,61.9,0.0,0,-53,27,Thanksgiving,0.32850071087349464,1
Frozen_Foods,2022-10-03,8154.83,0.0300534603419078,0.15902273609092685,8.214951225224803,6.3559754403218705,73.0,0.0,0,-52,28,Thanksgiving,0.3177736384449461,1
Frozen_Foods,2022-10-04,8039.54,0.0,0.1240813159967879,6.855278510959582,6.173292340109011,54.5,0.0,0,-51,29,Thanksgiving,0.48129868126783376,1
Frozen_Foods,2022-10-05,6945.17,0.0,0.015914326121381057,7.190811830379963,7.0994635984432355,69.9,0.0,0,-50,30,Thanksgiving,0.09615603361760763,0
Frozen_Foods,2022-10-06,7601.07,0.0,0.0347184652989566,7.626521739702437,7.220662880357636,76.9,0.0,0,-49,31,Thanksgiving,0.2070708466044912,1
Frozen_Foods,2022-10-07,9564.130000000001,0.0,0.08658291965931011,7.799161073720244,6.78700674290291,55.9,0.16,0,-48,32,Thanksgiving,0.24747049653235578,1
Frozen_Foods,2022-10-08,10589.17,0.0,0.14246990773171683,7.2957338771594,6.24069874220548,64.6,0.0,0,-47,33,Thanksgiving,0.3197597167672254,1
Frozen_Foods,2022-10-09,10924.83,0.023448222077597548,0.14258459558675374,7.116920720963164,6.174028831569919,70.1,0.0,0,-46,34,Thanksgiving,0.3436749130192415,1
Frozen_Foods,2022-10-10,6140.41,0.028381323071260713,0.030712262267982293,7.267374637849915,7.0115414931576225,61.3,0.0,0,-45,35,Thanksgiving,0.13052711463892477,0
Frozen_Foods,2022-10-11,6878.05,0.0,0.0674244220111521,7.541628630207689,6.9141831187618585,56.3,0.0,0,-44,36,Thanksgiving,0.3860352861639564,1
Frozen_Foods,2022-10-12,6463.7,0.00038404319507402885,0.1085000865173158,7.723059578878971,6.528854108328048,51.8,0.64,0,-43,37,Thanksgiving,0.31940374707984587,1
Frozen_Foods,2022-10-13,6194.9400000000005,0.04998974485628594,0.07378044311403613,7.282229626114215,6.718537419248612,56.1,0.0,0,-42,38,Thanksgiving,0.22467852795991564,1
Frozen_Foods,2022-10-14,7130.15,0.0,0.0,7.124441323113819,7.124441323113819,60.3,0.0,0,-41,39,Thanksgiving,0.0,0
Frozen_Foods,2022-10-15,9727.93,0.0,0.06487315272575339,7.331138279161137,6.790744916955611,66.4,0.0,0,-40,40,Thanksgiving,0.12990225053017446,0
Frozen_Foods,2022-10-16,8711.78,0.0,0.02963278293463399,7.504731340782251,7.257890258936749,58.2,0.0,0,-39,41,Thanksgiving,0.09530543700598498,0
Frozen_Foods,2022-10-17,6212.16,0.0,0.0,7.2082671727708245,7.2082671727708245,63.9,0.0,0,-38,42,Thanksgiving,0.0,0
Frozen_Foods,2022-10-18,5332.86,0.0,0.0,7.245412180331004,7.245412180331004,54.7,0.0,0,-37,43,Thanksgiving,0.0,0
Frozen_Foods,2022-10-19,6143.39,0.0,0.03767616495127282,7.033302232155211,6.852456640389103,50.0,0.0,0,-36,44,Thanksgiving,0.17223389692010435,0
Frozen_Foods,2022-10-20,5660.67,0.020527209676593057,0.0,7.061331361835261,7.061331361835261,48.1,0.0,0,-35,45,Thanksgiving,0.0,0
Frozen_Foods,2022-10-21,7678.46,0.0,0.018358224852934427,7.064920140236453,6.961563334314432,50.3,0.0,0,-34,46,Thanksgiving,0.1245262721952058,0
Frozen_Foods,2022-10-22,9153.94,0.0,0.04857665114693781,7.009225972641288,6.776058047135986,41.9,0.0,0,-33,47,Thanksgiving,0.17019556606226388,0
Frozen_Foods,2022-10-23,10646.58,0.05138845713834865,0.208868386352068,6.528634688322447,5.621829939755301,45.9,0.0,0,-32,48,Thanksgiving,0.5345012201101198,1
Frozen_Foods,2022-10-24,7783.2,0.02513529782094768,0.2161620644773582,7.425483515777572,5.964556904615068,34.6,0.0,0,-31,49,Thanksgiving,0.5537516702641587,1
Frozen_Foods,2022-10-25,5365.8,0.015081335495173133,0.0,7.210288139699578,7.210288139699578,53.0,0.0,0,-30,50,Thanksgiving,0.0,0
