data/category_day_data.csv
category,date,sales,oos_loss_share,avg_discount_pct,base_price,final_price,temperature,precipitation,holiday_flag,days_to_holiday,days_from_holiday,holiday_name,promo_intensity,promo_flag
Frozen_Foods,2023-06-28,19650.88,0.0,0.13570225778681083,7.250334544814276,6.18510551690306,83.2,0.0,1,-6,30,July_4th,0.6616813089286586,1
Frozen_Foods,2023-06-29,17644.83,0.0,0.08586550452628373,6.922968931976108,6.4292187513282935,81.5,0.0,1,-5,31,July_4th,0.37023536072605967,1
Frozen_Foods,2023-06-30,21297.38,0.0,0.12184012124282721,6.916221230029235,6.1950580728709355,85.3,0.42000000000000004,1,-4,32,July_4th,0.3569532966026807,1
Frozen_Foods,2023-07-01,27210.97,0.009630754067201572,0.2358024556173363,7.467376117058672,5.640667859322914,85.1,0.9399999999999998,1,-3,33,July_4th,0.6010800056006823,1
Frozen_Foods,2023-07-02,21663.27,0.08229678529603333,0.13807939588555057,6.863524154017376,6.27799552883752,82.4,0.4699999999999999,1,-2,34,July_4th,0.3286489066516735,1
Frozen_Foods,2023-07-03,13887.61,0.0,0.0,7.327321893399945,7.327321893399945,92.6,0.15,1,-1,35,July_4th,0.0,0
Frozen_Foods,2023-07-04,17667.12,0.0,0.047888053217780356,7.2709615545714295,6.879788737496546,97.6,0.0,1,0,0,July_4th,0.28960634217688,1
Frozen_Foods,2023-07-05,7906.13,0.0,0.0,7.09263366526986,7.09263366526986,95.2,0.0,1,-61,1,Labor_Day,0.0,0
Frozen_Foods,2023-07-06,7552.14,0.0,0.007885146934532444,7.220806499879504,7.176413122638086,88.4,0.22000000000000003,1,-60,2,Labor_Day,0.10569851724147063,0
Frozen_Foods,2023-07-07,12505.23,0.0,0.2425080094885709,6.734605465073413,5.425051230565131,90.2,0.0,1,-59,3,Labor_Day,0.569652057579109,1
Frozen_Foods,2023-07-08,13915.01,0.0,0.16273143934541953,6.653538502667263,5.992329944426916,85.8,0.07,1,-58,4,Labor_Day,0.3654657811959891,1
Frozen_Foods,2023-07-09,14341.710000000001,0.0,0.22709118644460838,7.332857197642401,5.656561128345225,75.7,0.76,1,-57,5,Labor_Day,0.5623116071932844,1
Frozen_Foods,2023-07-10,8927.97,0.0,0.08647822322358921,7.262140968215619,6.514673985239646,89.3,0.0,1,-56,6,Labor_Day,0.3593314045634114,1
Frozen_Foods,2023-07-11,7053.41,0.0,0.02991976414760572,7.194328190194529,6.940907787864308,77.1,0.0,1,-55,7,Labor_Day,0.11953792562746246,0
Frozen_Foods,2023-07-12,12157.51,0.0,0.08008945989963512,7.081422659738713,6.594804758540196,84.8,0.0,0,-54,8,Labor_Day,0.3527630246654126,1
Frozen_Foods,2023-07-13,12329.4,0.014041526757182019,0.04172745005720849,7.121340073320679,6.8864145294985954,89.6,0.0,0,-53,9,Labor_Day,0.13501468035751943,0
Frozen_Foods,2023-07-14,13156.1,0.0,0.0,7.351078913963864,7.351078913963864,87.7,0.37,0,-52,10,Labor_Day,0.0,0
Frozen_Foods,2023-07-15,17406.38,0.032781929384513034,0.13573758587368537,7.4679146899010584,6.504177830197894,90.0,0.0,0,-51,11,Labor_Day,0.27147517174737074,1
Frozen_Foods,2023-07-16,16111.86,0.025790865859062827,0.07343896147320475,7.506567553342693,6.8435202515414115,85.5,0.0,0,-50,12,Labor_Day,0.44023719173329456,1
Frozen_Foods,2023-07-17,12869.720000000001,0.033844823352800216,0.07046127060538836,7.538033368247327,6.905248544645882,94.7,0.31,0,-49,13,Labor_Day,0.34643721852534476,1
Frozen_Foods,2023-07-18,10162.960000000001,0.0,0.04875439487386433,7.504848823571086,6.934909947495613,76.5,0.0,0,-48,14,Labor_Day,0.19319961900863528,0
Frozen_Foods,2023-07-19,10677.99,0.0,0.0,7.146614774878043,7.146614774878043,100.0,0.69,0,-47,15,Labor_Day,0.0,0
Frozen_Foods,2023-07-20,11824.69,0.0,0.0,7.434281431479387,7.434281431479387,92.8,0.0,0,-46,16,Labor_Day,0.0,0
Frozen_Foods,2023-07-21,16264.45,0.0,0.08220501305738673,6.995896547377869,6.505205322036711,100.0,0.38,0,-45,17,Labor_Day,0.3231901478377689,1
Frozen_Foods,2023-07-22,21762.65,0.01440224053596414,0.15459548854825958,7.056656790418446,6.130627101938411,94.3,0.0,0,-44,18,Labor_Day,0.34329734660071265,1
Frozen_Foods,2023-07-23,14551.37,0.06566750415940216,0.057573840282840724,7.352187189247472,6.935000470746052,83.5,0.0,0,-43,19,Labor_Day,0.2379906496776592,1
Frozen_Foods,2023-07-24,11372.6,0.0,0.0,7.145256414540211,7.145256414540211,77.6,0.0,0,-42,20,Labor_Day,0.0,0
Frozen_Foods,2023-07-25,11333.16,0.01397128426670055,0.03824413730820387,7.181844754684484,6.966530261639296,78.8,0.19,0,-41,21,Labor_Day,0.1583194801802851,0
Frozen_Foods,2023-07-26,11141.79,0.03615625496441774,0.1547134706362263,7.69430380576191,6.478166937269506,81.4,0.0,0,-40,22,Labor_Day,0.3094269412724526,1
Frozen_Foods,2023-07-27,11778.89,0.020061275722924658,0.05421736225259383,7.254030736342726,6.9517323024495505,83.3,0.03,0,-39,23,Labor_Day,0.2523157954612022,1
Frozen_Foods,2023-07-28,13010.89,0.013669503777220465,0.0,7.200704187031017,7.200704187031017,79.1,0.0,0,-38,24,Labor_Day,0.0,0
Frozen_Foods,2023-07-29,17033.91,0.0,0.0,7.229338531200412,7.229338531200412,91.7,0.0,0,-37,25,Labor_Day,0.0,0
Frozen_Foods,2023-07-30,16085.0,0.037930112527199245,0.1311232890012996,7.7962704258626045,6.5635670686975445,89.2,0.51,0,-36,26,Labor_Day,0.4603450419645632,1
Frozen_Foods,2023-07-31,10973.869999999999,0.0,0.0,7.1884544923531974,7.1884544923531974,81.1,0.0,0,-35,27,Labor_Day,0.0,0
Frozen_Foods,2023-08-01,9922.74,0.012286122583076854,0.0,7.279736433686664,7.279736433686664,85.6,0.0,0,-34,28,Labor_Day,0.0,0
Frozen_Foods,2023-08-02,10567.210000000001,0.0,0.026456767195506964,7.310233581049302,7.086144762903358,73.1,0.0,0,-33,29,Labor_Day,0.13338620127734754,0
Frozen_Foods,2023-08-03,11047.0,0.01612584774146827,0.061506905094208114,6.651499737485289,6.372724441024712,68.6,0.0,0,-32,30,Labor_Day,0.3222929302072961,1
Frozen_Foods,2023-08-04,14532.19,0.013048879762788679,0.12142750254368849,7.4490321555113175,6.349431448391468,77.9,0.0,0,-31,31,Labor_Day,0.2997779412462953,1
Frozen_Foods,2023-08-05,16579.57,0.0,0.10338036215547403,7.1276381233047665,6.439978515727488,64.4,0.0,0,-30,32,Labor_Day,0.4360583537450006,1
Frozen_Foods,2023-08-06,15323.87,0.019449456958327106,0.053794998005091625,7.227120061707648,6.771476428604522,81.0,0.0,0,-29,33,Labor_Day,0.14841812153196288,0
Frozen_Foods,2023-08-07,10935.53,0.008136432344842912,0.0,7.206537552363718,7.206537552363718,85.5,0.4,0,-28,34,Labor_Day,0.0,0
Frozen_Foods,2023-08-08,10970.01,0.019483437116283392,0.0,7.376885982783972,7.376885982783972,84.4,0.0,0,-27,35,Labor_Day,0.0,0
Frozen_Foods,2023-08-09,10757.1,0.0,0.0,7.306472134683139,7.306472134683139,83.7,0.0,0,-26,36,Labor_Day,0.0,0
Frozen_Foods,2023-08-10,13014.91,0.007835336548620005,0.14480158378529925,7.682536321803224,6.157993532033643,83.0,0.0,0,-25,37,Labor_Day,0.36520114238208334,1
Frozen_Foods,2023-08-11,13225.32,0.0,0.03800826653746796,7.318975004007464,6.99704498643511,67.2,0.0,0,-24,38,Labor_Day,0.1443632365795308,0
Frozen_Foods,2023-08-12,18199.92,0.022436735985652684,0.10845979201293812,6.993040332045417,6.269008275860553,78.6,0.11000000000000001,0,-23,39,Labor_Day,0.3904143534696856,1
Frozen_Foods,2023-08-13,14600.45,0.0,0.0,7.120844152063807,7.120844152063807,73.4,0.19,0,-22,40,Labor_Day,0.0,0
Frozen_Foods,2023-08-14,9495.64,0.015341225025380071,0.018156678202953996,7.143271164450211,6.989484100071191,72.4,0.0,0,-21,41,Labor_Day,0.10533360573905498,0
Frozen_Foods,2023-08-15,9897.71,0.0,0.0,7.397408046911862,7.397408046911862,85.3,0.0,0,-20,42,Labor_Day,0.0,0
Frozen_Foods,2023-08-16,11604.52,0.0,0.07650993559788007,7.7360767442341425,6.841675597094925,86.8,0.45,0,-19,43,Labor_Day,0.24107847631784854,1
Frozen_Foods,2023-08-17,12000.43,0.0,0.06216722452310825,6.980522647938447,6.757342311900487,84.9,0.0,0,-18,44,Labor_Day,0.21459647695957562,1
Frozen_Foods,2023-08-18,11921.25,0.0,0.0,7.209835260564118,7.209835260564118,73.1,0.0,0,-17,45,Labor_Day,0.0,0
Frozen_Foods,2023-08-19,22430.0,0.0,0.2638710610313906,7.098693753901025,5.239698011591618,76.0,0.0,0,-16,46,Labor_Day,0.6176919304502898,1
Frozen_Foods,2023-08-20,14899.44,0.0,0.04951546635807131,7.066150231149627,6.804387534028124,82.1,0.0,0,-15,47,Labor_Day,0.2548874320108675,1
Frozen_Foods,2023-08-21,11329.69,0.025844269348940702,0.0663227251136578,7.117990421626717,6.647099073319747,76.5,0.0,0,-14,48,Labor_Day,0.21901923177068391,1
Frozen_Foods,2023-08-22,9861.23,0.0,0.0,7.280997826843102,7.280997826843102,73.6,0.0,0,-13,49,Labor_Day,0.0,0
Frozen_Foods,2023-08-23,10349.21,0.0,0.11337356448096468,7.582483938387567,6.553909747700549,77.8,0.69,0,-12,50,Labor_Day,0.2939267828172392,1
Frozen_Foods,2023-08-24,11084.33,0.0158148377033163,0.02750237192479681,7.123020660698479,6.927753820032422,78.2,0.0,0,-11,51,Labor_Day,0.17914389051931873,0
Frozen_Foods,2023-08-25,13060.64,0.0,0.059749605107597574,7.2709504511264385,6.794946947469651,79.8,0.0,0,-10,52,Labor_Day,0.21043379191218806,1
Frozen_Foods,2023-08-26,18856.65,0.0,0.10934228320244747,7.159662914674664,6.393838884425389,86.8,0.11000000000000001,0,-9,53,Labor_Day,0.4534018502756321,1
Frozen_Foods,2023-08-27,12726.49,0.0,0.022842659920735305,7.2046375709248975,7.043216668539401,58.9,0.0,0,-8,54,Labor_Day,0.21331333305569722,1
Frozen_Foods,2023-08-28,16391.53,0.0,0.12537093255615178,7.363660689392632,6.142609847890954,77.3,0.24,1,-7,55,Labor_Day,0.37083420522672383,1
Frozen_Foods,2023-08-29,14707.220000000001,0.0,0.10252965059333505,7.066386631871964,6.394135084672698,68.3,0.0,1,-6,56,Labor_Day,0.30733748458240234,1
Frozen_Foods,2023-08-30,17980.26,0.0,0.12578353065322648,7.411608041263031,6.386105217610869,79.1,0.25,1,-5,57,Labor_Day,0.5279623320241198,1
Frozen_Foods,2023-08-31,15551.53,0.0,0.09635064845709716,6.965209898961711,6.502726786367645,74.4,0.0,1,-4,58,Labor_Day,0.1927012969141943,0
Frozen_Foods,2023-09-01,16826.51,0.005534357986296624,0.021921826798179642,7.360915062006322,7.174360315953813,75.5,0.0,1,-3,59,Labor_Day,0.11587251307609243,0
Frozen_Foods,2023-09-02,22142.88,0.02858655784613383,0.1273084858325892,6.913862388271084,6.0166814524578545,85.1,0.0,1,-2,60,Labor_Day,0.3904993388393922,1
Frozen_Foods,2023-09-03,19010.37,0.04491572073557748,0.1440908160690316,7.03711506930165,5.966330744746157,72.1,0.0,1,-1,61,Labor_Day,0.3416787784772206,1
Frozen_Foods,2023-09-04,14321.01,0.01904975836201497,0.02118187556263006,7.290973450894873,7.104286694863,77.6,0.0,1,0,0,Labor_Day,0.19519433336056605,0
Frozen_Foods,2023-09-05,7692.26,0.009238104276246512,0.18599933725305398,8.230753757673298,6.15954907920429,84.4,0.66,1,-79,1,Thanksgiving,0.4851383078575087,1
Frozen_Foods,2023-09-06,7488.3,0.0274355861811092,0.12905613363587465,6.429214988715731,5.888623078669392,78.3,0.0,1,-78,2,Thanksgiving,0.4180575030380727,1
Frozen_Foods,2023-09-07,8522.61,0.021710954742737258,0.14922401090503778,7.4316502339072175,6.269232887577866,82.4,0.0,1,-77,3,Thanksgiving,0.5866137251381911,1
Frozen_Foods,2023-09-08,7296.030000000001,0.0,0.0,7.234994880777625,7.234994880777625,65.5,0.0,1,-76,4,Thanksgiving,0.0,0
Frozen_Foods,2023-09-09,9431.779999999999,0.0,0.07563940515523405,7.342197612751782,6.678164132327091,57.9,0.5,1,-75,5,Thanksgiving,0.30045548136194866,1
Frozen_Foods,2023-09-10,9325.83,0.0,0.07329874666675669,7.037188957980147,6.621873924358475,71.7,0.0,1,-74,6,Thanksgiving,0.281222153953053,1
Frozen_Foods,2023-09-11,6731.74,0.05572748056223204,0.06455017835304422,7.073751452076283,6.524429434291877,84.4,0.0,1,-73,7,Thanksgiving,0.1289488304658231,0
Frozen_Foods,2023-09-12,9494.36,0.0,0.05544676887853256,7.140259227583534,6.775402660105579,75.3,0.0,0,-72,8,Thanksgiving,0.3126150683142413,1
Frozen_Foods,2023-09-13,9669.16,0.0,0.06971049466777761,7.3942349904231595,6.8092666270906665,84.2,0.0,0,-71,9,Thanksgiving,0.23984089621021887,1
Frozen_Foods,2023-09-14,10352.74,0.0,0.14897110682109,7.947221537486696,6.260990984029349,67.4,0.0,0,-70,10,Thanksgiving,0.3575053560699873,1
Frozen_Foods,2023-09-15,12425.64,0.0,0.1324348756389711,7.724035486300906,6.428678216977153,60.9,0.0,0,-69,11,Thanksgiving,0.35778921649106205,1
Frozen_Foods,2023-09-16,16917.7,0.01750165093363755,0.19963470211671797,7.119741850251511,5.800101568180072,88.0,0.0,0,-68,12,Thanksgiving,0.39926940423343593,1
Frozen_Foods,2023-09-17,11607.57,0.021364293301698804,0.07106826122103146,7.110741481636551,6.606156826967228,74.2,0.0,0,-67,13,Thanksgiving,0.2304039519038007,1
Frozen_Foods,2023-09-18,8116.89,0.01732486210851693,0.0,7.222369786950421,7.222369786950421,74.7,0.0,0,-66,14,Thanksgiving,0.0,0
Frozen_Foods,2023-09-19,8420.1,0.0,0.06130702442584262,7.457831652830725,6.790333048301088,74.3,0.63,0,-65,15,Thanksgiving,0.30458545622973604,1
Frozen_Foods,2023-09-20,9842.94,0.0,0.08375313489985134,7.0502494681467125,6.604843400447427,77.5,0.0,0,-64,16,Thanksgiving,0.31859078689903625,1
Frozen_Foods,2023-09-21,8097.5599999999995,0.0,0.0,7.207852328355702,7.207852328355702,56.7,0.0,0,-63,17,Thanksgiving,0.0,0
Frozen_Foods,2023-09-22,9405.3,0.008654967943606267,0.0,7.248375554208798,7.248375554208798,70.1,0.0,0,-62,18,Thanksgiving,0.0,0
Frozen_Foods,2023-09-23,13797.150000000001,0.0,0.11733872787811915,7.705650014676944,6.631061088703102,65.5,0.0,0,-61,19,Thanksgiving,0.5692835114498284,1
Frozen_Foods,2023-09-24,11013.49,0.0603044511776013,0.10488971844419762,7.509658736694727,6.728399980387689,67.5,0.0,0,-60,20,Thanksgiving,0.37491385564430535,1
Frozen_Foods,2023-09-25,7343.82,0.006920259483484074,0.0,7.054866690632395,7.054866690632395,59.4,0.0,0,-59,21,Thanksgiving,0.0,0
Frozen_Foods,2023-09-26,7011.4800000000005,0.0,0.0,7.284303356780595,7.284303356780595,54.5,0.0,0,-58,22,Thanksgiving,0.0,0
Frozen_Foods,2023-09-27,9739.529999999999,0.0,0.1585902278333904,7.282331098112538,5.984216425227912,64.3,0.0,0,-57,23,Thanksgiving,0.37521523112511596,1
Frozen_Foods,2023-09-28,8657.960000000001,0.0,0.07349391263834555,7.174734683458922,6.634684821828699,64.2,0.0,0,-56,24,Thanksgiving,0.3010097066745515,1
Frozen_Foods,2023-09-29,8782.720000000001,0.0,0.0,7.125355892024339,7.125355892024339,59.7,0.0,0,-55,25,Thanksgiving,0.0,0
Frozen_Foods,2023-09-30,12787.279999999999,0.023261087580783404,0.14912919845250414,6.381998712783329,5.660129925988952,55.8,0.0,0,-54,26,Thanksgiving,0.4819289168611308,1
Frozen_Foods,2023-10-01,12663.86,0.0,0.19007259157177925,7.219905621192907,5.844294622650598,64.8,0.0,0,-53,27,Thanksgiving,0.48542703409544957,1
Frozen_Foods,2023-10-02,7475.610000000001,0.0075364017116997814,0.09247625333990368,7.352072125217875,6.565099209295295,62.7,0.0,0,-52,28,Thanksgiving,0.18473542627290615,0
Frozen_Foods,2023-10-03,6371.55,0.0,0.0,7.229076802347936,7.229076802347936,68.4,0.0,0,-51,29,Thanksgiving,0.0,0
Frozen_Foods,2023-10-04,7563.530000000001,0.0,0.07007690754332495,7.1808928502960905,6.697626610854984,63.8,0.0,0,-50,30,Thanksgiving,0.2963113784172205,1
Frozen_Foods,2023-10-05,6482.77,0.01362778411080449,0.0,7.1816286402263225,7.1816286402263225,61.7,0.0,0,-49,31,Thanksgiving,0.0,0
Frozen_Foods,2023-10-06,9713.79,0.0,0.1328796957325645,6.668020422512736,6.19098231483283,62.8,0.0,0,-48,32,Thanksgiving,0.2650211709332814,1
Frozen_Foods,2023-10-07,12137.08,0.011268893341726345,0.20174851177532405,6.942422707933046,5.6330858493146625,63.4,0.0,0,-47,33,Thanksgiving,0.4852732288161568,1
Frozen_Foods,2023-10-08,8979.01,0.0,0.03618627051572537,7.22369139804945,6.898698676134674,58.8,0.0,0,-46,34,Thanksgiving,0.20975363653676743,1
Frozen_Foods,2023-10-09,6044.92,0.0073214517313711334,0.0,7.1134178450666,7.1134178450666,67.3,0.0,0,-45,35,Thanksgiving,0.0,0
Frozen_Foods,2023-10-10,5687.4,0.018000673418433734,0.0,7.121884463902663,7.121884463902663,66.5,0.0,0,-44,36,Thanksgiving,0.0,0
Frozen_Foods,2023-10-11,6482.51,0.0,0.0,7.191078594556738,7.191078594556738,44.9,0.0,0,-43,37,Thanksgiving,0.0,0
Frozen_Foods,2023-10-12,6080.2,0.04518923390677939,0.0,7.165016282359132,7.165016282359132,55.7,0.0,0,-42,38,Thanksgiving,0.0,0
Frozen_Foods,2023-10-13,7774.23,0.0,0.021509308638926302,7.122518024293082,7.019273342826236,58.9,0.0,0,-41,39,Thanksgiving,0.13068947021119778,0
Frozen_Foods,2023-10-14,9015.27,0.0,0.024265995361203822,7.221613262830729,7.105136485096953,52.3,0.0,0,-40,40,Thanksgiving,0.12660519318888952,0
Frozen_Foods,2023-10-15,8937.46,0.08110159038474017,0.07147818709687725,6.805096604628161,6.336661221420852,45.3,0.0,0,-39,41,Thanksgiving,0.3651249907691895,1
Frozen_Foods,2023-10-16,5804.25,0.002629721324891244,0.0,7.1966810526769205,7.1966810526769205,57.1,0.0,0,-38,42,Thanksgiving,0.0,0
Frozen_Foods,2023-10-17,5220.62,0.0,0.0,7.151634192873644,7.151634192873644,61.8,0.0,0,-37,43,Thanksgiving,0.0,0
Frozen_Foods,2023-10-18,6165.13,0.0,0.09418041367875515,7.008017024782933,6.477781295771542,54.2,0.17,0,-36,44,Thanksgiving,0.1880268542593587,0
Frozen_Foods,2023-10-19,6077.91,0.0,0.02574535450479742,7.195104188775417,6.959276741511473,68.5,0.0,0,-35,45,Thanksgiving,0.1387220278023202,0
Frozen_Foods,2023-10-20,7182.91,0.0,0.0,7.29918371523519,7.29918371523519,53.2,0.0,0,-34,46,Thanksgiving,0.0,0
Frozen_Foods,2023-10-21,8667.15,0.012483470344923071,0.044234182528115056,7.269942922413942,6.891562647467738,49.1,0.0,0,-33,47,Thanksgiving,0.28503371927334825,1
Frozen_Foods,2023-10-22,7423.74,0.0,0.022746022503894812,7.28089314819754,7.199234927408557,55.8,0.0,0,-32,48,Thanksgiving,0.15121892738700438,0
Frozen_Foods,2023-10-23,5669.87,0.021164972036395897,0.013910435382470634,7.355474975616725,7.228055387513295,36.3,0.0,0,-31,49,Thanksgiving,0.12135198866993423,0
Frozen_Foods,2023-10-24,5867.04,0.0,0.10010959678707226,7.235845434835966,6.5717606663666865,56.7,0.0,0,-30,50,Thanksgiving,0.28403931113474595,1
Frozen_Foods,2023-10-25,6214.07,0.0,0.14747633548179762,8.07810031106827,6.354101949286057,60.0,0.0,0,-29,51,Thanksgiving,0.29470057466362626,1
Frozen_Foods,2023-10-26,6355.52,0.014376988822315093,0.04230129181055359,7.340327132948996,6.983038256507729,39.4,0.0,0,-28,52,Thanksgiving,0.19891212678112885,0
Frozen_Foods,2023-10-27,5755.08,0.023994444907803197,0.0,7.069726745762006,7.069726745762006,64.1,0.0,0,-27,53,Thanksgiving,0.0,0
Frozen_Foods,2023-10-28,7447.66,0.052723082149292534,0.05713400789965022,6.616489179151574,6.363558298848229,49.2,0.0,0,-26,54,Thanksgiving,0.3530921121533475,1
