data/category_day_data.csv
category,date,sales,oos_loss_share,avg_discount_pct,base_price,final_price,temperature,precipitation,holiday_flag,days_to_holiday,days_from_holiday,holiday_name,promo_intensity,promo_flag
Frozen_Foods,2023-10-29,8545.45,0.0,0.057416456837011985,7.590562615192879,6.919364234768208,49.2,0.0,0,-25,55,Thanksgiving,0.2090960686681216,1
Frozen_Foods,2023-10-30,5556.52,0.0,0.05770973268210945,7.412724439037384,6.884103287669261,53.2,0.0,0,-24,56,Thanksgiving,0.18228315564418016,0
Frozen_Foods,2023-10-31,4244.34,0.0,0.010917642855446783,7.294675355885721,7.233209026609554,64.9,0.86,0,-23,57,Thanksgiving,0.11820447937724121,0
Frozen_Foods,2023-11-01,5288.889999999999,0.0,0.0,7.208971447695075,7.208971447695075,46.1,0.0,0,-22,58,Thanksgiving,0.0,0
Frozen_Foods,2023-11-02,5789.03,0.027904560867710138,0.0978718210402191,6.670635063214389,6.132347923572689,52.2,0.0,0,-21,59,Thanksgiving,0.39393300777505047,1
Frozen_Foods,2023-11-03,7998.4400000000005,0.0,0.16315247834946128,6.553787138492006,5.911801901370768,40.7,0.0,0,-20,60,Thanksgiving,0.4826778721850761,1
Frozen_Foods,2023-11-04,8447.55,0.015496639854158896,0.12075120468997345,7.732074506809665,6.320492923983876,48.5,0.0,0,-19,61,Thanksgiving,0.24129599706423757,1
Frozen_Foods,2023-11-05,6420.24,0.0,0.0,7.056769170622905,7.056769170622905,51.4,0.0,0,-18,62,Thanksgiving,0.0,0
Frozen_Foods,2023-11-06,5353.55,0.023937159454941112,0.0801001640797776,7.554105182542425,6.812694903381867,44.7,0.0,0,-17,63,Thanksgiving,0.3158857206900094,1
Frozen_Foods,2023-11-07,5606.18,0.0,0.0815426759376134,6.783906064378952,6.470507850265242,51.5,0.0,0,-16,64,Thanksgiving,0.3569667759508257,1
Frozen_Foods,2023-11-08,4701.38,0.0,0.0052374717524929235,7.169838451688653,7.139775363829343,62.4,0.0,0,-15,65,Thanksgiving,0.08842084664502763,0
Frozen_Foods,2023-11-09,5168.7,0.011102724089229398,0.06697381949075869,7.083191924468434,6.639412985857178,54.9,0.0,0,-14,66,Thanksgiving,0.30077969315301717,1
Frozen_Foods,2023-11-10,5653.72,0.0,0.0,7.245078267052491,7.245078267052491,53.0,0.0,0,-13,67,Thanksgiving,0.0,0
Frozen_Foods,2023-11-11,7413.9800000000005,0.0,0.0657061997340464,7.163388180167737,6.696874162056008,53.0,0.0,0,-12,68,Thanksgiving,0.2010836284964351,1
Frozen_Foods,2023-11-12,6836.99,0.0,0.0,7.178823736761352,7.178823736761352,39.1,0.0,0,-11,69,Thanksgiving,0.0,0
Frozen_Foods,2023-11-13,5151.08,0.0,0.03452241090187534,7.2701440668752975,7.0719854282985315,41.8,0.0,0,-10,70,Thanksgiving,0.11656390504515557,0
Frozen_Foods,2023-11-14,4587.03,0.04157361953159234,0.0,7.354332868980583,7.354332868980583,34.4,0.0,0,-9,71,Thanksgiving,0.0,0
Frozen_Foods,2023-11-15,4570.63,0.0,0.0,7.213885066172495,7.213885066172495,34.2,0.0,0,-8,72,Thanksgiving,0.0,0
Frozen_Foods,2023-11-16,7563.83,0.0,0.0,7.25384709862596,7.25384709862596,39.6,0.0,1,-7,73,Thanksgiving,0.0,0
Frozen_Foods,2023-11-17,11050.04,0.0,0.1514878399901931,7.800514179134193,6.17020452414652,30.8,0.0,1,-6,74,Thanksgiving,0.43840474785611633,1
Frozen_Foods,2023-11-18,11886.470000000001,0.0,0.13348068295639834,7.178030971348097,6.322721657481154,34.1,0.0,1,-5,75,Thanksgiving,0.3994499628569289,1
Frozen_Foods,2023-11-19,11944.54,0.02545283451685875,0.2084783549755182,6.825278436842273,5.647228147756214,30.6,0.0,1,-4,76,Thanksgiving,0.41622699576542915,1
Frozen_Foods,2023-11-20,6230.48,0.04467876632297993,0.04799436801803637,7.137577088763626,6.709166693416879,40.9,0.0,1,-3,77,Thanksgiving,0.2456472053517546,1
Frozen_Foods,2023-11-21,9155.93,0.020992645203709512,0.25369075627184373,7.11277992514141,5.318645205893884,50.0,0.0,1,-2,78,Thanksgiving,0.8581738829370692,1
Frozen_Foods,2023-11-22,6199.639999999999,0.04303340516546122,0.0786252857235795,6.81630389829087,6.458094324831766,43.9,0.0,1,-1,79,Thanksgiving,0.28971037027956464,1
Frozen_Foods,2023-11-23,8670.24,0.013823699228625736,0.1491421451220551,6.9868583568620934,6.099377468213106,39.6,0.0,1,0,0,Thanksgiving,0.4809036428057355,1
Frozen_Foods,2023-11-24,5704.5199999999995,0.0,0.1843256944645854,7.5374622579989214,6.020313242832,31.5,0.0,1,-31,1,Christmas,0.5949983521838823,1
Frozen_Foods,2023-11-25,7555.96,0.0,0.2939883169994334,7.6437830798469015,5.213275917289133,36.0,0.0,1,-30,2,Christmas,0.6913879904075723,1
Frozen_Foods,2023-11-26,5865.719999999999,0.0487983453011736,0.23469361397562144,7.1164125290671905,5.427943185150331,32.5,0.0,1,-29,3,Christmas,0.5346777548195277,1
Frozen_Foods,2023-11-27,3195.31,0.0,0.0,7.093599087412489,7.093599087412489,34.3,0.0,1,-28,4,Christmas,0.0,0
Frozen_Foods,2023-11-28,3762.7400000000002,0.0,0.12061480752439599,7.481092740928151,6.395320032742098,27.7,0.0,1,-27,5,Christmas,0.2919096190541999,1
Frozen_Foods,2023-11-29,3289.19,0.01469998388661038,0.053468616133455334,7.041698290460569,6.785048933019984,46.3,0.0,1,-26,6,Christmas,0.19011063514117454,0
Frozen_Foods,2023-11-30,3757.08,0.08524838438361707,0.16580427481431728,7.305660619417206,6.111222358853152,52.0,0.0,1,-25,7,Christmas,0.5358602957616021,1
Frozen_Foods,2023-12-01,6017.62,0.0,0.07051192052034429,7.1555691951303,6.758587082600763,41.2,0.0,0,-24,8,Christmas,0.17801888454239384,0
Frozen_Foods,2023-12-02,8838.59,0.013158442692782447,0.20875064678595628,7.490315344415794,5.8110499638516995,36.4,0.0,0,-23,9,Christmas,0.5567437792679601,1
Frozen_Foods,2023-12-03,6829.08,0.0,0.0,7.45315392410105,7.45315392410105,27.1,0.3,0,-22,10,Christmas,0.0,0
Frozen_Foods,2023-12-04,4702.52,0.0,0.028576511232038526,6.991586319675408,6.88899664435239,43.9,0.0,0,-21,11,Christmas,0.20517935064603657,1
Frozen_Foods,2023-12-05,5373.32,0.0,0.09347111880863206,7.83013001272956,6.808013109213671,28.4,0.0,0,-20,12,Christmas,0.32150700125806764,1
Frozen_Foods,2023-12-06,4672.4400000000005,0.0,0.0,7.237493814794841,7.237493814794841,36.8,0.0,0,-19,13,Christmas,0.0,0
Frozen_Foods,2023-12-07,4987.41,0.0,0.0,7.250204494918205,7.250204494918205,31.8,0.0,0,-18,14,Christmas,0.0,0
Frozen_Foods,2023-12-08,5947.0599999999995,0.015462362915457386,0.0,7.269633953583787,7.269633953583787,38.2,0.0,0,-17,15,Christmas,0.0,0
Frozen_Foods,2023-12-09,9290.0,0.0,0.20765404895193243,6.744002615715823,5.682088320775026,33.5,0.0,0,-16,16,Christmas,0.5306264800861141,1
Frozen_Foods,2023-12-10,6464.75,0.010951119532851232,0.0,7.262493445222167,7.262493445222167,39.2,0.0,0,-15,17,Christmas,0.0,0
Frozen_Foods,2023-12-11,5520.5,0.0,0.07199625875372831,7.778272819490988,6.936636554659905,35.5,0.0,0,-14,18,Christmas,0.24395254053074902,1
Frozen_Foods,2023-12-12,5050.28,0.0,0.027810064054116596,7.150334298296332,6.965114072883086,37.1,0.0,0,-13,19,Christmas,0.23114956002439468,1
Frozen_Foods,2023-12-13,5571.03,0.017146954871899805,0.09071176804111873,7.178759206107308,6.540279445632136,41.2,0.0,0,-12,20,Christmas,0.27974180717030783,1
Frozen_Foods,2023-12-14,5180.98,0.0,0.0,7.097485572227649,7.097485572227649,30.1,0.0,0,-11,21,Christmas,0.0,0
Frozen_Foods,2023-12-15,6852.5,0.0,0.0454122561462285,7.402101087194454,7.017459277635899,32.2,0.0,0,-10,22,Christmas,0.15143378329076979,0
Frozen_Foods,2023-12-16,8269.22,0.0,0.06542741020617053,6.881011244107666,6.646126841467512,33.3,0.0,0,-9,23,Christmas,0.23255881449520027,1
Frozen_Foods,2023-12-17,7313.78,0.0354893201600267,0.03710485627162439,7.254133485010486,6.966835671841373,30.9,0.0,0,-8,24,Christmas,0.23898039044105784,1
Frozen_Foods,2023-12-18,8072.35,0.0,0.07831071262011342,7.016980928725835,6.525170092971687,56.4,0.0,1,-7,25,Christmas,0.41148612238071935,1
Frozen_Foods,2023-12-19,7391.51,0.01023424171786279,0.01710688537060956,7.279173619463411,7.180980097436112,40.0,0.0,1,-6,26,Christmas,0.10228491877843633,0
Frozen_Foods,2023-12-20,7936.84,0.0,0.10310343287505759,7.200414598253209,6.5421525443375455,48.5,0.0,1,-5,27,Christmas,0.25203733475791373,1
Frozen_Foods,2023-12-21,10364.91,0.012067516264010012,0.20704971917656093,7.418522051807493,5.884556961903191,42.1,0.0,1,-4,28,Christmas,0.7541879283081089,1
Frozen_Foods,2023-12-22,9789.43,0.023239369401487114,0.07709579479733573,7.641826316751842,6.935628836408247,39.4,0.0,1,-3,29,Christmas,0.19837007874820087,0
Frozen_Foods,2023-12-23,11690.5,0.10110958641632097,0.151998302915568,7.957170198024037,6.611517291818145,29.8,0.0,1,-2,30,Christmas,0.670747187887601,1
Frozen_Foods,2023-12-24,11534.17,0.06022531660275512,0.1966033419986467,7.977426862964565,6.293508167471088,26.3,0.0,1,-1,31,Christmas,0.6107686985712886,1
Frozen_Foods,2023-12-25,11955.28,0.019068562175038977,0.284144634464947,7.78172984656152,5.223417393820974,33.1,0.0,1,0,0,Christmas,0.6342268855267297,1
Frozen_Foods,2023-12-26,4375.63,0.0,0.12190849716252677,6.7179724062592125,6.233591985611214,36.0,0.0,1,999,1,Thanksgiving,0.3357802190770243,1
Frozen_Foods,2023-12-27,5120.860000000001,0.0,0.17590440929269296,7.304800853762844,5.936742539339097,34.6,0.0,1,999,2,Thanksgiving,0.72784454173713,1
Frozen_Foods,2023-12-28,4178.45,0.01521485957711592,0.05242654220606335,7.405451016525268,7.0107642307554245,34.8,0.0,1,999,3,Thanksgiving,0.2211106989433881,1
Frozen_Foods,2023-12-29,5611.58,0.0,0.08239925297331589,7.008696837610797,6.535725125543964,36.5,0.0,1,999,4,Thanksgiving,0.16479850594663178,0
Frozen_Foods,2023-12-30,7190.45,0.0,0.1484025691690915,6.705756273946695,6.076520203881539,20.0,0.0,1,999,5,Thanksgiving,0.3942576612034017,1
Frozen_Foods,2023-12-31,6314.89,0.021920616194423023,0.11002063052899637,7.114885405763205,6.251818463979579,40.3,0.0,1,999,6,Thanksgiving,0.46885693970916353,1
